Attaching to data-generator
data-generator  | Error during connection to db connection to server at "172.17.0.1", port 5432 failed: Connection refused
data-generator  | 	Is the server running on that host and accepting TCP/IP connections?
data-generator  | 
data-generator  | 
data-generator  | CREATE TABLE IF NOT EXISTS public."Values"
data-generator  | (
data-generator  |     "Date" timestamp with time zone NOT NULL,
data-generator  |     "Tag" character varying(30) COLLATE pg_catalog."default" NOT NULL,
data-generator  |     "Device" character varying(20) COLLATE pg_catalog."default" NOT NULL,
data-generator  |     "Value" double precision NOT NULL,
data-generator  |     CONSTRAINT "PK_Values" PRIMARY KEY ("Tag", "Device", "Date")
data-generator  | );
data-generator  | 
data-generator  | SELECT create_hypertable('"Values"', by_range('Date', INTERVAL '1 month')); 
data-generator  | SELECT add_dimension('"Values"', by_hash('Device', 4));
data-generator  | 
data-generator  | 	ADDING VALUES
data-generator  | 		DEVICE_0
data-generator  | 			TAG_0
data-generator  | 			TAG_1
data-generator  | 			TAG_2
data-generator  | 			TAG_3
data-generator  | 			TAG_4
data-generator  | 			TAG_5
data-generator  | 			TAG_6
data-generator  | 			TAG_7
data-generator  | 			TAG_8
data-generator  | 			TAG_9
data-generator  | 
data-generator  |             INSERT INTO "Values" ("Date", "Tag", "Device", "Value")
data-generator  |             SELECT
data-generator  |                 generate_series AS "Data",
data-generator  |                 'TAG_0' AS "Tag",
data-generator  |                 'DEVICE_0' AS "Device",
data-generator  |                 random()*1 AS "Valore" from generate_series('2023-01-01',NOW(), INTERVAL '1 hour');
data-generator  |         
data-generator  |             INSERT INTO "Values" ("Date", "Tag", "Device", "Value")
data-generator  |             SELECT
data-generator  |                 generate_series AS "Data",
data-generator  |                 'TAG_1' AS "Tag",
data-generator  |                 'DEVICE_0' AS "Device",
data-generator  |                 random()*1 AS "Valore" from generate_series('2023-01-01',NOW(), INTERVAL '1 hour');
data-generator  |         
data-generator  |             INSERT INTO "Values" ("Date", "Tag", "Device", "Value")
data-generator  |             SELECT
data-generator  |                 generate_series AS "Data",
data-generator  |                 'TAG_2' AS "Tag",
data-generator  |                 'DEVICE_0' AS "Device",
data-generator  |                 random()*1 AS "Valore" from generate_series('2023-01-01',NOW(), INTERVAL '1 hour');
data-generator  |         
data-generator  |             INSERT INTO "Values" ("Date", "Tag", "Device", "Value")
data-generator  |             SELECT
data-generator  |                 generate_series AS "Data",
data-generator  |                 'TAG_3' AS "Tag",
data-generator  |                 'DEVICE_0' AS "Device",
data-generator  |                 random()*1 AS "Valore" from generate_series('2023-01-01',NOW(), INTERVAL '1 hour');
data-generator  |         
data-generator  |             INSERT INTO "Values" ("Date", "Tag", "Device", "Value")
data-generator  |             SELECT
data-generator  |                 generate_series AS "Data",
data-generator  |                 'TAG_4' AS "Tag",
data-generator  |                 'DEVICE_0' AS "Device",
data-generator  |                 random()*1 AS "Valore" from generate_series('2023-01-01',NOW(), INTERVAL '1 hour');
data-generator  |         
data-generator  |             INSERT INTO "Values" ("Date", "Tag", "Device", "Value")
data-generator  |             SELECT
data-generator  |                 generate_series AS "Data",
data-generator  |                 'TAG_5' AS "Tag",
data-generator  |                 'DEVICE_0' AS "Device",
data-generator  |                 random()*1 AS "Valore" from generate_series('2023-01-01',NOW(), INTERVAL '1 hour');
data-generator  |         
data-generator  |             INSERT INTO "Values" ("Date", "Tag", "Device", "Value")
data-generator  |             SELECT
data-generator  |                 generate_series AS "Data",
data-generator  |                 'TAG_6' AS "Tag",
data-generator  |                 'DEVICE_0' AS "Device",
data-generator  |                 random()*1 AS "Valore" from generate_series('2023-01-01',NOW(), INTERVAL '1 hour');
data-generator  |         
data-generator  |             INSERT INTO "Values" ("Date", "Tag", "Device", "Value")
data-generator  |             SELECT
data-generator  |                 generate_series AS "Data",
data-generator  |                 'TAG_7' AS "Tag",
data-generator  |                 'DEVICE_0' AS "Device",
data-generator  |                 random()*1 AS "Valore" from generate_series('2023-01-01',NOW(), INTERVAL '1 hour');
data-generator  |         
data-generator  |             INSERT INTO "Values" ("Date", "Tag", "Device", "Value")
data-generator  |             SELECT
data-generator  |                 generate_series AS "Data",
data-generator  |                 'TAG_8' AS "Tag",
data-generator  |                 'DEVICE_0' AS "Device",
data-generator  |                 random()*1 AS "Valore" from generate_series('2023-01-01',NOW(), INTERVAL '1 hour');
data-generator  |         
data-generator  |             INSERT INTO "Values" ("Date", "Tag", "Device", "Value")
data-generator  |             SELECT
data-generator  |                 generate_series AS "Data",
data-generator  |                 'TAG_9' AS "Tag",
data-generator  |                 'DEVICE_0' AS "Device",
data-generator  |                 random()*1 AS "Valore" from generate_series('2023-01-01',NOW(), INTERVAL '1 hour');
data-generator  |         
data-generator  | 		DEVICE_1
data-generator  | 			TAG_0
data-generator  | 			TAG_1
data-generator  | 			TAG_2
data-generator  | 			TAG_3
data-generator  | 			TAG_4
data-generator  | 			TAG_5
data-generator  | 			TAG_6
data-generator  | 			TAG_7
data-generator  | 			TAG_8
data-generator  | 			TAG_9
data-generator  | 
data-generator  |             INSERT INTO "Values" ("Date", "Tag", "Device", "Value")
data-generator  |             SELECT
data-generator  |                 generate_series AS "Data",
data-generator  |                 'TAG_0' AS "Tag",
data-generator  |                 'DEVICE_1' AS "Device",
data-generator  |                 random()*1 AS "Valore" from generate_series('2023-01-01',NOW(), INTERVAL '1 hour');
data-generator  |         
data-generator  |             INSERT INTO "Values" ("Date", "Tag", "Device", "Value")
data-generator  |             SELECT
data-generator  |                 generate_series AS "Data",
data-generator  |                 'TAG_1' AS "Tag",
data-generator  |                 'DEVICE_1' AS "Device",
data-generator  |                 random()*1 AS "Valore" from generate_series('2023-01-01',NOW(), INTERVAL '1 hour');
data-generator  |         
data-generator  |             INSERT INTO "Values" ("Date", "Tag", "Device", "Value")
data-generator  |             SELECT
data-generator  |                 generate_series AS "Data",
data-generator  |                 'TAG_2' AS "Tag",
data-generator  |                 'DEVICE_1' AS "Device",
data-generator  |                 random()*1 AS "Valore" from generate_series('2023-01-01',NOW(), INTERVAL '1 hour');
data-generator  |         
data-generator  |             INSERT INTO "Values" ("Date", "Tag", "Device", "Value")
data-generator  |             SELECT
data-generator  |                 generate_series AS "Data",
data-generator  |                 'TAG_3' AS "Tag",
data-generator  |                 'DEVICE_1' AS "Device",
data-generator  |                 random()*1 AS "Valore" from generate_series('2023-01-01',NOW(), INTERVAL '1 hour');
data-generator  |         
data-generator  |             INSERT INTO "Values" ("Date", "Tag", "Device", "Value")
data-generator  |             SELECT
data-generator  |                 generate_series AS "Data",
data-generator  |                 'TAG_4' AS "Tag",
data-generator  |                 'DEVICE_1' AS "Device",
data-generator  |                 random()*1 AS "Valore" from generate_series('2023-01-01',NOW(), INTERVAL '1 hour');
data-generator  |         
data-generator  |             INSERT INTO "Values" ("Date", "Tag", "Device", "Value")
data-generator  |             SELECT
data-generator  |                 generate_series AS "Data",
data-generator  |                 'TAG_5' AS "Tag",
data-generator  |                 'DEVICE_1' AS "Device",
data-generator  |                 random()*1 AS "Valore" from generate_series('2023-01-01',NOW(), INTERVAL '1 hour');
data-generator  |         
data-generator  |             INSERT INTO "Values" ("Date", "Tag", "Device", "Value")
data-generator  |             SELECT
data-generator  |                 generate_series AS "Data",
data-generator  |                 'TAG_6' AS "Tag",
data-generator  |                 'DEVICE_1' AS "Device",
data-generator  |                 random()*1 AS "Valore" from generate_series('2023-01-01',NOW(), INTERVAL '1 hour');
data-generator  |         
data-generator  |             INSERT INTO "Values" ("Date", "Tag", "Device", "Value")
data-generator  |             SELECT
data-generator  |                 generate_series AS "Data",
data-generator  |                 'TAG_7' AS "Tag",
data-generator  |                 'DEVICE_1' AS "Device",
data-generator  |                 random()*1 AS "Valore" from generate_series('2023-01-01',NOW(), INTERVAL '1 hour');
data-generator  |         
data-generator  |             INSERT INTO "Values" ("Date", "Tag", "Device", "Value")
data-generator  |             SELECT
data-generator  |                 generate_series AS "Data",
data-generator  |                 'TAG_8' AS "Tag",
data-generator  |                 'DEVICE_1' AS "Device",
data-generator  |                 random()*1 AS "Valore" from generate_series('2023-01-01',NOW(), INTERVAL '1 hour');
data-generator  |         
data-generator  |             INSERT INTO "Values" ("Date", "Tag", "Device", "Value")
data-generator  |             SELECT
data-generator  |                 generate_series AS "Data",
data-generator  |                 'TAG_9' AS "Tag",
data-generator  |                 'DEVICE_1' AS "Device",
data-generator  |                 random()*1 AS "Valore" from generate_series('2023-01-01',NOW(), INTERVAL '1 hour');
data-generator  |         
data-generator  | 		DEVICE_2
data-generator  | 			TAG_0
data-generator  | 			TAG_1
data-generator  | 			TAG_2
data-generator  | 			TAG_3
data-generator  | 			TAG_4
data-generator  | 			TAG_5
data-generator  | 			TAG_6
data-generator  | 			TAG_7
data-generator  | 			TAG_8
data-generator  | 			TAG_9
data-generator  | 
data-generator  |             INSERT INTO "Values" ("Date", "Tag", "Device", "Value")
data-generator  |             SELECT
data-generator  |                 generate_series AS "Data",
data-generator  |                 'TAG_0' AS "Tag",
data-generator  |                 'DEVICE_2' AS "Device",
data-generator  |                 random()*1 AS "Valore" from generate_series('2023-01-01',NOW(), INTERVAL '1 hour');
data-generator  |         
data-generator  |             INSERT INTO "Values" ("Date", "Tag", "Device", "Value")
data-generator  |             SELECT
data-generator  |                 generate_series AS "Data",
data-generator  |                 'TAG_1' AS "Tag",
data-generator  |                 'DEVICE_2' AS "Device",
data-generator  |                 random()*1 AS "Valore" from generate_series('2023-01-01',NOW(), INTERVAL '1 hour');
data-generator  |         
data-generator  |             INSERT INTO "Values" ("Date", "Tag", "Device", "Value")
data-generator  |             SELECT
data-generator  |                 generate_series AS "Data",
data-generator  |                 'TAG_2' AS "Tag",
data-generator  |                 'DEVICE_2' AS "Device",
data-generator  |                 random()*1 AS "Valore" from generate_series('2023-01-01',NOW(), INTERVAL '1 hour');
data-generator  |         
data-generator  |             INSERT INTO "Values" ("Date", "Tag", "Device", "Value")
data-generator  |             SELECT
data-generator  |                 generate_series AS "Data",
data-generator  |                 'TAG_3' AS "Tag",
data-generator  |                 'DEVICE_2' AS "Device",
data-generator  |                 random()*1 AS "Valore" from generate_series('2023-01-01',NOW(), INTERVAL '1 hour');
data-generator  |         
data-generator  |             INSERT INTO "Values" ("Date", "Tag", "Device", "Value")
data-generator  |             SELECT
data-generator  |                 generate_series AS "Data",
data-generator  |                 'TAG_4' AS "Tag",
data-generator  |                 'DEVICE_2' AS "Device",
data-generator  |                 random()*1 AS "Valore" from generate_series('2023-01-01',NOW(), INTERVAL '1 hour');
data-generator  |         
data-generator  |             INSERT INTO "Values" ("Date", "Tag", "Device", "Value")
data-generator  |             SELECT
data-generator  |                 generate_series AS "Data",
data-generator  |                 'TAG_5' AS "Tag",
data-generator  |                 'DEVICE_2' AS "Device",
data-generator  |                 random()*1 AS "Valore" from generate_series('2023-01-01',NOW(), INTERVAL '1 hour');
data-generator  |         
data-generator  |             INSERT INTO "Values" ("Date", "Tag", "Device", "Value")
data-generator  |             SELECT
data-generator  |                 generate_series AS "Data",
data-generator  |                 'TAG_6' AS "Tag",
data-generator  |                 'DEVICE_2' AS "Device",
data-generator  |                 random()*1 AS "Valore" from generate_series('2023-01-01',NOW(), INTERVAL '1 hour');
data-generator  |         
data-generator  |             INSERT INTO "Values" ("Date", "Tag", "Device", "Value")
data-generator  |             SELECT
data-generator  |                 generate_series AS "Data",
data-generator  |                 'TAG_7' AS "Tag",
data-generator  |                 'DEVICE_2' AS "Device",
data-generator  |                 random()*1 AS "Valore" from generate_series('2023-01-01',NOW(), INTERVAL '1 hour');
data-generator  |         
data-generator  |             INSERT INTO "Values" ("Date", "Tag", "Device", "Value")
data-generator  |             SELECT
data-generator  |                 generate_series AS "Data",
data-generator  |                 'TAG_8' AS "Tag",
data-generator  |                 'DEVICE_2' AS "Device",
data-generator  |                 random()*1 AS "Valore" from generate_series('2023-01-01',NOW(), INTERVAL '1 hour');
data-generator  |         
data-generator  |             INSERT INTO "Values" ("Date", "Tag", "Device", "Value")
data-generator  |             SELECT
data-generator  |                 generate_series AS "Data",
data-generator  |                 'TAG_9' AS "Tag",
data-generator  |                 'DEVICE_2' AS "Device",
data-generator  |                 random()*1 AS "Valore" from generate_series('2023-01-01',NOW(), INTERVAL '1 hour');
data-generator  |         
data-generator  | 		DEVICE_3
data-generator  | 			TAG_0
data-generator  | 			TAG_1
data-generator  | 			TAG_2
data-generator  | 			TAG_3
data-generator  | 			TAG_4
data-generator  | 			TAG_5
data-generator  | 			TAG_6
data-generator  | 			TAG_7
data-generator  | 			TAG_8
data-generator  | 			TAG_9
data-generator  | 
data-generator  |             INSERT INTO "Values" ("Date", "Tag", "Device", "Value")
data-generator  |             SELECT
data-generator  |                 generate_series AS "Data",
data-generator  |                 'TAG_0' AS "Tag",
data-generator  |                 'DEVICE_3' AS "Device",
data-generator  |                 random()*1 AS "Valore" from generate_series('2023-01-01',NOW(), INTERVAL '1 hour');
data-generator  |         
data-generator  |             INSERT INTO "Values" ("Date", "Tag", "Device", "Value")
data-generator  |             SELECT
data-generator  |                 generate_series AS "Data",
data-generator  |                 'TAG_1' AS "Tag",
data-generator  |                 'DEVICE_3' AS "Device",
data-generator  |                 random()*1 AS "Valore" from generate_series('2023-01-01',NOW(), INTERVAL '1 hour');
data-generator  |         
data-generator  |             INSERT INTO "Values" ("Date", "Tag", "Device", "Value")
data-generator  |             SELECT
data-generator  |                 generate_series AS "Data",
data-generator  |                 'TAG_2' AS "Tag",
data-generator  |                 'DEVICE_3' AS "Device",
data-generator  |                 random()*1 AS "Valore" from generate_series('2023-01-01',NOW(), INTERVAL '1 hour');
data-generator  |         
data-generator  |             INSERT INTO "Values" ("Date", "Tag", "Device", "Value")
data-generator  |             SELECT
data-generator  |                 generate_series AS "Data",
data-generator  |                 'TAG_3' AS "Tag",
data-generator  |                 'DEVICE_3' AS "Device",
data-generator  |                 random()*1 AS "Valore" from generate_series('2023-01-01',NOW(), INTERVAL '1 hour');
data-generator  |         
data-generator  |             INSERT INTO "Values" ("Date", "Tag", "Device", "Value")
data-generator  |             SELECT
data-generator  |                 generate_series AS "Data",
data-generator  |                 'TAG_4' AS "Tag",
data-generator  |                 'DEVICE_3' AS "Device",
data-generator  |                 random()*1 AS "Valore" from generate_series('2023-01-01',NOW(), INTERVAL '1 hour');
data-generator  |         
data-generator  |             INSERT INTO "Values" ("Date", "Tag", "Device", "Value")
data-generator  |             SELECT
data-generator  |                 generate_series AS "Data",
data-generator  |                 'TAG_5' AS "Tag",
data-generator  |                 'DEVICE_3' AS "Device",
data-generator  |                 random()*1 AS "Valore" from generate_series('2023-01-01',NOW(), INTERVAL '1 hour');
data-generator  |         
data-generator  |             INSERT INTO "Values" ("Date", "Tag", "Device", "Value")
data-generator  |             SELECT
data-generator  |                 generate_series AS "Data",
data-generator  |                 'TAG_6' AS "Tag",
data-generator  |                 'DEVICE_3' AS "Device",
data-generator  |                 random()*1 AS "Valore" from generate_series('2023-01-01',NOW(), INTERVAL '1 hour');
data-generator  |         
data-generator  |             INSERT INTO "Values" ("Date", "Tag", "Device", "Value")
data-generator  |             SELECT
data-generator  |                 generate_series AS "Data",
data-generator  |                 'TAG_7' AS "Tag",
data-generator  |                 'DEVICE_3' AS "Device",
data-generator  |                 random()*1 AS "Valore" from generate_series('2023-01-01',NOW(), INTERVAL '1 hour');
data-generator  |         
data-generator  |             INSERT INTO "Values" ("Date", "Tag", "Device", "Value")
data-generator  |             SELECT
data-generator  |                 generate_series AS "Data",
data-generator  |                 'TAG_8' AS "Tag",
data-generator  |                 'DEVICE_3' AS "Device",
data-generator  |                 random()*1 AS "Valore" from generate_series('2023-01-01',NOW(), INTERVAL '1 hour');
data-generator  |         
data-generator  |             INSERT INTO "Values" ("Date", "Tag", "Device", "Value")
data-generator  |             SELECT
data-generator  |                 generate_series AS "Data",
data-generator  |                 'TAG_9' AS "Tag",
data-generator  |                 'DEVICE_3' AS "Device",
data-generator  |                 random()*1 AS "Valore" from generate_series('2023-01-01',NOW(), INTERVAL '1 hour');
data-generator  |         
data-generator  | 		DEVICE_4
data-generator  | 			TAG_0
data-generator  | 			TAG_1
data-generator  | 			TAG_2
data-generator  | 			TAG_3
data-generator  | 			TAG_4
data-generator  | 			TAG_5
data-generator  | 			TAG_6
data-generator  | 			TAG_7
data-generator  | 			TAG_8
data-generator  | 			TAG_9
data-generator  | 
data-generator  |             INSERT INTO "Values" ("Date", "Tag", "Device", "Value")
data-generator  |             SELECT
data-generator  |                 generate_series AS "Data",
data-generator  |                 'TAG_0' AS "Tag",
data-generator  |                 'DEVICE_4' AS "Device",
data-generator  |                 random()*1 AS "Valore" from generate_series('2023-01-01',NOW(), INTERVAL '1 hour');
data-generator  |         
data-generator  |             INSERT INTO "Values" ("Date", "Tag", "Device", "Value")
data-generator  |             SELECT
data-generator  |                 generate_series AS "Data",
data-generator  |                 'TAG_1' AS "Tag",
data-generator  |                 'DEVICE_4' AS "Device",
data-generator  |                 random()*1 AS "Valore" from generate_series('2023-01-01',NOW(), INTERVAL '1 hour');
data-generator  |         
data-generator  |             INSERT INTO "Values" ("Date", "Tag", "Device", "Value")
data-generator  |             SELECT
data-generator  |                 generate_series AS "Data",
data-generator  |                 'TAG_2' AS "Tag",
data-generator  |                 'DEVICE_4' AS "Device",
data-generator  |                 random()*1 AS "Valore" from generate_series('2023-01-01',NOW(), INTERVAL '1 hour');
data-generator  |         
data-generator  |             INSERT INTO "Values" ("Date", "Tag", "Device", "Value")
data-generator  |             SELECT
data-generator  |                 generate_series AS "Data",
data-generator  |                 'TAG_3' AS "Tag",
data-generator  |                 'DEVICE_4' AS "Device",
data-generator  |                 random()*1 AS "Valore" from generate_series('2023-01-01',NOW(), INTERVAL '1 hour');
data-generator  |         
data-generator  |             INSERT INTO "Values" ("Date", "Tag", "Device", "Value")
data-generator  |             SELECT
data-generator  |                 generate_series AS "Data",
data-generator  |                 'TAG_4' AS "Tag",
data-generator  |                 'DEVICE_4' AS "Device",
data-generator  |                 random()*1 AS "Valore" from generate_series('2023-01-01',NOW(), INTERVAL '1 hour');
data-generator  |         
data-generator  |             INSERT INTO "Values" ("Date", "Tag", "Device", "Value")
data-generator  |             SELECT
data-generator  |                 generate_series AS "Data",
data-generator  |                 'TAG_5' AS "Tag",
data-generator  |                 'DEVICE_4' AS "Device",
data-generator  |                 random()*1 AS "Valore" from generate_series('2023-01-01',NOW(), INTERVAL '1 hour');
data-generator  |         
data-generator  |             INSERT INTO "Values" ("Date", "Tag", "Device", "Value")
data-generator  |             SELECT
data-generator  |                 generate_series AS "Data",
data-generator  |                 'TAG_6' AS "Tag",
data-generator  |                 'DEVICE_4' AS "Device",
data-generator  |                 random()*1 AS "Valore" from generate_series('2023-01-01',NOW(), INTERVAL '1 hour');
data-generator  |         
data-generator  |             INSERT INTO "Values" ("Date", "Tag", "Device", "Value")
data-generator  |             SELECT
data-generator  |                 generate_series AS "Data",
data-generator  |                 'TAG_7' AS "Tag",
data-generator  |                 'DEVICE_4' AS "Device",
data-generator  |                 random()*1 AS "Valore" from generate_series('2023-01-01',NOW(), INTERVAL '1 hour');
data-generator  |         
data-generator  |             INSERT INTO "Values" ("Date", "Tag", "Device", "Value")
data-generator  |             SELECT
data-generator  |                 generate_series AS "Data",
data-generator  |                 'TAG_8' AS "Tag",
data-generator  |                 'DEVICE_4' AS "Device",
data-generator  |                 random()*1 AS "Valore" from generate_series('2023-01-01',NOW(), INTERVAL '1 hour');
data-generator  |         
data-generator  |             INSERT INTO "Values" ("Date", "Tag", "Device", "Value")
data-generator  |             SELECT
data-generator  |                 generate_series AS "Data",
data-generator  |                 'TAG_9' AS "Tag",
data-generator  |                 'DEVICE_4' AS "Device",
data-generator  |                 random()*1 AS "Valore" from generate_series('2023-01-01',NOW(), INTERVAL '1 hour');
data-generator  |         
data-generator  | 		DEVICE_5
data-generator  | 			TAG_0
data-generator  | 			TAG_1
data-generator  | 			TAG_2
data-generator  | 			TAG_3
data-generator  | 			TAG_4
data-generator  | 			TAG_5
data-generator  | 			TAG_6
data-generator  | 			TAG_7
data-generator  | 			TAG_8
data-generator  | 			TAG_9
data-generator  | 
data-generator  |             INSERT INTO "Values" ("Date", "Tag", "Device", "Value")
data-generator  |             SELECT
data-generator  |                 generate_series AS "Data",
data-generator  |                 'TAG_0' AS "Tag",
data-generator  |                 'DEVICE_5' AS "Device",
data-generator  |                 random()*1 AS "Valore" from generate_series('2023-01-01',NOW(), INTERVAL '1 hour');
data-generator  |         
data-generator  |             INSERT INTO "Values" ("Date", "Tag", "Device", "Value")
data-generator  |             SELECT
data-generator  |                 generate_series AS "Data",
data-generator  |                 'TAG_1' AS "Tag",
data-generator  |                 'DEVICE_5' AS "Device",
data-generator  |                 random()*1 AS "Valore" from generate_series('2023-01-01',NOW(), INTERVAL '1 hour');
data-generator  |         
data-generator  |             INSERT INTO "Values" ("Date", "Tag", "Device", "Value")
data-generator  |             SELECT
data-generator  |                 generate_series AS "Data",
data-generator  |                 'TAG_2' AS "Tag",
data-generator  |                 'DEVICE_5' AS "Device",
data-generator  |                 random()*1 AS "Valore" from generate_series('2023-01-01',NOW(), INTERVAL '1 hour');
data-generator  |         
data-generator  |             INSERT INTO "Values" ("Date", "Tag", "Device", "Value")
data-generator  |             SELECT
data-generator  |                 generate_series AS "Data",
data-generator  |                 'TAG_3' AS "Tag",
data-generator  |                 'DEVICE_5' AS "Device",
data-generator  |                 random()*1 AS "Valore" from generate_series('2023-01-01',NOW(), INTERVAL '1 hour');
data-generator  |         
data-generator  |             INSERT INTO "Values" ("Date", "Tag", "Device", "Value")
data-generator  |             SELECT
data-generator  |                 generate_series AS "Data",
data-generator  |                 'TAG_4' AS "Tag",
data-generator  |                 'DEVICE_5' AS "Device",
data-generator  |                 random()*1 AS "Valore" from generate_series('2023-01-01',NOW(), INTERVAL '1 hour');
data-generator  |         
data-generator  |             INSERT INTO "Values" ("Date", "Tag", "Device", "Value")
data-generator  |             SELECT
data-generator  |                 generate_series AS "Data",
data-generator  |                 'TAG_5' AS "Tag",
data-generator  |                 'DEVICE_5' AS "Device",
data-generator  |                 random()*1 AS "Valore" from generate_series('2023-01-01',NOW(), INTERVAL '1 hour');
data-generator  |         
data-generator  |             INSERT INTO "Values" ("Date", "Tag", "Device", "Value")
data-generator  |             SELECT
data-generator  |                 generate_series AS "Data",
data-generator  |                 'TAG_6' AS "Tag",
data-generator  |                 'DEVICE_5' AS "Device",
data-generator  |                 random()*1 AS "Valore" from generate_series('2023-01-01',NOW(), INTERVAL '1 hour');
data-generator  |         
data-generator  |             INSERT INTO "Values" ("Date", "Tag", "Device", "Value")
data-generator  |             SELECT
data-generator  |                 generate_series AS "Data",
data-generator  |                 'TAG_7' AS "Tag",
data-generator  |                 'DEVICE_5' AS "Device",
data-generator  |                 random()*1 AS "Valore" from generate_series('2023-01-01',NOW(), INTERVAL '1 hour');
data-generator  |         
data-generator  |             INSERT INTO "Values" ("Date", "Tag", "Device", "Value")
data-generator  |             SELECT
data-generator  |                 generate_series AS "Data",
data-generator  |                 'TAG_8' AS "Tag",
data-generator  |                 'DEVICE_5' AS "Device",
data-generator  |                 random()*1 AS "Valore" from generate_series('2023-01-01',NOW(), INTERVAL '1 hour');
data-generator  |         
data-generator  |             INSERT INTO "Values" ("Date", "Tag", "Device", "Value")
data-generator  |             SELECT
data-generator  |                 generate_series AS "Data",
data-generator  |                 'TAG_9' AS "Tag",
data-generator  |                 'DEVICE_5' AS "Device",
data-generator  |                 random()*1 AS "Valore" from generate_series('2023-01-01',NOW(), INTERVAL '1 hour');
data-generator  |         
data-generator  | 		DEVICE_6
data-generator  | 			TAG_0
data-generator  | 			TAG_1
data-generator  | 			TAG_2
data-generator  | 			TAG_3
data-generator  | 			TAG_4
data-generator  | 			TAG_5
data-generator  | 			TAG_6
data-generator  | 			TAG_7
data-generator  | 			TAG_8
data-generator  | 			TAG_9
data-generator  | 
data-generator  |             INSERT INTO "Values" ("Date", "Tag", "Device", "Value")
data-generator  |             SELECT
data-generator  |                 generate_series AS "Data",
data-generator  |                 'TAG_0' AS "Tag",
data-generator  |                 'DEVICE_6' AS "Device",
data-generator  |                 random()*1 AS "Valore" from generate_series('2023-01-01',NOW(), INTERVAL '1 hour');
data-generator  |         
data-generator  |             INSERT INTO "Values" ("Date", "Tag", "Device", "Value")
data-generator  |             SELECT
data-generator  |                 generate_series AS "Data",
data-generator  |                 'TAG_1' AS "Tag",
data-generator  |                 'DEVICE_6' AS "Device",
data-generator  |                 random()*1 AS "Valore" from generate_series('2023-01-01',NOW(), INTERVAL '1 hour');
data-generator  |         
data-generator  |             INSERT INTO "Values" ("Date", "Tag", "Device", "Value")
data-generator  |             SELECT
data-generator  |                 generate_series AS "Data",
data-generator  |                 'TAG_2' AS "Tag",
data-generator  |                 'DEVICE_6' AS "Device",
data-generator  |                 random()*1 AS "Valore" from generate_series('2023-01-01',NOW(), INTERVAL '1 hour');
data-generator  |         
data-generator  |             INSERT INTO "Values" ("Date", "Tag", "Device", "Value")
data-generator  |             SELECT
data-generator  |                 generate_series AS "Data",
data-generator  |                 'TAG_3' AS "Tag",
data-generator  |                 'DEVICE_6' AS "Device",
data-generator  |                 random()*1 AS "Valore" from generate_series('2023-01-01',NOW(), INTERVAL '1 hour');
data-generator  |         
data-generator  |             INSERT INTO "Values" ("Date", "Tag", "Device", "Value")
data-generator  |             SELECT
data-generator  |                 generate_series AS "Data",
data-generator  |                 'TAG_4' AS "Tag",
data-generator  |                 'DEVICE_6' AS "Device",
data-generator  |                 random()*1 AS "Valore" from generate_series('2023-01-01',NOW(), INTERVAL '1 hour');
data-generator  |         
data-generator  |             INSERT INTO "Values" ("Date", "Tag", "Device", "Value")
data-generator  |             SELECT
data-generator  |                 generate_series AS "Data",
data-generator  |                 'TAG_5' AS "Tag",
data-generator  |                 'DEVICE_6' AS "Device",
data-generator  |                 random()*1 AS "Valore" from generate_series('2023-01-01',NOW(), INTERVAL '1 hour');
data-generator  |         
data-generator  |             INSERT INTO "Values" ("Date", "Tag", "Device", "Value")
data-generator  |             SELECT
data-generator  |                 generate_series AS "Data",
data-generator  |                 'TAG_6' AS "Tag",
data-generator  |                 'DEVICE_6' AS "Device",
data-generator  |                 random()*1 AS "Valore" from generate_series('2023-01-01',NOW(), INTERVAL '1 hour');
data-generator  |         
data-generator  |             INSERT INTO "Values" ("Date", "Tag", "Device", "Value")
data-generator  |             SELECT
data-generator  |                 generate_series AS "Data",
data-generator  |                 'TAG_7' AS "Tag",
data-generator  |                 'DEVICE_6' AS "Device",
data-generator  |                 random()*1 AS "Valore" from generate_series('2023-01-01',NOW(), INTERVAL '1 hour');
data-generator  |         
data-generator  |             INSERT INTO "Values" ("Date", "Tag", "Device", "Value")
data-generator  |             SELECT
data-generator  |                 generate_series AS "Data",
data-generator  |                 'TAG_8' AS "Tag",
data-generator  |                 'DEVICE_6' AS "Device",
data-generator  |                 random()*1 AS "Valore" from generate_series('2023-01-01',NOW(), INTERVAL '1 hour');
data-generator  |         
data-generator  |             INSERT INTO "Values" ("Date", "Tag", "Device", "Value")
data-generator  |             SELECT
data-generator  |                 generate_series AS "Data",
data-generator  |                 'TAG_9' AS "Tag",
data-generator  |                 'DEVICE_6' AS "Device",
data-generator  |                 random()*1 AS "Valore" from generate_series('2023-01-01',NOW(), INTERVAL '1 hour');
data-generator  |         
data-generator  | 		DEVICE_7
data-generator  | 			TAG_0
data-generator  | 			TAG_1
data-generator  | 			TAG_2
data-generator  | 			TAG_3
data-generator  | 			TAG_4
data-generator  | 			TAG_5
data-generator  | 			TAG_6
data-generator  | 			TAG_7
data-generator  | 			TAG_8
data-generator  | 			TAG_9
data-generator  | 
data-generator  |             INSERT INTO "Values" ("Date", "Tag", "Device", "Value")
data-generator  |             SELECT
data-generator  |                 generate_series AS "Data",
data-generator  |                 'TAG_0' AS "Tag",
data-generator  |                 'DEVICE_7' AS "Device",
data-generator  |                 random()*1 AS "Valore" from generate_series('2023-01-01',NOW(), INTERVAL '1 hour');
data-generator  |         
data-generator  |             INSERT INTO "Values" ("Date", "Tag", "Device", "Value")
data-generator  |             SELECT
data-generator  |                 generate_series AS "Data",
data-generator  |                 'TAG_1' AS "Tag",
data-generator  |                 'DEVICE_7' AS "Device",
data-generator  |                 random()*1 AS "Valore" from generate_series('2023-01-01',NOW(), INTERVAL '1 hour');
data-generator  |         
data-generator  |             INSERT INTO "Values" ("Date", "Tag", "Device", "Value")
data-generator  |             SELECT
data-generator  |                 generate_series AS "Data",
data-generator  |                 'TAG_2' AS "Tag",
data-generator  |                 'DEVICE_7' AS "Device",
data-generator  |                 random()*1 AS "Valore" from generate_series('2023-01-01',NOW(), INTERVAL '1 hour');
data-generator  |         
data-generator  |             INSERT INTO "Values" ("Date", "Tag", "Device", "Value")
data-generator  |             SELECT
data-generator  |                 generate_series AS "Data",
data-generator  |                 'TAG_3' AS "Tag",
data-generator  |                 'DEVICE_7' AS "Device",
data-generator  |                 random()*1 AS "Valore" from generate_series('2023-01-01',NOW(), INTERVAL '1 hour');
data-generator  |         
data-generator  |             INSERT INTO "Values" ("Date", "Tag", "Device", "Value")
data-generator  |             SELECT
data-generator  |                 generate_series AS "Data",
data-generator  |                 'TAG_4' AS "Tag",
data-generator  |                 'DEVICE_7' AS "Device",
data-generator  |                 random()*1 AS "Valore" from generate_series('2023-01-01',NOW(), INTERVAL '1 hour');
data-generator  |         
data-generator  |             INSERT INTO "Values" ("Date", "Tag", "Device", "Value")
data-generator  |             SELECT
data-generator  |                 generate_series AS "Data",
data-generator  |                 'TAG_5' AS "Tag",
data-generator  |                 'DEVICE_7' AS "Device",
data-generator  |                 random()*1 AS "Valore" from generate_series('2023-01-01',NOW(), INTERVAL '1 hour');
data-generator  |         
data-generator  |             INSERT INTO "Values" ("Date", "Tag", "Device", "Value")
data-generator  |             SELECT
data-generator  |                 generate_series AS "Data",
data-generator  |                 'TAG_6' AS "Tag",
data-generator  |                 'DEVICE_7' AS "Device",
data-generator  |                 random()*1 AS "Valore" from generate_series('2023-01-01',NOW(), INTERVAL '1 hour');
data-generator  |         
data-generator  |             INSERT INTO "Values" ("Date", "Tag", "Device", "Value")
data-generator  |             SELECT
data-generator  |                 generate_series AS "Data",
data-generator  |                 'TAG_7' AS "Tag",
data-generator  |                 'DEVICE_7' AS "Device",
data-generator  |                 random()*1 AS "Valore" from generate_series('2023-01-01',NOW(), INTERVAL '1 hour');
data-generator  |         
data-generator  |             INSERT INTO "Values" ("Date", "Tag", "Device", "Value")
data-generator  |             SELECT
data-generator  |                 generate_series AS "Data",
data-generator  |                 'TAG_8' AS "Tag",
data-generator  |                 'DEVICE_7' AS "Device",
data-generator  |                 random()*1 AS "Valore" from generate_series('2023-01-01',NOW(), INTERVAL '1 hour');
data-generator  |         
data-generator  |             INSERT INTO "Values" ("Date", "Tag", "Device", "Value")
data-generator  |             SELECT
data-generator  |                 generate_series AS "Data",
data-generator  |                 'TAG_9' AS "Tag",
data-generator  |                 'DEVICE_7' AS "Device",
data-generator  |                 random()*1 AS "Valore" from generate_series('2023-01-01',NOW(), INTERVAL '1 hour');
data-generator  |         
data-generator  | 		DEVICE_8
data-generator  | 			TAG_0
data-generator  | 			TAG_1
data-generator  | 			TAG_2
data-generator  | 			TAG_3
data-generator  | 			TAG_4
data-generator  | 			TAG_5
data-generator  | 			TAG_6
data-generator  | 			TAG_7
data-generator  | 			TAG_8
data-generator  | 			TAG_9
data-generator  | 
data-generator  |             INSERT INTO "Values" ("Date", "Tag", "Device", "Value")
data-generator  |             SELECT
data-generator  |                 generate_series AS "Data",
data-generator  |                 'TAG_0' AS "Tag",
data-generator  |                 'DEVICE_8' AS "Device",
data-generator  |                 random()*1 AS "Valore" from generate_series('2023-01-01',NOW(), INTERVAL '1 hour');
data-generator  |         
data-generator  |             INSERT INTO "Values" ("Date", "Tag", "Device", "Value")
data-generator  |             SELECT
data-generator  |                 generate_series AS "Data",
data-generator  |                 'TAG_1' AS "Tag",
data-generator  |                 'DEVICE_8' AS "Device",
data-generator  |                 random()*1 AS "Valore" from generate_series('2023-01-01',NOW(), INTERVAL '1 hour');
data-generator  |         
data-generator  |             INSERT INTO "Values" ("Date", "Tag", "Device", "Value")
data-generator  |             SELECT
data-generator  |                 generate_series AS "Data",
data-generator  |                 'TAG_2' AS "Tag",
data-generator  |                 'DEVICE_8' AS "Device",
data-generator  |                 random()*1 AS "Valore" from generate_series('2023-01-01',NOW(), INTERVAL '1 hour');
data-generator  |         
data-generator  |             INSERT INTO "Values" ("Date", "Tag", "Device", "Value")
data-generator  |             SELECT
data-generator  |                 generate_series AS "Data",
data-generator  |                 'TAG_3' AS "Tag",
data-generator  |                 'DEVICE_8' AS "Device",
data-generator  |                 random()*1 AS "Valore" from generate_series('2023-01-01',NOW(), INTERVAL '1 hour');
data-generator  |         
data-generator  |             INSERT INTO "Values" ("Date", "Tag", "Device", "Value")
data-generator  |             SELECT
data-generator  |                 generate_series AS "Data",
data-generator  |                 'TAG_4' AS "Tag",
data-generator  |                 'DEVICE_8' AS "Device",
data-generator  |                 random()*1 AS "Valore" from generate_series('2023-01-01',NOW(), INTERVAL '1 hour');
data-generator  |         
data-generator  |             INSERT INTO "Values" ("Date", "Tag", "Device", "Value")
data-generator  |             SELECT
data-generator  |                 generate_series AS "Data",
data-generator  |                 'TAG_5' AS "Tag",
data-generator  |                 'DEVICE_8' AS "Device",
data-generator  |                 random()*1 AS "Valore" from generate_series('2023-01-01',NOW(), INTERVAL '1 hour');
data-generator  |         
data-generator  |             INSERT INTO "Values" ("Date", "Tag", "Device", "Value")
data-generator  |             SELECT
data-generator  |                 generate_series AS "Data",
data-generator  |                 'TAG_6' AS "Tag",
data-generator  |                 'DEVICE_8' AS "Device",
data-generator  |                 random()*1 AS "Valore" from generate_series('2023-01-01',NOW(), INTERVAL '1 hour');
data-generator  |         
data-generator  |             INSERT INTO "Values" ("Date", "Tag", "Device", "Value")
data-generator  |             SELECT
data-generator  |                 generate_series AS "Data",
data-generator  |                 'TAG_7' AS "Tag",
data-generator  |                 'DEVICE_8' AS "Device",
data-generator  |                 random()*1 AS "Valore" from generate_series('2023-01-01',NOW(), INTERVAL '1 hour');
data-generator  |         
data-generator  |             INSERT INTO "Values" ("Date", "Tag", "Device", "Value")
data-generator  |             SELECT
data-generator  |                 generate_series AS "Data",
data-generator  |                 'TAG_8' AS "Tag",
data-generator  |                 'DEVICE_8' AS "Device",
data-generator  |                 random()*1 AS "Valore" from generate_series('2023-01-01',NOW(), INTERVAL '1 hour');
data-generator  |         
data-generator  |             INSERT INTO "Values" ("Date", "Tag", "Device", "Value")
data-generator  |             SELECT
data-generator  |                 generate_series AS "Data",
data-generator  |                 'TAG_9' AS "Tag",
data-generator  |                 'DEVICE_8' AS "Device",
data-generator  |                 random()*1 AS "Valore" from generate_series('2023-01-01',NOW(), INTERVAL '1 hour');
data-generator  |         
data-generator  | 		DEVICE_9
data-generator  | 			TAG_0
data-generator  | 			TAG_1
data-generator  | 			TAG_2
data-generator  | 			TAG_3
data-generator  | 			TAG_4
data-generator  | 			TAG_5
data-generator  | 			TAG_6
data-generator  | 			TAG_7
data-generator  | 			TAG_8
data-generator  | 			TAG_9
data-generator  | 
data-generator  |             INSERT INTO "Values" ("Date", "Tag", "Device", "Value")
data-generator  |             SELECT
data-generator  |                 generate_series AS "Data",
data-generator  |                 'TAG_0' AS "Tag",
data-generator  |                 'DEVICE_9' AS "Device",
data-generator  |                 random()*1 AS "Valore" from generate_series('2023-01-01',NOW(), INTERVAL '1 hour');
data-generator  |         
data-generator  |             INSERT INTO "Values" ("Date", "Tag", "Device", "Value")
data-generator  |             SELECT
data-generator  |                 generate_series AS "Data",
data-generator  |                 'TAG_1' AS "Tag",
data-generator  |                 'DEVICE_9' AS "Device",
data-generator  |                 random()*1 AS "Valore" from generate_series('2023-01-01',NOW(), INTERVAL '1 hour');
data-generator  |         
data-generator  |             INSERT INTO "Values" ("Date", "Tag", "Device", "Value")
data-generator  |             SELECT
data-generator  |                 generate_series AS "Data",
data-generator  |                 'TAG_2' AS "Tag",
data-generator  |                 'DEVICE_9' AS "Device",
data-generator  |                 random()*1 AS "Valore" from generate_series('2023-01-01',NOW(), INTERVAL '1 hour');
data-generator  |         
data-generator  |             INSERT INTO "Values" ("Date", "Tag", "Device", "Value")
data-generator  |             SELECT
data-generator  |                 generate_series AS "Data",
data-generator  |                 'TAG_3' AS "Tag",
data-generator  |                 'DEVICE_9' AS "Device",
data-generator  |                 random()*1 AS "Valore" from generate_series('2023-01-01',NOW(), INTERVAL '1 hour');
data-generator  |         
data-generator  |             INSERT INTO "Values" ("Date", "Tag", "Device", "Value")
data-generator  |             SELECT
data-generator  |                 generate_series AS "Data",
data-generator  |                 'TAG_4' AS "Tag",
data-generator  |                 'DEVICE_9' AS "Device",
data-generator  |                 random()*1 AS "Valore" from generate_series('2023-01-01',NOW(), INTERVAL '1 hour');
data-generator  |         
data-generator  |             INSERT INTO "Values" ("Date", "Tag", "Device", "Value")
data-generator  |             SELECT
data-generator  |                 generate_series AS "Data",
data-generator  |                 'TAG_5' AS "Tag",
data-generator  |                 'DEVICE_9' AS "Device",
data-generator  |                 random()*1 AS "Valore" from generate_series('2023-01-01',NOW(), INTERVAL '1 hour');
data-generator  |         
data-generator  |             INSERT INTO "Values" ("Date", "Tag", "Device", "Value")
data-generator  |             SELECT
data-generator  |                 generate_series AS "Data",
data-generator  |                 'TAG_6' AS "Tag",
data-generator  |                 'DEVICE_9' AS "Device",
data-generator  |                 random()*1 AS "Valore" from generate_series('2023-01-01',NOW(), INTERVAL '1 hour');
data-generator  |         
data-generator  |             INSERT INTO "Values" ("Date", "Tag", "Device", "Value")
data-generator  |             SELECT
data-generator  |                 generate_series AS "Data",
data-generator  |                 'TAG_7' AS "Tag",
data-generator  |                 'DEVICE_9' AS "Device",
data-generator  |                 random()*1 AS "Valore" from generate_series('2023-01-01',NOW(), INTERVAL '1 hour');
data-generator  |         
data-generator  |             INSERT INTO "Values" ("Date", "Tag", "Device", "Value")
data-generator  |             SELECT
data-generator  |                 generate_series AS "Data",
data-generator  |                 'TAG_8' AS "Tag",
data-generator  |                 'DEVICE_9' AS "Device",
data-generator  |                 random()*1 AS "Valore" from generate_series('2023-01-01',NOW(), INTERVAL '1 hour');
data-generator  |         
data-generator  |             INSERT INTO "Values" ("Date", "Tag", "Device", "Value")
data-generator  |             SELECT
data-generator  |                 generate_series AS "Data",
data-generator  |                 'TAG_9' AS "Tag",
data-generator  |                 'DEVICE_9' AS "Device",
data-generator  |                 random()*1 AS "Valore" from generate_series('2023-01-01',NOW(), INTERVAL '1 hour');
data-generator  |         
data-generator  | 		DEVICE_10
data-generator  | 			TAG_0
data-generator  | 			TAG_1
data-generator  | 			TAG_2
data-generator  | 			TAG_3
data-generator  | 			TAG_4
data-generator  | 			TAG_5
data-generator  | 			TAG_6
data-generator  | 			TAG_7
data-generator  | 			TAG_8
data-generator  | 			TAG_9
data-generator  | 
data-generator  |             INSERT INTO "Values" ("Date", "Tag", "Device", "Value")
data-generator  |             SELECT
data-generator  |                 generate_series AS "Data",
data-generator  |                 'TAG_0' AS "Tag",
data-generator  |                 'DEVICE_10' AS "Device",
data-generator  |                 random()*1 AS "Valore" from generate_series('2023-01-01',NOW(), INTERVAL '1 hour');
data-generator  |         
data-generator  |             INSERT INTO "Values" ("Date", "Tag", "Device", "Value")
data-generator  |             SELECT
data-generator  |                 generate_series AS "Data",
data-generator  |                 'TAG_1' AS "Tag",
data-generator  |                 'DEVICE_10' AS "Device",
data-generator  |                 random()*1 AS "Valore" from generate_series('2023-01-01',NOW(), INTERVAL '1 hour');
data-generator  |         
data-generator  |             INSERT INTO "Values" ("Date", "Tag", "Device", "Value")
data-generator  |             SELECT
data-generator  |                 generate_series AS "Data",
data-generator  |                 'TAG_2' AS "Tag",
data-generator  |                 'DEVICE_10' AS "Device",
data-generator  |                 random()*1 AS "Valore" from generate_series('2023-01-01',NOW(), INTERVAL '1 hour');
data-generator  |         
data-generator  |             INSERT INTO "Values" ("Date", "Tag", "Device", "Value")
data-generator  |             SELECT
data-generator  |                 generate_series AS "Data",
data-generator  |                 'TAG_3' AS "Tag",
data-generator  |                 'DEVICE_10' AS "Device",
data-generator  |                 random()*1 AS "Valore" from generate_series('2023-01-01',NOW(), INTERVAL '1 hour');
data-generator  |         
data-generator  |             INSERT INTO "Values" ("Date", "Tag", "Device", "Value")
data-generator  |             SELECT
data-generator  |                 generate_series AS "Data",
data-generator  |                 'TAG_4' AS "Tag",
data-generator  |                 'DEVICE_10' AS "Device",
data-generator  |                 random()*1 AS "Valore" from generate_series('2023-01-01',NOW(), INTERVAL '1 hour');
data-generator  |         
data-generator  |             INSERT INTO "Values" ("Date", "Tag", "Device", "Value")
data-generator  |             SELECT
data-generator  |                 generate_series AS "Data",
data-generator  |                 'TAG_5' AS "Tag",
data-generator  |                 'DEVICE_10' AS "Device",
data-generator  |                 random()*1 AS "Valore" from generate_series('2023-01-01',NOW(), INTERVAL '1 hour');
data-generator  |         
data-generator  |             INSERT INTO "Values" ("Date", "Tag", "Device", "Value")
data-generator  |             SELECT
data-generator  |                 generate_series AS "Data",
data-generator  |                 'TAG_6' AS "Tag",
data-generator  |                 'DEVICE_10' AS "Device",
data-generator  |                 random()*1 AS "Valore" from generate_series('2023-01-01',NOW(), INTERVAL '1 hour');
data-generator  |         
data-generator  |             INSERT INTO "Values" ("Date", "Tag", "Device", "Value")
data-generator  |             SELECT
data-generator  |                 generate_series AS "Data",
data-generator  |                 'TAG_7' AS "Tag",
data-generator  |                 'DEVICE_10' AS "Device",
data-generator  |                 random()*1 AS "Valore" from generate_series('2023-01-01',NOW(), INTERVAL '1 hour');
data-generator  |         
data-generator  |             INSERT INTO "Values" ("Date", "Tag", "Device", "Value")
data-generator  |             SELECT
data-generator  |                 generate_series AS "Data",
data-generator  |                 'TAG_8' AS "Tag",
data-generator  |                 'DEVICE_10' AS "Device",
data-generator  |                 random()*1 AS "Valore" from generate_series('2023-01-01',NOW(), INTERVAL '1 hour');
data-generator  |         
data-generator  |             INSERT INTO "Values" ("Date", "Tag", "Device", "Value")
data-generator  |             SELECT
data-generator  |                 generate_series AS "Data",
data-generator  |                 'TAG_9' AS "Tag",
data-generator  |                 'DEVICE_10' AS "Device",
data-generator  |                 random()*1 AS "Valore" from generate_series('2023-01-01',NOW(), INTERVAL '1 hour');
data-generator  |         
data-generator  | 		DEVICE_11
data-generator  | 			TAG_0
data-generator  | 			TAG_1
data-generator  | 			TAG_2
data-generator  | 			TAG_3
data-generator  | 			TAG_4
data-generator  | 			TAG_5
data-generator  | 			TAG_6
data-generator  | 			TAG_7
data-generator  | 			TAG_8
data-generator  | 			TAG_9
data-generator  | 
data-generator  |             INSERT INTO "Values" ("Date", "Tag", "Device", "Value")
data-generator  |             SELECT
data-generator  |                 generate_series AS "Data",
data-generator  |                 'TAG_0' AS "Tag",
data-generator  |                 'DEVICE_11' AS "Device",
data-generator  |                 random()*1 AS "Valore" from generate_series('2023-01-01',NOW(), INTERVAL '1 hour');
data-generator  |         
data-generator  |             INSERT INTO "Values" ("Date", "Tag", "Device", "Value")
data-generator  |             SELECT
data-generator  |                 generate_series AS "Data",
data-generator  |                 'TAG_1' AS "Tag",
data-generator  |                 'DEVICE_11' AS "Device",
data-generator  |                 random()*1 AS "Valore" from generate_series('2023-01-01',NOW(), INTERVAL '1 hour');
data-generator  |         
data-generator  |             INSERT INTO "Values" ("Date", "Tag", "Device", "Value")
data-generator  |             SELECT
data-generator  |                 generate_series AS "Data",
data-generator  |                 'TAG_2' AS "Tag",
data-generator  |                 'DEVICE_11' AS "Device",
data-generator  |                 random()*1 AS "Valore" from generate_series('2023-01-01',NOW(), INTERVAL '1 hour');
data-generator  |         
data-generator  |             INSERT INTO "Values" ("Date", "Tag", "Device", "Value")
data-generator  |             SELECT
data-generator  |                 generate_series AS "Data",
data-generator  |                 'TAG_3' AS "Tag",
data-generator  |                 'DEVICE_11' AS "Device",
data-generator  |                 random()*1 AS "Valore" from generate_series('2023-01-01',NOW(), INTERVAL '1 hour');
data-generator  |         
data-generator  |             INSERT INTO "Values" ("Date", "Tag", "Device", "Value")
data-generator  |             SELECT
data-generator  |                 generate_series AS "Data",
data-generator  |                 'TAG_4' AS "Tag",
data-generator  |                 'DEVICE_11' AS "Device",
data-generator  |                 random()*1 AS "Valore" from generate_series('2023-01-01',NOW(), INTERVAL '1 hour');
data-generator  |         
data-generator  |             INSERT INTO "Values" ("Date", "Tag", "Device", "Value")
data-generator  |             SELECT
data-generator  |                 generate_series AS "Data",
data-generator  |                 'TAG_5' AS "Tag",
data-generator  |                 'DEVICE_11' AS "Device",
data-generator  |                 random()*1 AS "Valore" from generate_series('2023-01-01',NOW(), INTERVAL '1 hour');
data-generator  |         
data-generator  |             INSERT INTO "Values" ("Date", "Tag", "Device", "Value")
data-generator  |             SELECT
data-generator  |                 generate_series AS "Data",
data-generator  |                 'TAG_6' AS "Tag",
data-generator  |                 'DEVICE_11' AS "Device",
data-generator  |                 random()*1 AS "Valore" from generate_series('2023-01-01',NOW(), INTERVAL '1 hour');
data-generator  |         
data-generator  |             INSERT INTO "Values" ("Date", "Tag", "Device", "Value")
data-generator  |             SELECT
data-generator  |                 generate_series AS "Data",
data-generator  |                 'TAG_7' AS "Tag",
data-generator  |                 'DEVICE_11' AS "Device",
data-generator  |                 random()*1 AS "Valore" from generate_series('2023-01-01',NOW(), INTERVAL '1 hour');
data-generator  |         
data-generator  |             INSERT INTO "Values" ("Date", "Tag", "Device", "Value")
data-generator  |             SELECT
data-generator  |                 generate_series AS "Data",
data-generator  |                 'TAG_8' AS "Tag",
data-generator  |                 'DEVICE_11' AS "Device",
data-generator  |                 random()*1 AS "Valore" from generate_series('2023-01-01',NOW(), INTERVAL '1 hour');
data-generator  |         
data-generator  |             INSERT INTO "Values" ("Date", "Tag", "Device", "Value")
data-generator  |             SELECT
data-generator  |                 generate_series AS "Data",
data-generator  |                 'TAG_9' AS "Tag",
data-generator  |                 'DEVICE_11' AS "Device",
data-generator  |                 random()*1 AS "Valore" from generate_series('2023-01-01',NOW(), INTERVAL '1 hour');
data-generator  |         
data-generator  | 		DEVICE_12
data-generator  | 			TAG_0
data-generator  | 			TAG_1
data-generator  | 			TAG_2
data-generator  | 			TAG_3
data-generator  | 			TAG_4
data-generator  | 			TAG_5
data-generator  | 			TAG_6
data-generator  | 			TAG_7
data-generator  | 			TAG_8
data-generator  | 			TAG_9
data-generator  | 
data-generator  |             INSERT INTO "Values" ("Date", "Tag", "Device", "Value")
data-generator  |             SELECT
data-generator  |                 generate_series AS "Data",
data-generator  |                 'TAG_0' AS "Tag",
data-generator  |                 'DEVICE_12' AS "Device",
data-generator  |                 random()*1 AS "Valore" from generate_series('2023-01-01',NOW(), INTERVAL '1 hour');
data-generator  |         
data-generator  |             INSERT INTO "Values" ("Date", "Tag", "Device", "Value")
data-generator  |             SELECT
data-generator  |                 generate_series AS "Data",
data-generator  |                 'TAG_1' AS "Tag",
data-generator  |                 'DEVICE_12' AS "Device",
data-generator  |                 random()*1 AS "Valore" from generate_series('2023-01-01',NOW(), INTERVAL '1 hour');
data-generator  |         
data-generator  |             INSERT INTO "Values" ("Date", "Tag", "Device", "Value")
data-generator  |             SELECT
data-generator  |                 generate_series AS "Data",
data-generator  |                 'TAG_2' AS "Tag",
data-generator  |                 'DEVICE_12' AS "Device",
data-generator  |                 random()*1 AS "Valore" from generate_series('2023-01-01',NOW(), INTERVAL '1 hour');
data-generator  |         
data-generator  |             INSERT INTO "Values" ("Date", "Tag", "Device", "Value")
data-generator  |             SELECT
data-generator  |                 generate_series AS "Data",
data-generator  |                 'TAG_3' AS "Tag",
data-generator  |                 'DEVICE_12' AS "Device",
data-generator  |                 random()*1 AS "Valore" from generate_series('2023-01-01',NOW(), INTERVAL '1 hour');
data-generator  |         
data-generator  |             INSERT INTO "Values" ("Date", "Tag", "Device", "Value")
data-generator  |             SELECT
data-generator  |                 generate_series AS "Data",
data-generator  |                 'TAG_4' AS "Tag",
data-generator  |                 'DEVICE_12' AS "Device",
data-generator  |                 random()*1 AS "Valore" from generate_series('2023-01-01',NOW(), INTERVAL '1 hour');
data-generator  |         
data-generator  |             INSERT INTO "Values" ("Date", "Tag", "Device", "Value")
data-generator  |             SELECT
data-generator  |                 generate_series AS "Data",
data-generator  |                 'TAG_5' AS "Tag",
data-generator  |                 'DEVICE_12' AS "Device",
data-generator  |                 random()*1 AS "Valore" from generate_series('2023-01-01',NOW(), INTERVAL '1 hour');
data-generator  |         
data-generator  |             INSERT INTO "Values" ("Date", "Tag", "Device", "Value")
data-generator  |             SELECT
data-generator  |                 generate_series AS "Data",
data-generator  |                 'TAG_6' AS "Tag",
data-generator  |                 'DEVICE_12' AS "Device",
data-generator  |                 random()*1 AS "Valore" from generate_series('2023-01-01',NOW(), INTERVAL '1 hour');
data-generator  |         
data-generator  |             INSERT INTO "Values" ("Date", "Tag", "Device", "Value")
data-generator  |             SELECT
data-generator  |                 generate_series AS "Data",
data-generator  |                 'TAG_7' AS "Tag",
data-generator  |                 'DEVICE_12' AS "Device",
data-generator  |                 random()*1 AS "Valore" from generate_series('2023-01-01',NOW(), INTERVAL '1 hour');
data-generator  |         
data-generator  |             INSERT INTO "Values" ("Date", "Tag", "Device", "Value")
data-generator  |             SELECT
data-generator  |                 generate_series AS "Data",
data-generator  |                 'TAG_8' AS "Tag",
data-generator  |                 'DEVICE_12' AS "Device",
data-generator  |                 random()*1 AS "Valore" from generate_series('2023-01-01',NOW(), INTERVAL '1 hour');
data-generator  |         
data-generator  |             INSERT INTO "Values" ("Date", "Tag", "Device", "Value")
data-generator  |             SELECT
data-generator  |                 generate_series AS "Data",
data-generator  |                 'TAG_9' AS "Tag",
data-generator  |                 'DEVICE_12' AS "Device",
data-generator  |                 random()*1 AS "Valore" from generate_series('2023-01-01',NOW(), INTERVAL '1 hour');
data-generator  |         
data-generator  | 		DEVICE_13
data-generator  | 			TAG_0
data-generator  | 			TAG_1
data-generator  | 			TAG_2
data-generator  | 			TAG_3
data-generator  | 			TAG_4
data-generator  | 			TAG_5
data-generator  | 			TAG_6
data-generator  | 			TAG_7
data-generator  | 			TAG_8
data-generator  | 			TAG_9
data-generator  | 
data-generator  |             INSERT INTO "Values" ("Date", "Tag", "Device", "Value")
data-generator  |             SELECT
data-generator  |                 generate_series AS "Data",
data-generator  |                 'TAG_0' AS "Tag",
data-generator  |                 'DEVICE_13' AS "Device",
data-generator  |                 random()*1 AS "Valore" from generate_series('2023-01-01',NOW(), INTERVAL '1 hour');
data-generator  |         
data-generator  |             INSERT INTO "Values" ("Date", "Tag", "Device", "Value")
data-generator  |             SELECT
data-generator  |                 generate_series AS "Data",
data-generator  |                 'TAG_1' AS "Tag",
data-generator  |                 'DEVICE_13' AS "Device",
data-generator  |                 random()*1 AS "Valore" from generate_series('2023-01-01',NOW(), INTERVAL '1 hour');
data-generator  |         
data-generator  |             INSERT INTO "Values" ("Date", "Tag", "Device", "Value")
data-generator  |             SELECT
data-generator  |                 generate_series AS "Data",
data-generator  |                 'TAG_2' AS "Tag",
data-generator  |                 'DEVICE_13' AS "Device",
data-generator  |                 random()*1 AS "Valore" from generate_series('2023-01-01',NOW(), INTERVAL '1 hour');
data-generator  |         
data-generator  |             INSERT INTO "Values" ("Date", "Tag", "Device", "Value")
data-generator  |             SELECT
data-generator  |                 generate_series AS "Data",
data-generator  |                 'TAG_3' AS "Tag",
data-generator  |                 'DEVICE_13' AS "Device",
data-generator  |                 random()*1 AS "Valore" from generate_series('2023-01-01',NOW(), INTERVAL '1 hour');
data-generator  |         
data-generator  |             INSERT INTO "Values" ("Date", "Tag", "Device", "Value")
data-generator  |             SELECT
data-generator  |                 generate_series AS "Data",
data-generator  |                 'TAG_4' AS "Tag",
data-generator  |                 'DEVICE_13' AS "Device",
data-generator  |                 random()*1 AS "Valore" from generate_series('2023-01-01',NOW(), INTERVAL '1 hour');
data-generator  |         
data-generator  |             INSERT INTO "Values" ("Date", "Tag", "Device", "Value")
data-generator  |             SELECT
data-generator  |                 generate_series AS "Data",
data-generator  |                 'TAG_5' AS "Tag",
data-generator  |                 'DEVICE_13' AS "Device",
data-generator  |                 random()*1 AS "Valore" from generate_series('2023-01-01',NOW(), INTERVAL '1 hour');
data-generator  |         
data-generator  |             INSERT INTO "Values" ("Date", "Tag", "Device", "Value")
data-generator  |             SELECT
data-generator  |                 generate_series AS "Data",
data-generator  |                 'TAG_6' AS "Tag",
data-generator  |                 'DEVICE_13' AS "Device",
data-generator  |                 random()*1 AS "Valore" from generate_series('2023-01-01',NOW(), INTERVAL '1 hour');
data-generator  |         
data-generator  |             INSERT INTO "Values" ("Date", "Tag", "Device", "Value")
data-generator  |             SELECT
data-generator  |                 generate_series AS "Data",
data-generator  |                 'TAG_7' AS "Tag",
data-generator  |                 'DEVICE_13' AS "Device",
data-generator  |                 random()*1 AS "Valore" from generate_series('2023-01-01',NOW(), INTERVAL '1 hour');
data-generator  |         
data-generator  |             INSERT INTO "Values" ("Date", "Tag", "Device", "Value")
data-generator  |             SELECT
data-generator  |                 generate_series AS "Data",
data-generator  |                 'TAG_8' AS "Tag",
data-generator  |                 'DEVICE_13' AS "Device",
data-generator  |                 random()*1 AS "Valore" from generate_series('2023-01-01',NOW(), INTERVAL '1 hour');
data-generator  |         
data-generator  |             INSERT INTO "Values" ("Date", "Tag", "Device", "Value")
data-generator  |             SELECT
data-generator  |                 generate_series AS "Data",
data-generator  |                 'TAG_9' AS "Tag",
data-generator  |                 'DEVICE_13' AS "Device",
data-generator  |                 random()*1 AS "Valore" from generate_series('2023-01-01',NOW(), INTERVAL '1 hour');
data-generator  |         
data-generator  | 		DEVICE_14
data-generator  | 			TAG_0
data-generator  | 			TAG_1
data-generator  | 			TAG_2
data-generator  | 			TAG_3
data-generator  | 			TAG_4
data-generator  | 			TAG_5
data-generator  | 			TAG_6
data-generator  | 			TAG_7
data-generator  | 			TAG_8
data-generator  | 			TAG_9
data-generator  | 
data-generator  |             INSERT INTO "Values" ("Date", "Tag", "Device", "Value")
data-generator  |             SELECT
data-generator  |                 generate_series AS "Data",
data-generator  |                 'TAG_0' AS "Tag",
data-generator  |                 'DEVICE_14' AS "Device",
data-generator  |                 random()*1 AS "Valore" from generate_series('2023-01-01',NOW(), INTERVAL '1 hour');
data-generator  |         
data-generator  |             INSERT INTO "Values" ("Date", "Tag", "Device", "Value")
data-generator  |             SELECT
data-generator  |                 generate_series AS "Data",
data-generator  |                 'TAG_1' AS "Tag",
data-generator  |                 'DEVICE_14' AS "Device",
data-generator  |                 random()*1 AS "Valore" from generate_series('2023-01-01',NOW(), INTERVAL '1 hour');
data-generator  |         
data-generator  |             INSERT INTO "Values" ("Date", "Tag", "Device", "Value")
data-generator  |             SELECT
data-generator  |                 generate_series AS "Data",
data-generator  |                 'TAG_2' AS "Tag",
data-generator  |                 'DEVICE_14' AS "Device",
data-generator  |                 random()*1 AS "Valore" from generate_series('2023-01-01',NOW(), INTERVAL '1 hour');
data-generator  |         
data-generator  |             INSERT INTO "Values" ("Date", "Tag", "Device", "Value")
data-generator  |             SELECT
data-generator  |                 generate_series AS "Data",
data-generator  |                 'TAG_3' AS "Tag",
data-generator  |                 'DEVICE_14' AS "Device",
data-generator  |                 random()*1 AS "Valore" from generate_series('2023-01-01',NOW(), INTERVAL '1 hour');
data-generator  |         
data-generator  |             INSERT INTO "Values" ("Date", "Tag", "Device", "Value")
data-generator  |             SELECT
data-generator  |                 generate_series AS "Data",
data-generator  |                 'TAG_4' AS "Tag",
data-generator  |                 'DEVICE_14' AS "Device",
data-generator  |                 random()*1 AS "Valore" from generate_series('2023-01-01',NOW(), INTERVAL '1 hour');
data-generator  |         
data-generator  |             INSERT INTO "Values" ("Date", "Tag", "Device", "Value")
data-generator  |             SELECT
data-generator  |                 generate_series AS "Data",
data-generator  |                 'TAG_5' AS "Tag",
data-generator  |                 'DEVICE_14' AS "Device",
data-generator  |                 random()*1 AS "Valore" from generate_series('2023-01-01',NOW(), INTERVAL '1 hour');
data-generator  |         
data-generator  |             INSERT INTO "Values" ("Date", "Tag", "Device", "Value")
data-generator  |             SELECT
data-generator  |                 generate_series AS "Data",
data-generator  |                 'TAG_6' AS "Tag",
data-generator  |                 'DEVICE_14' AS "Device",
data-generator  |                 random()*1 AS "Valore" from generate_series('2023-01-01',NOW(), INTERVAL '1 hour');
data-generator  |         
data-generator  |             INSERT INTO "Values" ("Date", "Tag", "Device", "Value")
data-generator  |             SELECT
data-generator  |                 generate_series AS "Data",
data-generator  |                 'TAG_7' AS "Tag",
data-generator  |                 'DEVICE_14' AS "Device",
data-generator  |                 random()*1 AS "Valore" from generate_series('2023-01-01',NOW(), INTERVAL '1 hour');
data-generator  |         
data-generator  |             INSERT INTO "Values" ("Date", "Tag", "Device", "Value")
data-generator  |             SELECT
data-generator  |                 generate_series AS "Data",
data-generator  |                 'TAG_8' AS "Tag",
data-generator  |                 'DEVICE_14' AS "Device",
data-generator  |                 random()*1 AS "Valore" from generate_series('2023-01-01',NOW(), INTERVAL '1 hour');
data-generator  |         
data-generator  |             INSERT INTO "Values" ("Date", "Tag", "Device", "Value")
data-generator  |             SELECT
data-generator  |                 generate_series AS "Data",
data-generator  |                 'TAG_9' AS "Tag",
data-generator  |                 'DEVICE_14' AS "Device",
data-generator  |                 random()*1 AS "Valore" from generate_series('2023-01-01',NOW(), INTERVAL '1 hour');
data-generator  |         
data-generator  | 		DEVICE_15
data-generator  | 			TAG_0
data-generator  | 			TAG_1
data-generator  | 			TAG_2
data-generator  | 			TAG_3
data-generator  | 			TAG_4
data-generator  | 			TAG_5
data-generator  | 			TAG_6
data-generator  | 			TAG_7
data-generator  | 			TAG_8
data-generator  | 			TAG_9
data-generator  | 
data-generator  |             INSERT INTO "Values" ("Date", "Tag", "Device", "Value")
data-generator  |             SELECT
data-generator  |                 generate_series AS "Data",
data-generator  |                 'TAG_0' AS "Tag",
data-generator  |                 'DEVICE_15' AS "Device",
data-generator  |                 random()*1 AS "Valore" from generate_series('2023-01-01',NOW(), INTERVAL '1 hour');
data-generator  |         
data-generator  |             INSERT INTO "Values" ("Date", "Tag", "Device", "Value")
data-generator  |             SELECT
data-generator  |                 generate_series AS "Data",
data-generator  |                 'TAG_1' AS "Tag",
data-generator  |                 'DEVICE_15' AS "Device",
data-generator  |                 random()*1 AS "Valore" from generate_series('2023-01-01',NOW(), INTERVAL '1 hour');
data-generator  |         
data-generator  |             INSERT INTO "Values" ("Date", "Tag", "Device", "Value")
data-generator  |             SELECT
data-generator  |                 generate_series AS "Data",
data-generator  |                 'TAG_2' AS "Tag",
data-generator  |                 'DEVICE_15' AS "Device",
data-generator  |                 random()*1 AS "Valore" from generate_series('2023-01-01',NOW(), INTERVAL '1 hour');
data-generator  |         
data-generator  |             INSERT INTO "Values" ("Date", "Tag", "Device", "Value")
data-generator  |             SELECT
data-generator  |                 generate_series AS "Data",
data-generator  |                 'TAG_3' AS "Tag",
data-generator  |                 'DEVICE_15' AS "Device",
data-generator  |                 random()*1 AS "Valore" from generate_series('2023-01-01',NOW(), INTERVAL '1 hour');
data-generator  |         
data-generator  |             INSERT INTO "Values" ("Date", "Tag", "Device", "Value")
data-generator  |             SELECT
data-generator  |                 generate_series AS "Data",
data-generator  |                 'TAG_4' AS "Tag",
data-generator  |                 'DEVICE_15' AS "Device",
data-generator  |                 random()*1 AS "Valore" from generate_series('2023-01-01',NOW(), INTERVAL '1 hour');
data-generator  |         
data-generator  |             INSERT INTO "Values" ("Date", "Tag", "Device", "Value")
data-generator  |             SELECT
data-generator  |                 generate_series AS "Data",
data-generator  |                 'TAG_5' AS "Tag",
data-generator  |                 'DEVICE_15' AS "Device",
data-generator  |                 random()*1 AS "Valore" from generate_series('2023-01-01',NOW(), INTERVAL '1 hour');
data-generator  |         
data-generator  |             INSERT INTO "Values" ("Date", "Tag", "Device", "Value")
data-generator  |             SELECT
data-generator  |                 generate_series AS "Data",
data-generator  |                 'TAG_6' AS "Tag",
data-generator  |                 'DEVICE_15' AS "Device",
data-generator  |                 random()*1 AS "Valore" from generate_series('2023-01-01',NOW(), INTERVAL '1 hour');
data-generator  |         
data-generator  |             INSERT INTO "Values" ("Date", "Tag", "Device", "Value")
data-generator  |             SELECT
data-generator  |                 generate_series AS "Data",
data-generator  |                 'TAG_7' AS "Tag",
data-generator  |                 'DEVICE_15' AS "Device",
data-generator  |                 random()*1 AS "Valore" from generate_series('2023-01-01',NOW(), INTERVAL '1 hour');
data-generator  |         
data-generator  |             INSERT INTO "Values" ("Date", "Tag", "Device", "Value")
data-generator  |             SELECT
data-generator  |                 generate_series AS "Data",
data-generator  |                 'TAG_8' AS "Tag",
data-generator  |                 'DEVICE_15' AS "Device",
data-generator  |                 random()*1 AS "Valore" from generate_series('2023-01-01',NOW(), INTERVAL '1 hour');
data-generator  |         
data-generator  |             INSERT INTO "Values" ("Date", "Tag", "Device", "Value")
data-generator  |             SELECT
data-generator  |                 generate_series AS "Data",
data-generator  |                 'TAG_9' AS "Tag",
data-generator  |                 'DEVICE_15' AS "Device",
data-generator  |                 random()*1 AS "Valore" from generate_series('2023-01-01',NOW(), INTERVAL '1 hour');
data-generator  |         
data-generator  | 		DEVICE_16
data-generator  | 			TAG_0
data-generator  | 			TAG_1
data-generator  | 			TAG_2
data-generator  | 			TAG_3
data-generator  | 			TAG_4
data-generator  | 			TAG_5
data-generator  | 			TAG_6
data-generator  | 			TAG_7
data-generator  | 			TAG_8
data-generator  | 			TAG_9
data-generator  | 
data-generator  |             INSERT INTO "Values" ("Date", "Tag", "Device", "Value")
data-generator  |             SELECT
data-generator  |                 generate_series AS "Data",
data-generator  |                 'TAG_0' AS "Tag",
data-generator  |                 'DEVICE_16' AS "Device",
data-generator  |                 random()*1 AS "Valore" from generate_series('2023-01-01',NOW(), INTERVAL '1 hour');
data-generator  |         
data-generator  |             INSERT INTO "Values" ("Date", "Tag", "Device", "Value")
data-generator  |             SELECT
data-generator  |                 generate_series AS "Data",
data-generator  |                 'TAG_1' AS "Tag",
data-generator  |                 'DEVICE_16' AS "Device",
data-generator  |                 random()*1 AS "Valore" from generate_series('2023-01-01',NOW(), INTERVAL '1 hour');
data-generator  |         
data-generator  |             INSERT INTO "Values" ("Date", "Tag", "Device", "Value")
data-generator  |             SELECT
data-generator  |                 generate_series AS "Data",
data-generator  |                 'TAG_2' AS "Tag",
data-generator  |                 'DEVICE_16' AS "Device",
data-generator  |                 random()*1 AS "Valore" from generate_series('2023-01-01',NOW(), INTERVAL '1 hour');
data-generator  |         
data-generator  |             INSERT INTO "Values" ("Date", "Tag", "Device", "Value")
data-generator  |             SELECT
data-generator  |                 generate_series AS "Data",
data-generator  |                 'TAG_3' AS "Tag",
data-generator  |                 'DEVICE_16' AS "Device",
data-generator  |                 random()*1 AS "Valore" from generate_series('2023-01-01',NOW(), INTERVAL '1 hour');
data-generator  |         
data-generator  |             INSERT INTO "Values" ("Date", "Tag", "Device", "Value")
data-generator  |             SELECT
data-generator  |                 generate_series AS "Data",
data-generator  |                 'TAG_4' AS "Tag",
data-generator  |                 'DEVICE_16' AS "Device",
data-generator  |                 random()*1 AS "Valore" from generate_series('2023-01-01',NOW(), INTERVAL '1 hour');
data-generator  |         
data-generator  |             INSERT INTO "Values" ("Date", "Tag", "Device", "Value")
data-generator  |             SELECT
data-generator  |                 generate_series AS "Data",
data-generator  |                 'TAG_5' AS "Tag",
data-generator  |                 'DEVICE_16' AS "Device",
data-generator  |                 random()*1 AS "Valore" from generate_series('2023-01-01',NOW(), INTERVAL '1 hour');
data-generator  |         
data-generator  |             INSERT INTO "Values" ("Date", "Tag", "Device", "Value")
data-generator  |             SELECT
data-generator  |                 generate_series AS "Data",
data-generator  |                 'TAG_6' AS "Tag",
data-generator  |                 'DEVICE_16' AS "Device",
data-generator  |                 random()*1 AS "Valore" from generate_series('2023-01-01',NOW(), INTERVAL '1 hour');
data-generator  |         
data-generator  |             INSERT INTO "Values" ("Date", "Tag", "Device", "Value")
data-generator  |             SELECT
data-generator  |                 generate_series AS "Data",
data-generator  |                 'TAG_7' AS "Tag",
data-generator  |                 'DEVICE_16' AS "Device",
data-generator  |                 random()*1 AS "Valore" from generate_series('2023-01-01',NOW(), INTERVAL '1 hour');
data-generator  |         
data-generator  |             INSERT INTO "Values" ("Date", "Tag", "Device", "Value")
data-generator  |             SELECT
data-generator  |                 generate_series AS "Data",
data-generator  |                 'TAG_8' AS "Tag",
data-generator  |                 'DEVICE_16' AS "Device",
data-generator  |                 random()*1 AS "Valore" from generate_series('2023-01-01',NOW(), INTERVAL '1 hour');
data-generator  |         
data-generator  |             INSERT INTO "Values" ("Date", "Tag", "Device", "Value")
data-generator  |             SELECT
data-generator  |                 generate_series AS "Data",
data-generator  |                 'TAG_9' AS "Tag",
data-generator  |                 'DEVICE_16' AS "Device",
data-generator  |                 random()*1 AS "Valore" from generate_series('2023-01-01',NOW(), INTERVAL '1 hour');
data-generator  |         
data-generator  | 		DEVICE_17
data-generator  | 			TAG_0
data-generator  | 			TAG_1
data-generator  | 			TAG_2
data-generator  | 			TAG_3
data-generator  | 			TAG_4
data-generator  | 			TAG_5
data-generator  | 			TAG_6
data-generator  | 			TAG_7
data-generator  | 			TAG_8
data-generator  | 			TAG_9
data-generator  | 
data-generator  |             INSERT INTO "Values" ("Date", "Tag", "Device", "Value")
data-generator  |             SELECT
data-generator  |                 generate_series AS "Data",
data-generator  |                 'TAG_0' AS "Tag",
data-generator  |                 'DEVICE_17' AS "Device",
data-generator  |                 random()*1 AS "Valore" from generate_series('2023-01-01',NOW(), INTERVAL '1 hour');
data-generator  |         
data-generator  |             INSERT INTO "Values" ("Date", "Tag", "Device", "Value")
data-generator  |             SELECT
data-generator  |                 generate_series AS "Data",
data-generator  |                 'TAG_1' AS "Tag",
data-generator  |                 'DEVICE_17' AS "Device",
data-generator  |                 random()*1 AS "Valore" from generate_series('2023-01-01',NOW(), INTERVAL '1 hour');
data-generator  |         
data-generator  |             INSERT INTO "Values" ("Date", "Tag", "Device", "Value")
data-generator  |             SELECT
data-generator  |                 generate_series AS "Data",
data-generator  |                 'TAG_2' AS "Tag",
data-generator  |                 'DEVICE_17' AS "Device",
data-generator  |                 random()*1 AS "Valore" from generate_series('2023-01-01',NOW(), INTERVAL '1 hour');
data-generator  |         
data-generator  |             INSERT INTO "Values" ("Date", "Tag", "Device", "Value")
data-generator  |             SELECT
data-generator  |                 generate_series AS "Data",
data-generator  |                 'TAG_3' AS "Tag",
data-generator  |                 'DEVICE_17' AS "Device",
data-generator  |                 random()*1 AS "Valore" from generate_series('2023-01-01',NOW(), INTERVAL '1 hour');
data-generator  |         
data-generator  |             INSERT INTO "Values" ("Date", "Tag", "Device", "Value")
data-generator  |             SELECT
data-generator  |                 generate_series AS "Data",
data-generator  |                 'TAG_4' AS "Tag",
data-generator  |                 'DEVICE_17' AS "Device",
data-generator  |                 random()*1 AS "Valore" from generate_series('2023-01-01',NOW(), INTERVAL '1 hour');
data-generator  |         
data-generator  |             INSERT INTO "Values" ("Date", "Tag", "Device", "Value")
data-generator  |             SELECT
data-generator  |                 generate_series AS "Data",
data-generator  |                 'TAG_5' AS "Tag",
data-generator  |                 'DEVICE_17' AS "Device",
data-generator  |                 random()*1 AS "Valore" from generate_series('2023-01-01',NOW(), INTERVAL '1 hour');
data-generator  |         
data-generator  |             INSERT INTO "Values" ("Date", "Tag", "Device", "Value")
data-generator  |             SELECT
data-generator  |                 generate_series AS "Data",
data-generator  |                 'TAG_6' AS "Tag",
data-generator  |                 'DEVICE_17' AS "Device",
data-generator  |                 random()*1 AS "Valore" from generate_series('2023-01-01',NOW(), INTERVAL '1 hour');
data-generator  |         
data-generator  |             INSERT INTO "Values" ("Date", "Tag", "Device", "Value")
data-generator  |             SELECT
data-generator  |                 generate_series AS "Data",
data-generator  |                 'TAG_7' AS "Tag",
data-generator  |                 'DEVICE_17' AS "Device",
data-generator  |                 random()*1 AS "Valore" from generate_series('2023-01-01',NOW(), INTERVAL '1 hour');
data-generator  |         
data-generator  |             INSERT INTO "Values" ("Date", "Tag", "Device", "Value")
data-generator  |             SELECT
data-generator  |                 generate_series AS "Data",
data-generator  |                 'TAG_8' AS "Tag",
data-generator  |                 'DEVICE_17' AS "Device",
data-generator  |                 random()*1 AS "Valore" from generate_series('2023-01-01',NOW(), INTERVAL '1 hour');
data-generator  |         
data-generator  |             INSERT INTO "Values" ("Date", "Tag", "Device", "Value")
data-generator  |             SELECT
data-generator  |                 generate_series AS "Data",
data-generator  |                 'TAG_9' AS "Tag",
data-generator  |                 'DEVICE_17' AS "Device",
data-generator  |                 random()*1 AS "Valore" from generate_series('2023-01-01',NOW(), INTERVAL '1 hour');
data-generator  |         
data-generator  | 		DEVICE_18
data-generator  | 			TAG_0
data-generator  | 			TAG_1
data-generator  | 			TAG_2
data-generator  | 			TAG_3
data-generator  | 			TAG_4
data-generator  | 			TAG_5
data-generator  | 			TAG_6
data-generator  | 			TAG_7
data-generator  | 			TAG_8
data-generator  | 			TAG_9
data-generator  | 
data-generator  |             INSERT INTO "Values" ("Date", "Tag", "Device", "Value")
data-generator  |             SELECT
data-generator  |                 generate_series AS "Data",
data-generator  |                 'TAG_0' AS "Tag",
data-generator  |                 'DEVICE_18' AS "Device",
data-generator  |                 random()*1 AS "Valore" from generate_series('2023-01-01',NOW(), INTERVAL '1 hour');
data-generator  |         
data-generator  |             INSERT INTO "Values" ("Date", "Tag", "Device", "Value")
data-generator  |             SELECT
data-generator  |                 generate_series AS "Data",
data-generator  |                 'TAG_1' AS "Tag",
data-generator  |                 'DEVICE_18' AS "Device",
data-generator  |                 random()*1 AS "Valore" from generate_series('2023-01-01',NOW(), INTERVAL '1 hour');
data-generator  |         
data-generator  |             INSERT INTO "Values" ("Date", "Tag", "Device", "Value")
data-generator  |             SELECT
data-generator  |                 generate_series AS "Data",
data-generator  |                 'TAG_2' AS "Tag",
data-generator  |                 'DEVICE_18' AS "Device",
data-generator  |                 random()*1 AS "Valore" from generate_series('2023-01-01',NOW(), INTERVAL '1 hour');
data-generator  |         
data-generator  |             INSERT INTO "Values" ("Date", "Tag", "Device", "Value")
data-generator  |             SELECT
data-generator  |                 generate_series AS "Data",
data-generator  |                 'TAG_3' AS "Tag",
data-generator  |                 'DEVICE_18' AS "Device",
data-generator  |                 random()*1 AS "Valore" from generate_series('2023-01-01',NOW(), INTERVAL '1 hour');
data-generator  |         
data-generator  |             INSERT INTO "Values" ("Date", "Tag", "Device", "Value")
data-generator  |             SELECT
data-generator  |                 generate_series AS "Data",
data-generator  |                 'TAG_4' AS "Tag",
data-generator  |                 'DEVICE_18' AS "Device",
data-generator  |                 random()*1 AS "Valore" from generate_series('2023-01-01',NOW(), INTERVAL '1 hour');
data-generator  |         
data-generator  |             INSERT INTO "Values" ("Date", "Tag", "Device", "Value")
data-generator  |             SELECT
data-generator  |                 generate_series AS "Data",
data-generator  |                 'TAG_5' AS "Tag",
data-generator  |                 'DEVICE_18' AS "Device",
data-generator  |                 random()*1 AS "Valore" from generate_series('2023-01-01',NOW(), INTERVAL '1 hour');
data-generator  |         
data-generator  |             INSERT INTO "Values" ("Date", "Tag", "Device", "Value")
data-generator  |             SELECT
data-generator  |                 generate_series AS "Data",
data-generator  |                 'TAG_6' AS "Tag",
data-generator  |                 'DEVICE_18' AS "Device",
data-generator  |                 random()*1 AS "Valore" from generate_series('2023-01-01',NOW(), INTERVAL '1 hour');
data-generator  |         
data-generator  |             INSERT INTO "Values" ("Date", "Tag", "Device", "Value")
data-generator  |             SELECT
data-generator  |                 generate_series AS "Data",
data-generator  |                 'TAG_7' AS "Tag",
data-generator  |                 'DEVICE_18' AS "Device",
data-generator  |                 random()*1 AS "Valore" from generate_series('2023-01-01',NOW(), INTERVAL '1 hour');
data-generator  |         
data-generator  |             INSERT INTO "Values" ("Date", "Tag", "Device", "Value")
data-generator  |             SELECT
data-generator  |                 generate_series AS "Data",
data-generator  |                 'TAG_8' AS "Tag",
data-generator  |                 'DEVICE_18' AS "Device",
data-generator  |                 random()*1 AS "Valore" from generate_series('2023-01-01',NOW(), INTERVAL '1 hour');
data-generator  |         
data-generator  |             INSERT INTO "Values" ("Date", "Tag", "Device", "Value")
data-generator  |             SELECT
data-generator  |                 generate_series AS "Data",
data-generator  |                 'TAG_9' AS "Tag",
data-generator  |                 'DEVICE_18' AS "Device",
data-generator  |                 random()*1 AS "Valore" from generate_series('2023-01-01',NOW(), INTERVAL '1 hour');
data-generator  |         
data-generator  | 		DEVICE_19
data-generator  | 			TAG_0
data-generator  | 			TAG_1
data-generator  | 			TAG_2
data-generator  | 			TAG_3
data-generator  | 			TAG_4
data-generator  | 			TAG_5
data-generator  | 			TAG_6
data-generator  | 			TAG_7
data-generator  | 			TAG_8
data-generator  | 			TAG_9
data-generator  | 
data-generator  |             INSERT INTO "Values" ("Date", "Tag", "Device", "Value")
data-generator  |             SELECT
data-generator  |                 generate_series AS "Data",
data-generator  |                 'TAG_0' AS "Tag",
data-generator  |                 'DEVICE_19' AS "Device",
data-generator  |                 random()*1 AS "Valore" from generate_series('2023-01-01',NOW(), INTERVAL '1 hour');
data-generator  |         
data-generator  |             INSERT INTO "Values" ("Date", "Tag", "Device", "Value")
data-generator  |             SELECT
data-generator  |                 generate_series AS "Data",
data-generator  |                 'TAG_1' AS "Tag",
data-generator  |                 'DEVICE_19' AS "Device",
data-generator  |                 random()*1 AS "Valore" from generate_series('2023-01-01',NOW(), INTERVAL '1 hour');
data-generator  |         
data-generator  |             INSERT INTO "Values" ("Date", "Tag", "Device", "Value")
data-generator  |             SELECT
data-generator  |                 generate_series AS "Data",
data-generator  |                 'TAG_2' AS "Tag",
data-generator  |                 'DEVICE_19' AS "Device",
data-generator  |                 random()*1 AS "Valore" from generate_series('2023-01-01',NOW(), INTERVAL '1 hour');
data-generator  |         
data-generator  |             INSERT INTO "Values" ("Date", "Tag", "Device", "Value")
data-generator  |             SELECT
data-generator  |                 generate_series AS "Data",
data-generator  |                 'TAG_3' AS "Tag",
data-generator  |                 'DEVICE_19' AS "Device",
data-generator  |                 random()*1 AS "Valore" from generate_series('2023-01-01',NOW(), INTERVAL '1 hour');
data-generator  |         
data-generator  |             INSERT INTO "Values" ("Date", "Tag", "Device", "Value")
data-generator  |             SELECT
data-generator  |                 generate_series AS "Data",
data-generator  |                 'TAG_4' AS "Tag",
data-generator  |                 'DEVICE_19' AS "Device",
data-generator  |                 random()*1 AS "Valore" from generate_series('2023-01-01',NOW(), INTERVAL '1 hour');
data-generator  |         
data-generator  |             INSERT INTO "Values" ("Date", "Tag", "Device", "Value")
data-generator  |             SELECT
data-generator  |                 generate_series AS "Data",
data-generator  |                 'TAG_5' AS "Tag",
data-generator  |                 'DEVICE_19' AS "Device",
data-generator  |                 random()*1 AS "Valore" from generate_series('2023-01-01',NOW(), INTERVAL '1 hour');
data-generator  |         
data-generator  |             INSERT INTO "Values" ("Date", "Tag", "Device", "Value")
data-generator  |             SELECT
data-generator  |                 generate_series AS "Data",
data-generator  |                 'TAG_6' AS "Tag",
data-generator  |                 'DEVICE_19' AS "Device",
data-generator  |                 random()*1 AS "Valore" from generate_series('2023-01-01',NOW(), INTERVAL '1 hour');
data-generator  |         
data-generator  |             INSERT INTO "Values" ("Date", "Tag", "Device", "Value")
data-generator  |             SELECT
data-generator  |                 generate_series AS "Data",
data-generator  |                 'TAG_7' AS "Tag",
data-generator  |                 'DEVICE_19' AS "Device",
data-generator  |                 random()*1 AS "Valore" from generate_series('2023-01-01',NOW(), INTERVAL '1 hour');
data-generator  |         
data-generator  |             INSERT INTO "Values" ("Date", "Tag", "Device", "Value")
data-generator  |             SELECT
data-generator  |                 generate_series AS "Data",
data-generator  |                 'TAG_8' AS "Tag",
data-generator  |                 'DEVICE_19' AS "Device",
data-generator  |                 random()*1 AS "Valore" from generate_series('2023-01-01',NOW(), INTERVAL '1 hour');
data-generator  |         
data-generator  |             INSERT INTO "Values" ("Date", "Tag", "Device", "Value")
data-generator  |             SELECT
data-generator  |                 generate_series AS "Data",
data-generator  |                 'TAG_9' AS "Tag",
data-generator  |                 'DEVICE_19' AS "Device",
data-generator  |                 random()*1 AS "Valore" from generate_series('2023-01-01',NOW(), INTERVAL '1 hour');
data-generator  |         
data-generator  | 		DEVICE_20
data-generator  | 			TAG_0
data-generator  | 			TAG_1
data-generator  | 			TAG_2
data-generator  | 			TAG_3
data-generator  | 			TAG_4
data-generator  | 			TAG_5
data-generator  | 			TAG_6
data-generator  | 			TAG_7
data-generator  | 			TAG_8
data-generator  | 			TAG_9
data-generator  | 
data-generator  |             INSERT INTO "Values" ("Date", "Tag", "Device", "Value")
data-generator  |             SELECT
data-generator  |                 generate_series AS "Data",
data-generator  |                 'TAG_0' AS "Tag",
data-generator  |                 'DEVICE_20' AS "Device",
data-generator  |                 random()*1 AS "Valore" from generate_series('2023-01-01',NOW(), INTERVAL '1 hour');
data-generator  |         
data-generator  |             INSERT INTO "Values" ("Date", "Tag", "Device", "Value")
data-generator  |             SELECT
data-generator  |                 generate_series AS "Data",
data-generator  |                 'TAG_1' AS "Tag",
data-generator  |                 'DEVICE_20' AS "Device",
data-generator  |                 random()*1 AS "Valore" from generate_series('2023-01-01',NOW(), INTERVAL '1 hour');
data-generator  |         
data-generator  |             INSERT INTO "Values" ("Date", "Tag", "Device", "Value")
data-generator  |             SELECT
data-generator  |                 generate_series AS "Data",
data-generator  |                 'TAG_2' AS "Tag",
data-generator  |                 'DEVICE_20' AS "Device",
data-generator  |                 random()*1 AS "Valore" from generate_series('2023-01-01',NOW(), INTERVAL '1 hour');
data-generator  |         
data-generator  |             INSERT INTO "Values" ("Date", "Tag", "Device", "Value")
data-generator  |             SELECT
data-generator  |                 generate_series AS "Data",
data-generator  |                 'TAG_3' AS "Tag",
data-generator  |                 'DEVICE_20' AS "Device",
data-generator  |                 random()*1 AS "Valore" from generate_series('2023-01-01',NOW(), INTERVAL '1 hour');
data-generator  |         
data-generator  |             INSERT INTO "Values" ("Date", "Tag", "Device", "Value")
data-generator  |             SELECT
data-generator  |                 generate_series AS "Data",
data-generator  |                 'TAG_4' AS "Tag",
data-generator  |                 'DEVICE_20' AS "Device",
data-generator  |                 random()*1 AS "Valore" from generate_series('2023-01-01',NOW(), INTERVAL '1 hour');
data-generator  |         
data-generator  |             INSERT INTO "Values" ("Date", "Tag", "Device", "Value")
data-generator  |             SELECT
data-generator  |                 generate_series AS "Data",
data-generator  |                 'TAG_5' AS "Tag",
data-generator  |                 'DEVICE_20' AS "Device",
data-generator  |                 random()*1 AS "Valore" from generate_series('2023-01-01',NOW(), INTERVAL '1 hour');
data-generator  |         
data-generator  |             INSERT INTO "Values" ("Date", "Tag", "Device", "Value")
data-generator  |             SELECT
data-generator  |                 generate_series AS "Data",
data-generator  |                 'TAG_6' AS "Tag",
data-generator  |                 'DEVICE_20' AS "Device",
data-generator  |                 random()*1 AS "Valore" from generate_series('2023-01-01',NOW(), INTERVAL '1 hour');
data-generator  |         
data-generator  |             INSERT INTO "Values" ("Date", "Tag", "Device", "Value")
data-generator  |             SELECT
data-generator  |                 generate_series AS "Data",
data-generator  |                 'TAG_7' AS "Tag",
data-generator  |                 'DEVICE_20' AS "Device",
data-generator  |                 random()*1 AS "Valore" from generate_series('2023-01-01',NOW(), INTERVAL '1 hour');
data-generator  |         
data-generator  |             INSERT INTO "Values" ("Date", "Tag", "Device", "Value")
data-generator  |             SELECT
data-generator  |                 generate_series AS "Data",
data-generator  |                 'TAG_8' AS "Tag",
data-generator  |                 'DEVICE_20' AS "Device",
data-generator  |                 random()*1 AS "Valore" from generate_series('2023-01-01',NOW(), INTERVAL '1 hour');
data-generator  |         
data-generator  |             INSERT INTO "Values" ("Date", "Tag", "Device", "Value")
data-generator  |             SELECT
data-generator  |                 generate_series AS "Data",
data-generator  |                 'TAG_9' AS "Tag",
data-generator  |                 'DEVICE_20' AS "Device",
data-generator  |                 random()*1 AS "Valore" from generate_series('2023-01-01',NOW(), INTERVAL '1 hour');
data-generator  |         
data-generator  | 		DEVICE_21
data-generator  | 			TAG_0
data-generator  | 			TAG_1
data-generator  | 			TAG_2
data-generator  | 			TAG_3
data-generator  | 			TAG_4
data-generator  | 			TAG_5
data-generator  | 			TAG_6
data-generator  | 			TAG_7
data-generator  | 			TAG_8
data-generator  | 			TAG_9
data-generator  | 
data-generator  |             INSERT INTO "Values" ("Date", "Tag", "Device", "Value")
data-generator  |             SELECT
data-generator  |                 generate_series AS "Data",
data-generator  |                 'TAG_0' AS "Tag",
data-generator  |                 'DEVICE_21' AS "Device",
data-generator  |                 random()*1 AS "Valore" from generate_series('2023-01-01',NOW(), INTERVAL '1 hour');
data-generator  |         
data-generator  |             INSERT INTO "Values" ("Date", "Tag", "Device", "Value")
data-generator  |             SELECT
data-generator  |                 generate_series AS "Data",
data-generator  |                 'TAG_1' AS "Tag",
data-generator  |                 'DEVICE_21' AS "Device",
data-generator  |                 random()*1 AS "Valore" from generate_series('2023-01-01',NOW(), INTERVAL '1 hour');
data-generator  |         
data-generator  |             INSERT INTO "Values" ("Date", "Tag", "Device", "Value")
data-generator  |             SELECT
data-generator  |                 generate_series AS "Data",
data-generator  |                 'TAG_2' AS "Tag",
data-generator  |                 'DEVICE_21' AS "Device",
data-generator  |                 random()*1 AS "Valore" from generate_series('2023-01-01',NOW(), INTERVAL '1 hour');
data-generator  |         
data-generator  |             INSERT INTO "Values" ("Date", "Tag", "Device", "Value")
data-generator  |             SELECT
data-generator  |                 generate_series AS "Data",
data-generator  |                 'TAG_3' AS "Tag",
data-generator  |                 'DEVICE_21' AS "Device",
data-generator  |                 random()*1 AS "Valore" from generate_series('2023-01-01',NOW(), INTERVAL '1 hour');
data-generator  |         
data-generator  |             INSERT INTO "Values" ("Date", "Tag", "Device", "Value")
data-generator  |             SELECT
data-generator  |                 generate_series AS "Data",
data-generator  |                 'TAG_4' AS "Tag",
data-generator  |                 'DEVICE_21' AS "Device",
data-generator  |                 random()*1 AS "Valore" from generate_series('2023-01-01',NOW(), INTERVAL '1 hour');
data-generator  |         
data-generator  |             INSERT INTO "Values" ("Date", "Tag", "Device", "Value")
data-generator  |             SELECT
data-generator  |                 generate_series AS "Data",
data-generator  |                 'TAG_5' AS "Tag",
data-generator  |                 'DEVICE_21' AS "Device",
data-generator  |                 random()*1 AS "Valore" from generate_series('2023-01-01',NOW(), INTERVAL '1 hour');
data-generator  |         
data-generator  |             INSERT INTO "Values" ("Date", "Tag", "Device", "Value")
data-generator  |             SELECT
data-generator  |                 generate_series AS "Data",
data-generator  |                 'TAG_6' AS "Tag",
data-generator  |                 'DEVICE_21' AS "Device",
data-generator  |                 random()*1 AS "Valore" from generate_series('2023-01-01',NOW(), INTERVAL '1 hour');
data-generator  |         
data-generator  |             INSERT INTO "Values" ("Date", "Tag", "Device", "Value")
data-generator  |             SELECT
data-generator  |                 generate_series AS "Data",
data-generator  |                 'TAG_7' AS "Tag",
data-generator  |                 'DEVICE_21' AS "Device",
data-generator  |                 random()*1 AS "Valore" from generate_series('2023-01-01',NOW(), INTERVAL '1 hour');
data-generator  |         
data-generator  |             INSERT INTO "Values" ("Date", "Tag", "Device", "Value")
data-generator  |             SELECT
data-generator  |                 generate_series AS "Data",
data-generator  |                 'TAG_8' AS "Tag",
data-generator  |                 'DEVICE_21' AS "Device",
data-generator  |                 random()*1 AS "Valore" from generate_series('2023-01-01',NOW(), INTERVAL '1 hour');
data-generator  |         
data-generator  |             INSERT INTO "Values" ("Date", "Tag", "Device", "Value")
data-generator  |             SELECT
data-generator  |                 generate_series AS "Data",
data-generator  |                 'TAG_9' AS "Tag",
data-generator  |                 'DEVICE_21' AS "Device",
data-generator  |                 random()*1 AS "Valore" from generate_series('2023-01-01',NOW(), INTERVAL '1 hour');
data-generator  |         
data-generator  | 		DEVICE_22
data-generator  | 			TAG_0
data-generator  | 			TAG_1
data-generator  | 			TAG_2
data-generator  | 			TAG_3
data-generator  | 			TAG_4
data-generator  | 			TAG_5
data-generator  | 			TAG_6
data-generator  | 			TAG_7
data-generator  | 			TAG_8
data-generator  | 			TAG_9
data-generator  | 
data-generator  |             INSERT INTO "Values" ("Date", "Tag", "Device", "Value")
data-generator  |             SELECT
data-generator  |                 generate_series AS "Data",
data-generator  |                 'TAG_0' AS "Tag",
data-generator  |                 'DEVICE_22' AS "Device",
data-generator  |                 random()*1 AS "Valore" from generate_series('2023-01-01',NOW(), INTERVAL '1 hour');
data-generator  |         
data-generator  |             INSERT INTO "Values" ("Date", "Tag", "Device", "Value")
data-generator  |             SELECT
data-generator  |                 generate_series AS "Data",
data-generator  |                 'TAG_1' AS "Tag",
data-generator  |                 'DEVICE_22' AS "Device",
data-generator  |                 random()*1 AS "Valore" from generate_series('2023-01-01',NOW(), INTERVAL '1 hour');
data-generator  |         
data-generator  |             INSERT INTO "Values" ("Date", "Tag", "Device", "Value")
data-generator  |             SELECT
data-generator  |                 generate_series AS "Data",
data-generator  |                 'TAG_2' AS "Tag",
data-generator  |                 'DEVICE_22' AS "Device",
data-generator  |                 random()*1 AS "Valore" from generate_series('2023-01-01',NOW(), INTERVAL '1 hour');
data-generator  |         
data-generator  |             INSERT INTO "Values" ("Date", "Tag", "Device", "Value")
data-generator  |             SELECT
data-generator  |                 generate_series AS "Data",
data-generator  |                 'TAG_3' AS "Tag",
data-generator  |                 'DEVICE_22' AS "Device",
data-generator  |                 random()*1 AS "Valore" from generate_series('2023-01-01',NOW(), INTERVAL '1 hour');
data-generator  |         
data-generator  |             INSERT INTO "Values" ("Date", "Tag", "Device", "Value")
data-generator  |             SELECT
data-generator  |                 generate_series AS "Data",
data-generator  |                 'TAG_4' AS "Tag",
data-generator  |                 'DEVICE_22' AS "Device",
data-generator  |                 random()*1 AS "Valore" from generate_series('2023-01-01',NOW(), INTERVAL '1 hour');
data-generator  |         
data-generator  |             INSERT INTO "Values" ("Date", "Tag", "Device", "Value")
data-generator  |             SELECT
data-generator  |                 generate_series AS "Data",
data-generator  |                 'TAG_5' AS "Tag",
data-generator  |                 'DEVICE_22' AS "Device",
data-generator  |                 random()*1 AS "Valore" from generate_series('2023-01-01',NOW(), INTERVAL '1 hour');
data-generator  |         
data-generator  |             INSERT INTO "Values" ("Date", "Tag", "Device", "Value")
data-generator  |             SELECT
data-generator  |                 generate_series AS "Data",
data-generator  |                 'TAG_6' AS "Tag",
data-generator  |                 'DEVICE_22' AS "Device",
data-generator  |                 random()*1 AS "Valore" from generate_series('2023-01-01',NOW(), INTERVAL '1 hour');
data-generator  |         
data-generator  |             INSERT INTO "Values" ("Date", "Tag", "Device", "Value")
data-generator  |             SELECT
data-generator  |                 generate_series AS "Data",
data-generator  |                 'TAG_7' AS "Tag",
data-generator  |                 'DEVICE_22' AS "Device",
data-generator  |                 random()*1 AS "Valore" from generate_series('2023-01-01',NOW(), INTERVAL '1 hour');
data-generator  |         
data-generator  |             INSERT INTO "Values" ("Date", "Tag", "Device", "Value")
data-generator  |             SELECT
data-generator  |                 generate_series AS "Data",
data-generator  |                 'TAG_8' AS "Tag",
data-generator  |                 'DEVICE_22' AS "Device",
data-generator  |                 random()*1 AS "Valore" from generate_series('2023-01-01',NOW(), INTERVAL '1 hour');
data-generator  |         
data-generator  |             INSERT INTO "Values" ("Date", "Tag", "Device", "Value")
data-generator  |             SELECT
data-generator  |                 generate_series AS "Data",
data-generator  |                 'TAG_9' AS "Tag",
data-generator  |                 'DEVICE_22' AS "Device",
data-generator  |                 random()*1 AS "Valore" from generate_series('2023-01-01',NOW(), INTERVAL '1 hour');
data-generator  |         
data-generator  | 		DEVICE_23
data-generator  | 			TAG_0
data-generator  | 			TAG_1
data-generator  | 			TAG_2
data-generator  | 			TAG_3
data-generator  | 			TAG_4
data-generator  | 			TAG_5
data-generator  | 			TAG_6
data-generator  | 			TAG_7
data-generator  | 			TAG_8
data-generator  | 			TAG_9
data-generator  | 
data-generator  |             INSERT INTO "Values" ("Date", "Tag", "Device", "Value")
data-generator  |             SELECT
data-generator  |                 generate_series AS "Data",
data-generator  |                 'TAG_0' AS "Tag",
data-generator  |                 'DEVICE_23' AS "Device",
data-generator  |                 random()*1 AS "Valore" from generate_series('2023-01-01',NOW(), INTERVAL '1 hour');
data-generator  |         
data-generator  |             INSERT INTO "Values" ("Date", "Tag", "Device", "Value")
data-generator  |             SELECT
data-generator  |                 generate_series AS "Data",
data-generator  |                 'TAG_1' AS "Tag",
data-generator  |                 'DEVICE_23' AS "Device",
data-generator  |                 random()*1 AS "Valore" from generate_series('2023-01-01',NOW(), INTERVAL '1 hour');
data-generator  |         
data-generator  |             INSERT INTO "Values" ("Date", "Tag", "Device", "Value")
data-generator  |             SELECT
data-generator  |                 generate_series AS "Data",
data-generator  |                 'TAG_2' AS "Tag",
data-generator  |                 'DEVICE_23' AS "Device",
data-generator  |                 random()*1 AS "Valore" from generate_series('2023-01-01',NOW(), INTERVAL '1 hour');
data-generator  |         
data-generator  |             INSERT INTO "Values" ("Date", "Tag", "Device", "Value")
data-generator  |             SELECT
data-generator  |                 generate_series AS "Data",
data-generator  |                 'TAG_3' AS "Tag",
data-generator  |                 'DEVICE_23' AS "Device",
data-generator  |                 random()*1 AS "Valore" from generate_series('2023-01-01',NOW(), INTERVAL '1 hour');
data-generator  |         
data-generator  |             INSERT INTO "Values" ("Date", "Tag", "Device", "Value")
data-generator  |             SELECT
data-generator  |                 generate_series AS "Data",
data-generator  |                 'TAG_4' AS "Tag",
data-generator  |                 'DEVICE_23' AS "Device",
data-generator  |                 random()*1 AS "Valore" from generate_series('2023-01-01',NOW(), INTERVAL '1 hour');
data-generator  |         
data-generator  |             INSERT INTO "Values" ("Date", "Tag", "Device", "Value")
data-generator  |             SELECT
data-generator  |                 generate_series AS "Data",
data-generator  |                 'TAG_5' AS "Tag",
data-generator  |                 'DEVICE_23' AS "Device",
data-generator  |                 random()*1 AS "Valore" from generate_series('2023-01-01',NOW(), INTERVAL '1 hour');
data-generator  |         
data-generator  |             INSERT INTO "Values" ("Date", "Tag", "Device", "Value")
data-generator  |             SELECT
data-generator  |                 generate_series AS "Data",
data-generator  |                 'TAG_6' AS "Tag",
data-generator  |                 'DEVICE_23' AS "Device",
data-generator  |                 random()*1 AS "Valore" from generate_series('2023-01-01',NOW(), INTERVAL '1 hour');
data-generator  |         
data-generator  |             INSERT INTO "Values" ("Date", "Tag", "Device", "Value")
data-generator  |             SELECT
data-generator  |                 generate_series AS "Data",
data-generator  |                 'TAG_7' AS "Tag",
data-generator  |                 'DEVICE_23' AS "Device",
data-generator  |                 random()*1 AS "Valore" from generate_series('2023-01-01',NOW(), INTERVAL '1 hour');
data-generator  |         
data-generator  |             INSERT INTO "Values" ("Date", "Tag", "Device", "Value")
data-generator  |             SELECT
data-generator  |                 generate_series AS "Data",
data-generator  |                 'TAG_8' AS "Tag",
data-generator  |                 'DEVICE_23' AS "Device",
data-generator  |                 random()*1 AS "Valore" from generate_series('2023-01-01',NOW(), INTERVAL '1 hour');
data-generator  |         
data-generator  |             INSERT INTO "Values" ("Date", "Tag", "Device", "Value")
data-generator  |             SELECT
data-generator  |                 generate_series AS "Data",
data-generator  |                 'TAG_9' AS "Tag",
data-generator  |                 'DEVICE_23' AS "Device",
data-generator  |                 random()*1 AS "Valore" from generate_series('2023-01-01',NOW(), INTERVAL '1 hour');
data-generator  |         
data-generator  | 		DEVICE_24
data-generator  | 			TAG_0
data-generator  | 			TAG_1
data-generator  | 			TAG_2
data-generator  | 			TAG_3
data-generator  | 			TAG_4
data-generator  | 			TAG_5
data-generator  | 			TAG_6
data-generator  | 			TAG_7
data-generator  | 			TAG_8
data-generator  | 			TAG_9
data-generator  | 
data-generator  |             INSERT INTO "Values" ("Date", "Tag", "Device", "Value")
data-generator  |             SELECT
data-generator  |                 generate_series AS "Data",
data-generator  |                 'TAG_0' AS "Tag",
data-generator  |                 'DEVICE_24' AS "Device",
data-generator  |                 random()*1 AS "Valore" from generate_series('2023-01-01',NOW(), INTERVAL '1 hour');
data-generator  |         
data-generator  |             INSERT INTO "Values" ("Date", "Tag", "Device", "Value")
data-generator  |             SELECT
data-generator  |                 generate_series AS "Data",
data-generator  |                 'TAG_1' AS "Tag",
data-generator  |                 'DEVICE_24' AS "Device",
data-generator  |                 random()*1 AS "Valore" from generate_series('2023-01-01',NOW(), INTERVAL '1 hour');
data-generator  |         
data-generator  |             INSERT INTO "Values" ("Date", "Tag", "Device", "Value")
data-generator  |             SELECT
data-generator  |                 generate_series AS "Data",
data-generator  |                 'TAG_2' AS "Tag",
data-generator  |                 'DEVICE_24' AS "Device",
data-generator  |                 random()*1 AS "Valore" from generate_series('2023-01-01',NOW(), INTERVAL '1 hour');
data-generator  |         
data-generator  |             INSERT INTO "Values" ("Date", "Tag", "Device", "Value")
data-generator  |             SELECT
data-generator  |                 generate_series AS "Data",
data-generator  |                 'TAG_3' AS "Tag",
data-generator  |                 'DEVICE_24' AS "Device",
data-generator  |                 random()*1 AS "Valore" from generate_series('2023-01-01',NOW(), INTERVAL '1 hour');
data-generator  |         
data-generator  |             INSERT INTO "Values" ("Date", "Tag", "Device", "Value")
data-generator  |             SELECT
data-generator  |                 generate_series AS "Data",
data-generator  |                 'TAG_4' AS "Tag",
data-generator  |                 'DEVICE_24' AS "Device",
data-generator  |                 random()*1 AS "Valore" from generate_series('2023-01-01',NOW(), INTERVAL '1 hour');
data-generator  |         
data-generator  |             INSERT INTO "Values" ("Date", "Tag", "Device", "Value")
data-generator  |             SELECT
data-generator  |                 generate_series AS "Data",
data-generator  |                 'TAG_5' AS "Tag",
data-generator  |                 'DEVICE_24' AS "Device",
data-generator  |                 random()*1 AS "Valore" from generate_series('2023-01-01',NOW(), INTERVAL '1 hour');
data-generator  |         
data-generator  |             INSERT INTO "Values" ("Date", "Tag", "Device", "Value")
data-generator  |             SELECT
data-generator  |                 generate_series AS "Data",
data-generator  |                 'TAG_6' AS "Tag",
data-generator  |                 'DEVICE_24' AS "Device",
data-generator  |                 random()*1 AS "Valore" from generate_series('2023-01-01',NOW(), INTERVAL '1 hour');
data-generator  |         
data-generator  |             INSERT INTO "Values" ("Date", "Tag", "Device", "Value")
data-generator  |             SELECT
data-generator  |                 generate_series AS "Data",
data-generator  |                 'TAG_7' AS "Tag",
data-generator  |                 'DEVICE_24' AS "Device",
data-generator  |                 random()*1 AS "Valore" from generate_series('2023-01-01',NOW(), INTERVAL '1 hour');
data-generator  |         
data-generator  |             INSERT INTO "Values" ("Date", "Tag", "Device", "Value")
data-generator  |             SELECT
data-generator  |                 generate_series AS "Data",
data-generator  |                 'TAG_8' AS "Tag",
data-generator  |                 'DEVICE_24' AS "Device",
data-generator  |                 random()*1 AS "Valore" from generate_series('2023-01-01',NOW(), INTERVAL '1 hour');
data-generator  |         
data-generator  |             INSERT INTO "Values" ("Date", "Tag", "Device", "Value")
data-generator  |             SELECT
data-generator  |                 generate_series AS "Data",
data-generator  |                 'TAG_9' AS "Tag",
data-generator  |                 'DEVICE_24' AS "Device",
data-generator  |                 random()*1 AS "Valore" from generate_series('2023-01-01',NOW(), INTERVAL '1 hour');
data-generator  |         
data-generator  | 		DEVICE_25
data-generator  | 			TAG_0
data-generator  | 			TAG_1
data-generator  | 			TAG_2
data-generator  | 			TAG_3
data-generator  | 			TAG_4
data-generator  | 			TAG_5
data-generator  | 			TAG_6
data-generator  | 			TAG_7
data-generator  | 			TAG_8
data-generator  | 			TAG_9
data-generator  | 
data-generator  |             INSERT INTO "Values" ("Date", "Tag", "Device", "Value")
data-generator  |             SELECT
data-generator  |                 generate_series AS "Data",
data-generator  |                 'TAG_0' AS "Tag",
data-generator  |                 'DEVICE_25' AS "Device",
data-generator  |                 random()*1 AS "Valore" from generate_series('2023-01-01',NOW(), INTERVAL '1 hour');
data-generator  |         
data-generator  |             INSERT INTO "Values" ("Date", "Tag", "Device", "Value")
data-generator  |             SELECT
data-generator  |                 generate_series AS "Data",
data-generator  |                 'TAG_1' AS "Tag",
data-generator  |                 'DEVICE_25' AS "Device",
data-generator  |                 random()*1 AS "Valore" from generate_series('2023-01-01',NOW(), INTERVAL '1 hour');
data-generator  |         
data-generator  |             INSERT INTO "Values" ("Date", "Tag", "Device", "Value")
data-generator  |             SELECT
data-generator  |                 generate_series AS "Data",
data-generator  |                 'TAG_2' AS "Tag",
data-generator  |                 'DEVICE_25' AS "Device",
data-generator  |                 random()*1 AS "Valore" from generate_series('2023-01-01',NOW(), INTERVAL '1 hour');
data-generator  |         
data-generator  |             INSERT INTO "Values" ("Date", "Tag", "Device", "Value")
data-generator  |             SELECT
data-generator  |                 generate_series AS "Data",
data-generator  |                 'TAG_3' AS "Tag",
data-generator  |                 'DEVICE_25' AS "Device",
data-generator  |                 random()*1 AS "Valore" from generate_series('2023-01-01',NOW(), INTERVAL '1 hour');
data-generator  |         
data-generator  |             INSERT INTO "Values" ("Date", "Tag", "Device", "Value")
data-generator  |             SELECT
data-generator  |                 generate_series AS "Data",
data-generator  |                 'TAG_4' AS "Tag",
data-generator  |                 'DEVICE_25' AS "Device",
data-generator  |                 random()*1 AS "Valore" from generate_series('2023-01-01',NOW(), INTERVAL '1 hour');
data-generator  |         
data-generator  |             INSERT INTO "Values" ("Date", "Tag", "Device", "Value")
data-generator  |             SELECT
data-generator  |                 generate_series AS "Data",
data-generator  |                 'TAG_5' AS "Tag",
data-generator  |                 'DEVICE_25' AS "Device",
data-generator  |                 random()*1 AS "Valore" from generate_series('2023-01-01',NOW(), INTERVAL '1 hour');
data-generator  |         
data-generator  |             INSERT INTO "Values" ("Date", "Tag", "Device", "Value")
data-generator  |             SELECT
data-generator  |                 generate_series AS "Data",
data-generator  |                 'TAG_6' AS "Tag",
data-generator  |                 'DEVICE_25' AS "Device",
data-generator  |                 random()*1 AS "Valore" from generate_series('2023-01-01',NOW(), INTERVAL '1 hour');
data-generator  |         
data-generator  |             INSERT INTO "Values" ("Date", "Tag", "Device", "Value")
data-generator  |             SELECT
data-generator  |                 generate_series AS "Data",
data-generator  |                 'TAG_7' AS "Tag",
data-generator  |                 'DEVICE_25' AS "Device",
data-generator  |                 random()*1 AS "Valore" from generate_series('2023-01-01',NOW(), INTERVAL '1 hour');
data-generator  |         
data-generator  |             INSERT INTO "Values" ("Date", "Tag", "Device", "Value")
data-generator  |             SELECT
data-generator  |                 generate_series AS "Data",
data-generator  |                 'TAG_8' AS "Tag",
data-generator  |                 'DEVICE_25' AS "Device",
data-generator  |                 random()*1 AS "Valore" from generate_series('2023-01-01',NOW(), INTERVAL '1 hour');
data-generator  |         
data-generator  |             INSERT INTO "Values" ("Date", "Tag", "Device", "Value")
data-generator  |             SELECT
data-generator  |                 generate_series AS "Data",
data-generator  |                 'TAG_9' AS "Tag",
data-generator  |                 'DEVICE_25' AS "Device",
data-generator  |                 random()*1 AS "Valore" from generate_series('2023-01-01',NOW(), INTERVAL '1 hour');
data-generator  |         
data-generator  | 		DEVICE_26
data-generator  | 			TAG_0
data-generator  | 			TAG_1
data-generator  | 			TAG_2
data-generator  | 			TAG_3
data-generator  | 			TAG_4
data-generator  | 			TAG_5
data-generator  | 			TAG_6
data-generator  | 			TAG_7
data-generator  | 			TAG_8
data-generator  | 			TAG_9
data-generator  | 
data-generator  |             INSERT INTO "Values" ("Date", "Tag", "Device", "Value")
data-generator  |             SELECT
data-generator  |                 generate_series AS "Data",
data-generator  |                 'TAG_0' AS "Tag",
data-generator  |                 'DEVICE_26' AS "Device",
data-generator  |                 random()*1 AS "Valore" from generate_series('2023-01-01',NOW(), INTERVAL '1 hour');
data-generator  |         
data-generator  |             INSERT INTO "Values" ("Date", "Tag", "Device", "Value")
data-generator  |             SELECT
data-generator  |                 generate_series AS "Data",
data-generator  |                 'TAG_1' AS "Tag",
data-generator  |                 'DEVICE_26' AS "Device",
data-generator  |                 random()*1 AS "Valore" from generate_series('2023-01-01',NOW(), INTERVAL '1 hour');
data-generator  |         
data-generator  |             INSERT INTO "Values" ("Date", "Tag", "Device", "Value")
data-generator  |             SELECT
data-generator  |                 generate_series AS "Data",
data-generator  |                 'TAG_2' AS "Tag",
data-generator  |                 'DEVICE_26' AS "Device",
data-generator  |                 random()*1 AS "Valore" from generate_series('2023-01-01',NOW(), INTERVAL '1 hour');
data-generator  |         
data-generator  |             INSERT INTO "Values" ("Date", "Tag", "Device", "Value")
data-generator  |             SELECT
data-generator  |                 generate_series AS "Data",
data-generator  |                 'TAG_3' AS "Tag",
data-generator  |                 'DEVICE_26' AS "Device",
data-generator  |                 random()*1 AS "Valore" from generate_series('2023-01-01',NOW(), INTERVAL '1 hour');
data-generator  |         
data-generator  |             INSERT INTO "Values" ("Date", "Tag", "Device", "Value")
data-generator  |             SELECT
data-generator  |                 generate_series AS "Data",
data-generator  |                 'TAG_4' AS "Tag",
data-generator  |                 'DEVICE_26' AS "Device",
data-generator  |                 random()*1 AS "Valore" from generate_series('2023-01-01',NOW(), INTERVAL '1 hour');
data-generator  |         
data-generator  |             INSERT INTO "Values" ("Date", "Tag", "Device", "Value")
data-generator  |             SELECT
data-generator  |                 generate_series AS "Data",
data-generator  |                 'TAG_5' AS "Tag",
data-generator  |                 'DEVICE_26' AS "Device",
data-generator  |                 random()*1 AS "Valore" from generate_series('2023-01-01',NOW(), INTERVAL '1 hour');
data-generator  |         
data-generator  |             INSERT INTO "Values" ("Date", "Tag", "Device", "Value")
data-generator  |             SELECT
data-generator  |                 generate_series AS "Data",
data-generator  |                 'TAG_6' AS "Tag",
data-generator  |                 'DEVICE_26' AS "Device",
data-generator  |                 random()*1 AS "Valore" from generate_series('2023-01-01',NOW(), INTERVAL '1 hour');
data-generator  |         
data-generator  |             INSERT INTO "Values" ("Date", "Tag", "Device", "Value")
data-generator  |             SELECT
data-generator  |                 generate_series AS "Data",
data-generator  |                 'TAG_7' AS "Tag",
data-generator  |                 'DEVICE_26' AS "Device",
data-generator  |                 random()*1 AS "Valore" from generate_series('2023-01-01',NOW(), INTERVAL '1 hour');
data-generator  |         
data-generator  |             INSERT INTO "Values" ("Date", "Tag", "Device", "Value")
data-generator  |             SELECT
data-generator  |                 generate_series AS "Data",
data-generator  |                 'TAG_8' AS "Tag",
data-generator  |                 'DEVICE_26' AS "Device",
data-generator  |                 random()*1 AS "Valore" from generate_series('2023-01-01',NOW(), INTERVAL '1 hour');
data-generator  |         
data-generator  |             INSERT INTO "Values" ("Date", "Tag", "Device", "Value")
data-generator  |             SELECT
data-generator  |                 generate_series AS "Data",
data-generator  |                 'TAG_9' AS "Tag",
data-generator  |                 'DEVICE_26' AS "Device",
data-generator  |                 random()*1 AS "Valore" from generate_series('2023-01-01',NOW(), INTERVAL '1 hour');
data-generator  |         
data-generator  | 		DEVICE_27
data-generator  | 			TAG_0
data-generator  | 			TAG_1
data-generator  | 			TAG_2
data-generator  | 			TAG_3
data-generator  | 			TAG_4
data-generator  | 			TAG_5
data-generator  | 			TAG_6
data-generator  | 			TAG_7
data-generator  | 			TAG_8
data-generator  | 			TAG_9
data-generator  | 
data-generator  |             INSERT INTO "Values" ("Date", "Tag", "Device", "Value")
data-generator  |             SELECT
data-generator  |                 generate_series AS "Data",
data-generator  |                 'TAG_0' AS "Tag",
data-generator  |                 'DEVICE_27' AS "Device",
data-generator  |                 random()*1 AS "Valore" from generate_series('2023-01-01',NOW(), INTERVAL '1 hour');
data-generator  |         
data-generator  |             INSERT INTO "Values" ("Date", "Tag", "Device", "Value")
data-generator  |             SELECT
data-generator  |                 generate_series AS "Data",
data-generator  |                 'TAG_1' AS "Tag",
data-generator  |                 'DEVICE_27' AS "Device",
data-generator  |                 random()*1 AS "Valore" from generate_series('2023-01-01',NOW(), INTERVAL '1 hour');
data-generator  |         
data-generator  |             INSERT INTO "Values" ("Date", "Tag", "Device", "Value")
data-generator  |             SELECT
data-generator  |                 generate_series AS "Data",
data-generator  |                 'TAG_2' AS "Tag",
data-generator  |                 'DEVICE_27' AS "Device",
data-generator  |                 random()*1 AS "Valore" from generate_series('2023-01-01',NOW(), INTERVAL '1 hour');
data-generator  |         
data-generator  |             INSERT INTO "Values" ("Date", "Tag", "Device", "Value")
data-generator  |             SELECT
data-generator  |                 generate_series AS "Data",
data-generator  |                 'TAG_3' AS "Tag",
data-generator  |                 'DEVICE_27' AS "Device",
data-generator  |                 random()*1 AS "Valore" from generate_series('2023-01-01',NOW(), INTERVAL '1 hour');
data-generator  |         
data-generator  |             INSERT INTO "Values" ("Date", "Tag", "Device", "Value")
data-generator  |             SELECT
data-generator  |                 generate_series AS "Data",
data-generator  |                 'TAG_4' AS "Tag",
data-generator  |                 'DEVICE_27' AS "Device",
data-generator  |                 random()*1 AS "Valore" from generate_series('2023-01-01',NOW(), INTERVAL '1 hour');
data-generator  |         
data-generator  |             INSERT INTO "Values" ("Date", "Tag", "Device", "Value")
data-generator  |             SELECT
data-generator  |                 generate_series AS "Data",
data-generator  |                 'TAG_5' AS "Tag",
data-generator  |                 'DEVICE_27' AS "Device",
data-generator  |                 random()*1 AS "Valore" from generate_series('2023-01-01',NOW(), INTERVAL '1 hour');
data-generator  |         
data-generator  |             INSERT INTO "Values" ("Date", "Tag", "Device", "Value")
data-generator  |             SELECT
data-generator  |                 generate_series AS "Data",
data-generator  |                 'TAG_6' AS "Tag",
data-generator  |                 'DEVICE_27' AS "Device",
data-generator  |                 random()*1 AS "Valore" from generate_series('2023-01-01',NOW(), INTERVAL '1 hour');
data-generator  |         
data-generator  |             INSERT INTO "Values" ("Date", "Tag", "Device", "Value")
data-generator  |             SELECT
data-generator  |                 generate_series AS "Data",
data-generator  |                 'TAG_7' AS "Tag",
data-generator  |                 'DEVICE_27' AS "Device",
data-generator  |                 random()*1 AS "Valore" from generate_series('2023-01-01',NOW(), INTERVAL '1 hour');
data-generator  |         
data-generator  |             INSERT INTO "Values" ("Date", "Tag", "Device", "Value")
data-generator  |             SELECT
data-generator  |                 generate_series AS "Data",
data-generator  |                 'TAG_8' AS "Tag",
data-generator  |                 'DEVICE_27' AS "Device",
data-generator  |                 random()*1 AS "Valore" from generate_series('2023-01-01',NOW(), INTERVAL '1 hour');
data-generator  |         
data-generator  |             INSERT INTO "Values" ("Date", "Tag", "Device", "Value")
data-generator  |             SELECT
data-generator  |                 generate_series AS "Data",
data-generator  |                 'TAG_9' AS "Tag",
data-generator  |                 'DEVICE_27' AS "Device",
data-generator  |                 random()*1 AS "Valore" from generate_series('2023-01-01',NOW(), INTERVAL '1 hour');
data-generator  |         
data-generator  | 		DEVICE_28
data-generator  | 			TAG_0
data-generator  | 			TAG_1
data-generator  | 			TAG_2
data-generator  | 			TAG_3
data-generator  | 			TAG_4
data-generator  | 			TAG_5
data-generator  | 			TAG_6
data-generator  | 			TAG_7
data-generator  | 			TAG_8
data-generator  | 			TAG_9
data-generator  | 
data-generator  |             INSERT INTO "Values" ("Date", "Tag", "Device", "Value")
data-generator  |             SELECT
data-generator  |                 generate_series AS "Data",
data-generator  |                 'TAG_0' AS "Tag",
data-generator  |                 'DEVICE_28' AS "Device",
data-generator  |                 random()*1 AS "Valore" from generate_series('2023-01-01',NOW(), INTERVAL '1 hour');
data-generator  |         
data-generator  |             INSERT INTO "Values" ("Date", "Tag", "Device", "Value")
data-generator  |             SELECT
data-generator  |                 generate_series AS "Data",
data-generator  |                 'TAG_1' AS "Tag",
data-generator  |                 'DEVICE_28' AS "Device",
data-generator  |                 random()*1 AS "Valore" from generate_series('2023-01-01',NOW(), INTERVAL '1 hour');
data-generator  |         
data-generator  |             INSERT INTO "Values" ("Date", "Tag", "Device", "Value")
data-generator  |             SELECT
data-generator  |                 generate_series AS "Data",
data-generator  |                 'TAG_2' AS "Tag",
data-generator  |                 'DEVICE_28' AS "Device",
data-generator  |                 random()*1 AS "Valore" from generate_series('2023-01-01',NOW(), INTERVAL '1 hour');
data-generator  |         
data-generator  |             INSERT INTO "Values" ("Date", "Tag", "Device", "Value")
data-generator  |             SELECT
data-generator  |                 generate_series AS "Data",
data-generator  |                 'TAG_3' AS "Tag",
data-generator  |                 'DEVICE_28' AS "Device",
data-generator  |                 random()*1 AS "Valore" from generate_series('2023-01-01',NOW(), INTERVAL '1 hour');
data-generator  |         
data-generator  |             INSERT INTO "Values" ("Date", "Tag", "Device", "Value")
data-generator  |             SELECT
data-generator  |                 generate_series AS "Data",
data-generator  |                 'TAG_4' AS "Tag",
data-generator  |                 'DEVICE_28' AS "Device",
data-generator  |                 random()*1 AS "Valore" from generate_series('2023-01-01',NOW(), INTERVAL '1 hour');
data-generator  |         
data-generator  |             INSERT INTO "Values" ("Date", "Tag", "Device", "Value")
data-generator  |             SELECT
data-generator  |                 generate_series AS "Data",
data-generator  |                 'TAG_5' AS "Tag",
data-generator  |                 'DEVICE_28' AS "Device",
data-generator  |                 random()*1 AS "Valore" from generate_series('2023-01-01',NOW(), INTERVAL '1 hour');
data-generator  |         
data-generator  |             INSERT INTO "Values" ("Date", "Tag", "Device", "Value")
data-generator  |             SELECT
data-generator  |                 generate_series AS "Data",
data-generator  |                 'TAG_6' AS "Tag",
data-generator  |                 'DEVICE_28' AS "Device",
data-generator  |                 random()*1 AS "Valore" from generate_series('2023-01-01',NOW(), INTERVAL '1 hour');
data-generator  |         
data-generator  |             INSERT INTO "Values" ("Date", "Tag", "Device", "Value")
data-generator  |             SELECT
data-generator  |                 generate_series AS "Data",
data-generator  |                 'TAG_7' AS "Tag",
data-generator  |                 'DEVICE_28' AS "Device",
data-generator  |                 random()*1 AS "Valore" from generate_series('2023-01-01',NOW(), INTERVAL '1 hour');
data-generator  |         
data-generator  |             INSERT INTO "Values" ("Date", "Tag", "Device", "Value")
data-generator  |             SELECT
data-generator  |                 generate_series AS "Data",
data-generator  |                 'TAG_8' AS "Tag",
data-generator  |                 'DEVICE_28' AS "Device",
data-generator  |                 random()*1 AS "Valore" from generate_series('2023-01-01',NOW(), INTERVAL '1 hour');
data-generator  |         
data-generator  |             INSERT INTO "Values" ("Date", "Tag", "Device", "Value")
data-generator  |             SELECT
data-generator  |                 generate_series AS "Data",
data-generator  |                 'TAG_9' AS "Tag",
data-generator  |                 'DEVICE_28' AS "Device",
data-generator  |                 random()*1 AS "Valore" from generate_series('2023-01-01',NOW(), INTERVAL '1 hour');
data-generator  |         
data-generator  | 		DEVICE_29
data-generator  | 			TAG_0
data-generator  | 			TAG_1
data-generator  | 			TAG_2
data-generator  | 			TAG_3
data-generator  | 			TAG_4
data-generator  | 			TAG_5
data-generator  | 			TAG_6
data-generator  | 			TAG_7
data-generator  | 			TAG_8
data-generator  | 			TAG_9
data-generator  | 
data-generator  |             INSERT INTO "Values" ("Date", "Tag", "Device", "Value")
data-generator  |             SELECT
data-generator  |                 generate_series AS "Data",
data-generator  |                 'TAG_0' AS "Tag",
data-generator  |                 'DEVICE_29' AS "Device",
data-generator  |                 random()*1 AS "Valore" from generate_series('2023-01-01',NOW(), INTERVAL '1 hour');
data-generator  |         
data-generator  |             INSERT INTO "Values" ("Date", "Tag", "Device", "Value")
data-generator  |             SELECT
data-generator  |                 generate_series AS "Data",
data-generator  |                 'TAG_1' AS "Tag",
data-generator  |                 'DEVICE_29' AS "Device",
data-generator  |                 random()*1 AS "Valore" from generate_series('2023-01-01',NOW(), INTERVAL '1 hour');
data-generator  |         
data-generator  |             INSERT INTO "Values" ("Date", "Tag", "Device", "Value")
data-generator  |             SELECT
data-generator  |                 generate_series AS "Data",
data-generator  |                 'TAG_2' AS "Tag",
data-generator  |                 'DEVICE_29' AS "Device",
data-generator  |                 random()*1 AS "Valore" from generate_series('2023-01-01',NOW(), INTERVAL '1 hour');
data-generator  |         
data-generator  |             INSERT INTO "Values" ("Date", "Tag", "Device", "Value")
data-generator  |             SELECT
data-generator  |                 generate_series AS "Data",
data-generator  |                 'TAG_3' AS "Tag",
data-generator  |                 'DEVICE_29' AS "Device",
data-generator  |                 random()*1 AS "Valore" from generate_series('2023-01-01',NOW(), INTERVAL '1 hour');
data-generator  |         
data-generator  |             INSERT INTO "Values" ("Date", "Tag", "Device", "Value")
data-generator  |             SELECT
data-generator  |                 generate_series AS "Data",
data-generator  |                 'TAG_4' AS "Tag",
data-generator  |                 'DEVICE_29' AS "Device",
data-generator  |                 random()*1 AS "Valore" from generate_series('2023-01-01',NOW(), INTERVAL '1 hour');
data-generator  |         
data-generator  |             INSERT INTO "Values" ("Date", "Tag", "Device", "Value")
data-generator  |             SELECT
data-generator  |                 generate_series AS "Data",
data-generator  |                 'TAG_5' AS "Tag",
data-generator  |                 'DEVICE_29' AS "Device",
data-generator  |                 random()*1 AS "Valore" from generate_series('2023-01-01',NOW(), INTERVAL '1 hour');
data-generator  |         
data-generator  |             INSERT INTO "Values" ("Date", "Tag", "Device", "Value")
data-generator  |             SELECT
data-generator  |                 generate_series AS "Data",
data-generator  |                 'TAG_6' AS "Tag",
data-generator  |                 'DEVICE_29' AS "Device",
data-generator  |                 random()*1 AS "Valore" from generate_series('2023-01-01',NOW(), INTERVAL '1 hour');
data-generator  |         
data-generator  |             INSERT INTO "Values" ("Date", "Tag", "Device", "Value")
data-generator  |             SELECT
data-generator  |                 generate_series AS "Data",
data-generator  |                 'TAG_7' AS "Tag",
data-generator  |                 'DEVICE_29' AS "Device",
data-generator  |                 random()*1 AS "Valore" from generate_series('2023-01-01',NOW(), INTERVAL '1 hour');
data-generator  |         
data-generator  |             INSERT INTO "Values" ("Date", "Tag", "Device", "Value")
data-generator  |             SELECT
data-generator  |                 generate_series AS "Data",
data-generator  |                 'TAG_8' AS "Tag",
data-generator  |                 'DEVICE_29' AS "Device",
data-generator  |                 random()*1 AS "Valore" from generate_series('2023-01-01',NOW(), INTERVAL '1 hour');
data-generator  |         
data-generator  |             INSERT INTO "Values" ("Date", "Tag", "Device", "Value")
data-generator  |             SELECT
data-generator  |                 generate_series AS "Data",
data-generator  |                 'TAG_9' AS "Tag",
data-generator  |                 'DEVICE_29' AS "Device",
data-generator  |                 random()*1 AS "Valore" from generate_series('2023-01-01',NOW(), INTERVAL '1 hour');
data-generator  |         
data-generator  | 		DEVICE_30
data-generator  | 			TAG_0
data-generator  | 			TAG_1
data-generator  | 			TAG_2
data-generator  | 			TAG_3
data-generator  | 			TAG_4
data-generator  | 			TAG_5
data-generator  | 			TAG_6
data-generator  | 			TAG_7
data-generator  | 			TAG_8
data-generator  | 			TAG_9
data-generator  | 
data-generator  |             INSERT INTO "Values" ("Date", "Tag", "Device", "Value")
data-generator  |             SELECT
data-generator  |                 generate_series AS "Data",
data-generator  |                 'TAG_0' AS "Tag",
data-generator  |                 'DEVICE_30' AS "Device",
data-generator  |                 random()*1 AS "Valore" from generate_series('2023-01-01',NOW(), INTERVAL '1 hour');
data-generator  |         
data-generator  |             INSERT INTO "Values" ("Date", "Tag", "Device", "Value")
data-generator  |             SELECT
data-generator  |                 generate_series AS "Data",
data-generator  |                 'TAG_1' AS "Tag",
data-generator  |                 'DEVICE_30' AS "Device",
data-generator  |                 random()*1 AS "Valore" from generate_series('2023-01-01',NOW(), INTERVAL '1 hour');
data-generator  |         
data-generator  |             INSERT INTO "Values" ("Date", "Tag", "Device", "Value")
data-generator  |             SELECT
data-generator  |                 generate_series AS "Data",
data-generator  |                 'TAG_2' AS "Tag",
data-generator  |                 'DEVICE_30' AS "Device",
data-generator  |                 random()*1 AS "Valore" from generate_series('2023-01-01',NOW(), INTERVAL '1 hour');
data-generator  |         
data-generator  |             INSERT INTO "Values" ("Date", "Tag", "Device", "Value")
data-generator  |             SELECT
data-generator  |                 generate_series AS "Data",
data-generator  |                 'TAG_3' AS "Tag",
data-generator  |                 'DEVICE_30' AS "Device",
data-generator  |                 random()*1 AS "Valore" from generate_series('2023-01-01',NOW(), INTERVAL '1 hour');
data-generator  |         
data-generator  |             INSERT INTO "Values" ("Date", "Tag", "Device", "Value")
data-generator  |             SELECT
data-generator  |                 generate_series AS "Data",
data-generator  |                 'TAG_4' AS "Tag",
data-generator  |                 'DEVICE_30' AS "Device",
data-generator  |                 random()*1 AS "Valore" from generate_series('2023-01-01',NOW(), INTERVAL '1 hour');
data-generator  |         
data-generator  |             INSERT INTO "Values" ("Date", "Tag", "Device", "Value")
data-generator  |             SELECT
data-generator  |                 generate_series AS "Data",
data-generator  |                 'TAG_5' AS "Tag",
data-generator  |                 'DEVICE_30' AS "Device",
data-generator  |                 random()*1 AS "Valore" from generate_series('2023-01-01',NOW(), INTERVAL '1 hour');
data-generator  |         
data-generator  |             INSERT INTO "Values" ("Date", "Tag", "Device", "Value")
data-generator  |             SELECT
data-generator  |                 generate_series AS "Data",
data-generator  |                 'TAG_6' AS "Tag",
data-generator  |                 'DEVICE_30' AS "Device",
data-generator  |                 random()*1 AS "Valore" from generate_series('2023-01-01',NOW(), INTERVAL '1 hour');
data-generator  |         
data-generator  |             INSERT INTO "Values" ("Date", "Tag", "Device", "Value")
data-generator  |             SELECT
data-generator  |                 generate_series AS "Data",
data-generator  |                 'TAG_7' AS "Tag",
data-generator  |                 'DEVICE_30' AS "Device",
data-generator  |                 random()*1 AS "Valore" from generate_series('2023-01-01',NOW(), INTERVAL '1 hour');
data-generator  |         
data-generator  |             INSERT INTO "Values" ("Date", "Tag", "Device", "Value")
data-generator  |             SELECT
data-generator  |                 generate_series AS "Data",
data-generator  |                 'TAG_8' AS "Tag",
data-generator  |                 'DEVICE_30' AS "Device",
data-generator  |                 random()*1 AS "Valore" from generate_series('2023-01-01',NOW(), INTERVAL '1 hour');
data-generator  |         
data-generator  |             INSERT INTO "Values" ("Date", "Tag", "Device", "Value")
data-generator  |             SELECT
data-generator  |                 generate_series AS "Data",
data-generator  |                 'TAG_9' AS "Tag",
data-generator  |                 'DEVICE_30' AS "Device",
data-generator  |                 random()*1 AS "Valore" from generate_series('2023-01-01',NOW(), INTERVAL '1 hour');
data-generator  |         
data-generator  | 		DEVICE_31
data-generator  | 			TAG_0
data-generator  | 			TAG_1
data-generator  | 			TAG_2
data-generator  | 			TAG_3
data-generator  | 			TAG_4
data-generator  | 			TAG_5
data-generator  | 			TAG_6
data-generator  | 			TAG_7
data-generator  | 			TAG_8
data-generator  | 			TAG_9
data-generator  | 
data-generator  |             INSERT INTO "Values" ("Date", "Tag", "Device", "Value")
data-generator  |             SELECT
data-generator  |                 generate_series AS "Data",
data-generator  |                 'TAG_0' AS "Tag",
data-generator  |                 'DEVICE_31' AS "Device",
data-generator  |                 random()*1 AS "Valore" from generate_series('2023-01-01',NOW(), INTERVAL '1 hour');
data-generator  |         
data-generator  |             INSERT INTO "Values" ("Date", "Tag", "Device", "Value")
data-generator  |             SELECT
data-generator  |                 generate_series AS "Data",
data-generator  |                 'TAG_1' AS "Tag",
data-generator  |                 'DEVICE_31' AS "Device",
data-generator  |                 random()*1 AS "Valore" from generate_series('2023-01-01',NOW(), INTERVAL '1 hour');
data-generator  |         
data-generator  |             INSERT INTO "Values" ("Date", "Tag", "Device", "Value")
data-generator  |             SELECT
data-generator  |                 generate_series AS "Data",
data-generator  |                 'TAG_2' AS "Tag",
data-generator  |                 'DEVICE_31' AS "Device",
data-generator  |                 random()*1 AS "Valore" from generate_series('2023-01-01',NOW(), INTERVAL '1 hour');
data-generator  |         
data-generator  |             INSERT INTO "Values" ("Date", "Tag", "Device", "Value")
data-generator  |             SELECT
data-generator  |                 generate_series AS "Data",
data-generator  |                 'TAG_3' AS "Tag",
data-generator  |                 'DEVICE_31' AS "Device",
data-generator  |                 random()*1 AS "Valore" from generate_series('2023-01-01',NOW(), INTERVAL '1 hour');
data-generator  |         
data-generator  |             INSERT INTO "Values" ("Date", "Tag", "Device", "Value")
data-generator  |             SELECT
data-generator  |                 generate_series AS "Data",
data-generator  |                 'TAG_4' AS "Tag",
data-generator  |                 'DEVICE_31' AS "Device",
data-generator  |                 random()*1 AS "Valore" from generate_series('2023-01-01',NOW(), INTERVAL '1 hour');
data-generator  |         
data-generator  |             INSERT INTO "Values" ("Date", "Tag", "Device", "Value")
data-generator  |             SELECT
data-generator  |                 generate_series AS "Data",
data-generator  |                 'TAG_5' AS "Tag",
data-generator  |                 'DEVICE_31' AS "Device",
data-generator  |                 random()*1 AS "Valore" from generate_series('2023-01-01',NOW(), INTERVAL '1 hour');
data-generator  |         
data-generator  |             INSERT INTO "Values" ("Date", "Tag", "Device", "Value")
data-generator  |             SELECT
data-generator  |                 generate_series AS "Data",
data-generator  |                 'TAG_6' AS "Tag",
data-generator  |                 'DEVICE_31' AS "Device",
data-generator  |                 random()*1 AS "Valore" from generate_series('2023-01-01',NOW(), INTERVAL '1 hour');
data-generator  |         
data-generator  |             INSERT INTO "Values" ("Date", "Tag", "Device", "Value")
data-generator  |             SELECT
data-generator  |                 generate_series AS "Data",
data-generator  |                 'TAG_7' AS "Tag",
data-generator  |                 'DEVICE_31' AS "Device",
data-generator  |                 random()*1 AS "Valore" from generate_series('2023-01-01',NOW(), INTERVAL '1 hour');
data-generator  |         
data-generator  |             INSERT INTO "Values" ("Date", "Tag", "Device", "Value")
data-generator  |             SELECT
data-generator  |                 generate_series AS "Data",
data-generator  |                 'TAG_8' AS "Tag",
data-generator  |                 'DEVICE_31' AS "Device",
data-generator  |                 random()*1 AS "Valore" from generate_series('2023-01-01',NOW(), INTERVAL '1 hour');
data-generator  |         
data-generator  |             INSERT INTO "Values" ("Date", "Tag", "Device", "Value")
data-generator  |             SELECT
data-generator  |                 generate_series AS "Data",
data-generator  |                 'TAG_9' AS "Tag",
data-generator  |                 'DEVICE_31' AS "Device",
data-generator  |                 random()*1 AS "Valore" from generate_series('2023-01-01',NOW(), INTERVAL '1 hour');
data-generator  |         
data-generator  | 		DEVICE_32
data-generator  | 			TAG_0
data-generator  | 			TAG_1
data-generator  | 			TAG_2
data-generator  | 			TAG_3
data-generator  | 			TAG_4
data-generator  | 			TAG_5
data-generator  | 			TAG_6
data-generator  | 			TAG_7
data-generator  | 			TAG_8
data-generator  | 			TAG_9
data-generator  | 
data-generator  |             INSERT INTO "Values" ("Date", "Tag", "Device", "Value")
data-generator  |             SELECT
data-generator  |                 generate_series AS "Data",
data-generator  |                 'TAG_0' AS "Tag",
data-generator  |                 'DEVICE_32' AS "Device",
data-generator  |                 random()*1 AS "Valore" from generate_series('2023-01-01',NOW(), INTERVAL '1 hour');
data-generator  |         
data-generator  |             INSERT INTO "Values" ("Date", "Tag", "Device", "Value")
data-generator  |             SELECT
data-generator  |                 generate_series AS "Data",
data-generator  |                 'TAG_1' AS "Tag",
data-generator  |                 'DEVICE_32' AS "Device",
data-generator  |                 random()*1 AS "Valore" from generate_series('2023-01-01',NOW(), INTERVAL '1 hour');
data-generator  |         
data-generator  |             INSERT INTO "Values" ("Date", "Tag", "Device", "Value")
data-generator  |             SELECT
data-generator  |                 generate_series AS "Data",
data-generator  |                 'TAG_2' AS "Tag",
data-generator  |                 'DEVICE_32' AS "Device",
data-generator  |                 random()*1 AS "Valore" from generate_series('2023-01-01',NOW(), INTERVAL '1 hour');
data-generator  |         
data-generator  |             INSERT INTO "Values" ("Date", "Tag", "Device", "Value")
data-generator  |             SELECT
data-generator  |                 generate_series AS "Data",
data-generator  |                 'TAG_3' AS "Tag",
data-generator  |                 'DEVICE_32' AS "Device",
data-generator  |                 random()*1 AS "Valore" from generate_series('2023-01-01',NOW(), INTERVAL '1 hour');
data-generator  |         
data-generator  |             INSERT INTO "Values" ("Date", "Tag", "Device", "Value")
data-generator  |             SELECT
data-generator  |                 generate_series AS "Data",
data-generator  |                 'TAG_4' AS "Tag",
data-generator  |                 'DEVICE_32' AS "Device",
data-generator  |                 random()*1 AS "Valore" from generate_series('2023-01-01',NOW(), INTERVAL '1 hour');
data-generator  |         
data-generator  |             INSERT INTO "Values" ("Date", "Tag", "Device", "Value")
data-generator  |             SELECT
data-generator  |                 generate_series AS "Data",
data-generator  |                 'TAG_5' AS "Tag",
data-generator  |                 'DEVICE_32' AS "Device",
data-generator  |                 random()*1 AS "Valore" from generate_series('2023-01-01',NOW(), INTERVAL '1 hour');
data-generator  |         
data-generator  |             INSERT INTO "Values" ("Date", "Tag", "Device", "Value")
data-generator  |             SELECT
data-generator  |                 generate_series AS "Data",
data-generator  |                 'TAG_6' AS "Tag",
data-generator  |                 'DEVICE_32' AS "Device",
data-generator  |                 random()*1 AS "Valore" from generate_series('2023-01-01',NOW(), INTERVAL '1 hour');
data-generator  |         
data-generator  |             INSERT INTO "Values" ("Date", "Tag", "Device", "Value")
data-generator  |             SELECT
data-generator  |                 generate_series AS "Data",
data-generator  |                 'TAG_7' AS "Tag",
data-generator  |                 'DEVICE_32' AS "Device",
data-generator  |                 random()*1 AS "Valore" from generate_series('2023-01-01',NOW(), INTERVAL '1 hour');
data-generator  |         
data-generator  |             INSERT INTO "Values" ("Date", "Tag", "Device", "Value")
data-generator  |             SELECT
data-generator  |                 generate_series AS "Data",
data-generator  |                 'TAG_8' AS "Tag",
data-generator  |                 'DEVICE_32' AS "Device",
data-generator  |                 random()*1 AS "Valore" from generate_series('2023-01-01',NOW(), INTERVAL '1 hour');
data-generator  |         
data-generator  |             INSERT INTO "Values" ("Date", "Tag", "Device", "Value")
data-generator  |             SELECT
data-generator  |                 generate_series AS "Data",
data-generator  |                 'TAG_9' AS "Tag",
data-generator  |                 'DEVICE_32' AS "Device",
data-generator  |                 random()*1 AS "Valore" from generate_series('2023-01-01',NOW(), INTERVAL '1 hour');
data-generator  |         
data-generator  | 		DEVICE_33
data-generator  | 			TAG_0
data-generator  | 			TAG_1
data-generator  | 			TAG_2
data-generator  | 			TAG_3
data-generator  | 			TAG_4
data-generator  | 			TAG_5
data-generator  | 			TAG_6
data-generator  | 			TAG_7
data-generator  | 			TAG_8
data-generator  | 			TAG_9
data-generator  | 
data-generator  |             INSERT INTO "Values" ("Date", "Tag", "Device", "Value")
data-generator  |             SELECT
data-generator  |                 generate_series AS "Data",
data-generator  |                 'TAG_0' AS "Tag",
data-generator  |                 'DEVICE_33' AS "Device",
data-generator  |                 random()*1 AS "Valore" from generate_series('2023-01-01',NOW(), INTERVAL '1 hour');
data-generator  |         
data-generator  |             INSERT INTO "Values" ("Date", "Tag", "Device", "Value")
data-generator  |             SELECT
data-generator  |                 generate_series AS "Data",
data-generator  |                 'TAG_1' AS "Tag",
data-generator  |                 'DEVICE_33' AS "Device",
data-generator  |                 random()*1 AS "Valore" from generate_series('2023-01-01',NOW(), INTERVAL '1 hour');
data-generator  |         
data-generator  |             INSERT INTO "Values" ("Date", "Tag", "Device", "Value")
data-generator  |             SELECT
data-generator  |                 generate_series AS "Data",
data-generator  |                 'TAG_2' AS "Tag",
data-generator  |                 'DEVICE_33' AS "Device",
data-generator  |                 random()*1 AS "Valore" from generate_series('2023-01-01',NOW(), INTERVAL '1 hour');
data-generator  |         
data-generator  |             INSERT INTO "Values" ("Date", "Tag", "Device", "Value")
data-generator  |             SELECT
data-generator  |                 generate_series AS "Data",
data-generator  |                 'TAG_3' AS "Tag",
data-generator  |                 'DEVICE_33' AS "Device",
data-generator  |                 random()*1 AS "Valore" from generate_series('2023-01-01',NOW(), INTERVAL '1 hour');
data-generator  |         
data-generator  |             INSERT INTO "Values" ("Date", "Tag", "Device", "Value")
data-generator  |             SELECT
data-generator  |                 generate_series AS "Data",
data-generator  |                 'TAG_4' AS "Tag",
data-generator  |                 'DEVICE_33' AS "Device",
data-generator  |                 random()*1 AS "Valore" from generate_series('2023-01-01',NOW(), INTERVAL '1 hour');
data-generator  |         
data-generator  |             INSERT INTO "Values" ("Date", "Tag", "Device", "Value")
data-generator  |             SELECT
data-generator  |                 generate_series AS "Data",
data-generator  |                 'TAG_5' AS "Tag",
data-generator  |                 'DEVICE_33' AS "Device",
data-generator  |                 random()*1 AS "Valore" from generate_series('2023-01-01',NOW(), INTERVAL '1 hour');
data-generator  |         
data-generator  |             INSERT INTO "Values" ("Date", "Tag", "Device", "Value")
data-generator  |             SELECT
data-generator  |                 generate_series AS "Data",
data-generator  |                 'TAG_6' AS "Tag",
data-generator  |                 'DEVICE_33' AS "Device",
data-generator  |                 random()*1 AS "Valore" from generate_series('2023-01-01',NOW(), INTERVAL '1 hour');
data-generator  |         
data-generator  |             INSERT INTO "Values" ("Date", "Tag", "Device", "Value")
data-generator  |             SELECT
data-generator  |                 generate_series AS "Data",
data-generator  |                 'TAG_7' AS "Tag",
data-generator  |                 'DEVICE_33' AS "Device",
data-generator  |                 random()*1 AS "Valore" from generate_series('2023-01-01',NOW(), INTERVAL '1 hour');
data-generator  |         
data-generator  |             INSERT INTO "Values" ("Date", "Tag", "Device", "Value")
data-generator  |             SELECT
data-generator  |                 generate_series AS "Data",
data-generator  |                 'TAG_8' AS "Tag",
data-generator  |                 'DEVICE_33' AS "Device",
data-generator  |                 random()*1 AS "Valore" from generate_series('2023-01-01',NOW(), INTERVAL '1 hour');
data-generator  |         
data-generator  |             INSERT INTO "Values" ("Date", "Tag", "Device", "Value")
data-generator  |             SELECT
data-generator  |                 generate_series AS "Data",
data-generator  |                 'TAG_9' AS "Tag",
data-generator  |                 'DEVICE_33' AS "Device",
data-generator  |                 random()*1 AS "Valore" from generate_series('2023-01-01',NOW(), INTERVAL '1 hour');
data-generator  |         
data-generator  | 		DEVICE_34
data-generator  | 			TAG_0
data-generator  | 			TAG_1
data-generator  | 			TAG_2
data-generator  | 			TAG_3
data-generator  | 			TAG_4
data-generator  | 			TAG_5
data-generator  | 			TAG_6
data-generator  | 			TAG_7
data-generator  | 			TAG_8
data-generator  | 			TAG_9
data-generator  | 
data-generator  |             INSERT INTO "Values" ("Date", "Tag", "Device", "Value")
data-generator  |             SELECT
data-generator  |                 generate_series AS "Data",
data-generator  |                 'TAG_0' AS "Tag",
data-generator  |                 'DEVICE_34' AS "Device",
data-generator  |                 random()*1 AS "Valore" from generate_series('2023-01-01',NOW(), INTERVAL '1 hour');
data-generator  |         
data-generator  |             INSERT INTO "Values" ("Date", "Tag", "Device", "Value")
data-generator  |             SELECT
data-generator  |                 generate_series AS "Data",
data-generator  |                 'TAG_1' AS "Tag",
data-generator  |                 'DEVICE_34' AS "Device",
data-generator  |                 random()*1 AS "Valore" from generate_series('2023-01-01',NOW(), INTERVAL '1 hour');
data-generator  |         
data-generator  |             INSERT INTO "Values" ("Date", "Tag", "Device", "Value")
data-generator  |             SELECT
data-generator  |                 generate_series AS "Data",
data-generator  |                 'TAG_2' AS "Tag",
data-generator  |                 'DEVICE_34' AS "Device",
data-generator  |                 random()*1 AS "Valore" from generate_series('2023-01-01',NOW(), INTERVAL '1 hour');
data-generator  |         
data-generator  |             INSERT INTO "Values" ("Date", "Tag", "Device", "Value")
data-generator  |             SELECT
data-generator  |                 generate_series AS "Data",
data-generator  |                 'TAG_3' AS "Tag",
data-generator  |                 'DEVICE_34' AS "Device",
data-generator  |                 random()*1 AS "Valore" from generate_series('2023-01-01',NOW(), INTERVAL '1 hour');
data-generator  |         
data-generator  |             INSERT INTO "Values" ("Date", "Tag", "Device", "Value")
data-generator  |             SELECT
data-generator  |                 generate_series AS "Data",
data-generator  |                 'TAG_4' AS "Tag",
data-generator  |                 'DEVICE_34' AS "Device",
data-generator  |                 random()*1 AS "Valore" from generate_series('2023-01-01',NOW(), INTERVAL '1 hour');
data-generator  |         
data-generator  |             INSERT INTO "Values" ("Date", "Tag", "Device", "Value")
data-generator  |             SELECT
data-generator  |                 generate_series AS "Data",
data-generator  |                 'TAG_5' AS "Tag",
data-generator  |                 'DEVICE_34' AS "Device",
data-generator  |                 random()*1 AS "Valore" from generate_series('2023-01-01',NOW(), INTERVAL '1 hour');
data-generator  |         
data-generator  |             INSERT INTO "Values" ("Date", "Tag", "Device", "Value")
data-generator  |             SELECT
data-generator  |                 generate_series AS "Data",
data-generator  |                 'TAG_6' AS "Tag",
data-generator  |                 'DEVICE_34' AS "Device",
data-generator  |                 random()*1 AS "Valore" from generate_series('2023-01-01',NOW(), INTERVAL '1 hour');
data-generator  |         
data-generator  |             INSERT INTO "Values" ("Date", "Tag", "Device", "Value")
data-generator  |             SELECT
data-generator  |                 generate_series AS "Data",
data-generator  |                 'TAG_7' AS "Tag",
data-generator  |                 'DEVICE_34' AS "Device",
data-generator  |                 random()*1 AS "Valore" from generate_series('2023-01-01',NOW(), INTERVAL '1 hour');
data-generator  |         
data-generator  |             INSERT INTO "Values" ("Date", "Tag", "Device", "Value")
data-generator  |             SELECT
data-generator  |                 generate_series AS "Data",
data-generator  |                 'TAG_8' AS "Tag",
data-generator  |                 'DEVICE_34' AS "Device",
data-generator  |                 random()*1 AS "Valore" from generate_series('2023-01-01',NOW(), INTERVAL '1 hour');
data-generator  |         
data-generator  |             INSERT INTO "Values" ("Date", "Tag", "Device", "Value")
data-generator  |             SELECT
data-generator  |                 generate_series AS "Data",
data-generator  |                 'TAG_9' AS "Tag",
data-generator  |                 'DEVICE_34' AS "Device",
data-generator  |                 random()*1 AS "Valore" from generate_series('2023-01-01',NOW(), INTERVAL '1 hour');
data-generator  |         
data-generator  | 		DEVICE_35
data-generator  | 			TAG_0
data-generator  | 			TAG_1
data-generator  | 			TAG_2
data-generator  | 			TAG_3
data-generator  | 			TAG_4
data-generator  | 			TAG_5
data-generator  | 			TAG_6
data-generator  | 			TAG_7
data-generator  | 			TAG_8
data-generator  | 			TAG_9
data-generator  | 
data-generator  |             INSERT INTO "Values" ("Date", "Tag", "Device", "Value")
data-generator  |             SELECT
data-generator  |                 generate_series AS "Data",
data-generator  |                 'TAG_0' AS "Tag",
data-generator  |                 'DEVICE_35' AS "Device",
data-generator  |                 random()*1 AS "Valore" from generate_series('2023-01-01',NOW(), INTERVAL '1 hour');
data-generator  |         
data-generator  |             INSERT INTO "Values" ("Date", "Tag", "Device", "Value")
data-generator  |             SELECT
data-generator  |                 generate_series AS "Data",
data-generator  |                 'TAG_1' AS "Tag",
data-generator  |                 'DEVICE_35' AS "Device",
data-generator  |                 random()*1 AS "Valore" from generate_series('2023-01-01',NOW(), INTERVAL '1 hour');
data-generator  |         
data-generator  |             INSERT INTO "Values" ("Date", "Tag", "Device", "Value")
data-generator  |             SELECT
data-generator  |                 generate_series AS "Data",
data-generator  |                 'TAG_2' AS "Tag",
data-generator  |                 'DEVICE_35' AS "Device",
data-generator  |                 random()*1 AS "Valore" from generate_series('2023-01-01',NOW(), INTERVAL '1 hour');
data-generator  |         
data-generator  |             INSERT INTO "Values" ("Date", "Tag", "Device", "Value")
data-generator  |             SELECT
data-generator  |                 generate_series AS "Data",
data-generator  |                 'TAG_3' AS "Tag",
data-generator  |                 'DEVICE_35' AS "Device",
data-generator  |                 random()*1 AS "Valore" from generate_series('2023-01-01',NOW(), INTERVAL '1 hour');
data-generator  |         
data-generator  |             INSERT INTO "Values" ("Date", "Tag", "Device", "Value")
data-generator  |             SELECT
data-generator  |                 generate_series AS "Data",
data-generator  |                 'TAG_4' AS "Tag",
data-generator  |                 'DEVICE_35' AS "Device",
data-generator  |                 random()*1 AS "Valore" from generate_series('2023-01-01',NOW(), INTERVAL '1 hour');
data-generator  |         
data-generator  |             INSERT INTO "Values" ("Date", "Tag", "Device", "Value")
data-generator  |             SELECT
data-generator  |                 generate_series AS "Data",
data-generator  |                 'TAG_5' AS "Tag",
data-generator  |                 'DEVICE_35' AS "Device",
data-generator  |                 random()*1 AS "Valore" from generate_series('2023-01-01',NOW(), INTERVAL '1 hour');
data-generator  |         
data-generator  |             INSERT INTO "Values" ("Date", "Tag", "Device", "Value")
data-generator  |             SELECT
data-generator  |                 generate_series AS "Data",
data-generator  |                 'TAG_6' AS "Tag",
data-generator  |                 'DEVICE_35' AS "Device",
data-generator  |                 random()*1 AS "Valore" from generate_series('2023-01-01',NOW(), INTERVAL '1 hour');
data-generator  |         
data-generator  |             INSERT INTO "Values" ("Date", "Tag", "Device", "Value")
data-generator  |             SELECT
data-generator  |                 generate_series AS "Data",
data-generator  |                 'TAG_7' AS "Tag",
data-generator  |                 'DEVICE_35' AS "Device",
data-generator  |                 random()*1 AS "Valore" from generate_series('2023-01-01',NOW(), INTERVAL '1 hour');
data-generator  |         
data-generator  |             INSERT INTO "Values" ("Date", "Tag", "Device", "Value")
data-generator  |             SELECT
data-generator  |                 generate_series AS "Data",
data-generator  |                 'TAG_8' AS "Tag",
data-generator  |                 'DEVICE_35' AS "Device",
data-generator  |                 random()*1 AS "Valore" from generate_series('2023-01-01',NOW(), INTERVAL '1 hour');
data-generator  |         
data-generator  |             INSERT INTO "Values" ("Date", "Tag", "Device", "Value")
data-generator  |             SELECT
data-generator  |                 generate_series AS "Data",
data-generator  |                 'TAG_9' AS "Tag",
data-generator  |                 'DEVICE_35' AS "Device",
data-generator  |                 random()*1 AS "Valore" from generate_series('2023-01-01',NOW(), INTERVAL '1 hour');
data-generator  |         
data-generator  | 		DEVICE_36
data-generator  | 			TAG_0
data-generator  | 			TAG_1
data-generator  | 			TAG_2
data-generator  | 			TAG_3
data-generator  | 			TAG_4
data-generator  | 			TAG_5
data-generator  | 			TAG_6
data-generator  | 			TAG_7
data-generator  | 			TAG_8
data-generator  | 			TAG_9
data-generator  | 
data-generator  |             INSERT INTO "Values" ("Date", "Tag", "Device", "Value")
data-generator  |             SELECT
data-generator  |                 generate_series AS "Data",
data-generator  |                 'TAG_0' AS "Tag",
data-generator  |                 'DEVICE_36' AS "Device",
data-generator  |                 random()*1 AS "Valore" from generate_series('2023-01-01',NOW(), INTERVAL '1 hour');
data-generator  |         
data-generator  |             INSERT INTO "Values" ("Date", "Tag", "Device", "Value")
data-generator  |             SELECT
data-generator  |                 generate_series AS "Data",
data-generator  |                 'TAG_1' AS "Tag",
data-generator  |                 'DEVICE_36' AS "Device",
data-generator  |                 random()*1 AS "Valore" from generate_series('2023-01-01',NOW(), INTERVAL '1 hour');
data-generator  |         
data-generator  |             INSERT INTO "Values" ("Date", "Tag", "Device", "Value")
data-generator  |             SELECT
data-generator  |                 generate_series AS "Data",
data-generator  |                 'TAG_2' AS "Tag",
data-generator  |                 'DEVICE_36' AS "Device",
data-generator  |                 random()*1 AS "Valore" from generate_series('2023-01-01',NOW(), INTERVAL '1 hour');
data-generator  |         
data-generator  |             INSERT INTO "Values" ("Date", "Tag", "Device", "Value")
data-generator  |             SELECT
data-generator  |                 generate_series AS "Data",
data-generator  |                 'TAG_3' AS "Tag",
data-generator  |                 'DEVICE_36' AS "Device",
data-generator  |                 random()*1 AS "Valore" from generate_series('2023-01-01',NOW(), INTERVAL '1 hour');
data-generator  |         
data-generator  |             INSERT INTO "Values" ("Date", "Tag", "Device", "Value")
data-generator  |             SELECT
data-generator  |                 generate_series AS "Data",
data-generator  |                 'TAG_4' AS "Tag",
data-generator  |                 'DEVICE_36' AS "Device",
data-generator  |                 random()*1 AS "Valore" from generate_series('2023-01-01',NOW(), INTERVAL '1 hour');
data-generator  |         
data-generator  |             INSERT INTO "Values" ("Date", "Tag", "Device", "Value")
data-generator  |             SELECT
data-generator  |                 generate_series AS "Data",
data-generator  |                 'TAG_5' AS "Tag",
data-generator  |                 'DEVICE_36' AS "Device",
data-generator  |                 random()*1 AS "Valore" from generate_series('2023-01-01',NOW(), INTERVAL '1 hour');
data-generator  |         
data-generator  |             INSERT INTO "Values" ("Date", "Tag", "Device", "Value")
data-generator  |             SELECT
data-generator  |                 generate_series AS "Data",
data-generator  |                 'TAG_6' AS "Tag",
data-generator  |                 'DEVICE_36' AS "Device",
data-generator  |                 random()*1 AS "Valore" from generate_series('2023-01-01',NOW(), INTERVAL '1 hour');
data-generator  |         
data-generator  |             INSERT INTO "Values" ("Date", "Tag", "Device", "Value")
data-generator  |             SELECT
data-generator  |                 generate_series AS "Data",
data-generator  |                 'TAG_7' AS "Tag",
data-generator  |                 'DEVICE_36' AS "Device",
data-generator  |                 random()*1 AS "Valore" from generate_series('2023-01-01',NOW(), INTERVAL '1 hour');
data-generator  |         
data-generator  |             INSERT INTO "Values" ("Date", "Tag", "Device", "Value")
data-generator  |             SELECT
data-generator  |                 generate_series AS "Data",
data-generator  |                 'TAG_8' AS "Tag",
data-generator  |                 'DEVICE_36' AS "Device",
data-generator  |                 random()*1 AS "Valore" from generate_series('2023-01-01',NOW(), INTERVAL '1 hour');
data-generator  |         
data-generator  |             INSERT INTO "Values" ("Date", "Tag", "Device", "Value")
data-generator  |             SELECT
data-generator  |                 generate_series AS "Data",
data-generator  |                 'TAG_9' AS "Tag",
data-generator  |                 'DEVICE_36' AS "Device",
data-generator  |                 random()*1 AS "Valore" from generate_series('2023-01-01',NOW(), INTERVAL '1 hour');
data-generator  |         
data-generator  | 		DEVICE_37
data-generator  | 			TAG_0
data-generator  | 			TAG_1
data-generator  | 			TAG_2
data-generator  | 			TAG_3
data-generator  | 			TAG_4
data-generator  | 			TAG_5
data-generator  | 			TAG_6
data-generator  | 			TAG_7
data-generator  | 			TAG_8
data-generator  | 			TAG_9
data-generator  | 
data-generator  |             INSERT INTO "Values" ("Date", "Tag", "Device", "Value")
data-generator  |             SELECT
data-generator  |                 generate_series AS "Data",
data-generator  |                 'TAG_0' AS "Tag",
data-generator  |                 'DEVICE_37' AS "Device",
data-generator  |                 random()*1 AS "Valore" from generate_series('2023-01-01',NOW(), INTERVAL '1 hour');
data-generator  |         
data-generator  |             INSERT INTO "Values" ("Date", "Tag", "Device", "Value")
data-generator  |             SELECT
data-generator  |                 generate_series AS "Data",
data-generator  |                 'TAG_1' AS "Tag",
data-generator  |                 'DEVICE_37' AS "Device",
data-generator  |                 random()*1 AS "Valore" from generate_series('2023-01-01',NOW(), INTERVAL '1 hour');
data-generator  |         
data-generator  |             INSERT INTO "Values" ("Date", "Tag", "Device", "Value")
data-generator  |             SELECT
data-generator  |                 generate_series AS "Data",
data-generator  |                 'TAG_2' AS "Tag",
data-generator  |                 'DEVICE_37' AS "Device",
data-generator  |                 random()*1 AS "Valore" from generate_series('2023-01-01',NOW(), INTERVAL '1 hour');
data-generator  |         
data-generator  |             INSERT INTO "Values" ("Date", "Tag", "Device", "Value")
data-generator  |             SELECT
data-generator  |                 generate_series AS "Data",
data-generator  |                 'TAG_3' AS "Tag",
data-generator  |                 'DEVICE_37' AS "Device",
data-generator  |                 random()*1 AS "Valore" from generate_series('2023-01-01',NOW(), INTERVAL '1 hour');
data-generator  |         
data-generator  |             INSERT INTO "Values" ("Date", "Tag", "Device", "Value")
data-generator  |             SELECT
data-generator  |                 generate_series AS "Data",
data-generator  |                 'TAG_4' AS "Tag",
data-generator  |                 'DEVICE_37' AS "Device",
data-generator  |                 random()*1 AS "Valore" from generate_series('2023-01-01',NOW(), INTERVAL '1 hour');
data-generator  |         
data-generator  |             INSERT INTO "Values" ("Date", "Tag", "Device", "Value")
data-generator  |             SELECT
data-generator  |                 generate_series AS "Data",
data-generator  |                 'TAG_5' AS "Tag",
data-generator  |                 'DEVICE_37' AS "Device",
data-generator  |                 random()*1 AS "Valore" from generate_series('2023-01-01',NOW(), INTERVAL '1 hour');
data-generator  |         
data-generator  |             INSERT INTO "Values" ("Date", "Tag", "Device", "Value")
data-generator  |             SELECT
data-generator  |                 generate_series AS "Data",
data-generator  |                 'TAG_6' AS "Tag",
data-generator  |                 'DEVICE_37' AS "Device",
data-generator  |                 random()*1 AS "Valore" from generate_series('2023-01-01',NOW(), INTERVAL '1 hour');
data-generator  |         
data-generator  |             INSERT INTO "Values" ("Date", "Tag", "Device", "Value")
data-generator  |             SELECT
data-generator  |                 generate_series AS "Data",
data-generator  |                 'TAG_7' AS "Tag",
data-generator  |                 'DEVICE_37' AS "Device",
data-generator  |                 random()*1 AS "Valore" from generate_series('2023-01-01',NOW(), INTERVAL '1 hour');
data-generator  |         
data-generator  |             INSERT INTO "Values" ("Date", "Tag", "Device", "Value")
data-generator  |             SELECT
data-generator  |                 generate_series AS "Data",
data-generator  |                 'TAG_8' AS "Tag",
data-generator  |                 'DEVICE_37' AS "Device",
data-generator  |                 random()*1 AS "Valore" from generate_series('2023-01-01',NOW(), INTERVAL '1 hour');
data-generator  |         
data-generator  |             INSERT INTO "Values" ("Date", "Tag", "Device", "Value")
data-generator  |             SELECT
data-generator  |                 generate_series AS "Data",
data-generator  |                 'TAG_9' AS "Tag",
data-generator  |                 'DEVICE_37' AS "Device",
data-generator  |                 random()*1 AS "Valore" from generate_series('2023-01-01',NOW(), INTERVAL '1 hour');
data-generator  |         
data-generator  | 		DEVICE_38
data-generator  | 			TAG_0
data-generator  | 			TAG_1
data-generator  | 			TAG_2
data-generator  | 			TAG_3
data-generator  | 			TAG_4
data-generator  | 			TAG_5
data-generator  | 			TAG_6
data-generator  | 			TAG_7
data-generator  | 			TAG_8
data-generator  | 			TAG_9
data-generator  | 
data-generator  |             INSERT INTO "Values" ("Date", "Tag", "Device", "Value")
data-generator  |             SELECT
data-generator  |                 generate_series AS "Data",
data-generator  |                 'TAG_0' AS "Tag",
data-generator  |                 'DEVICE_38' AS "Device",
data-generator  |                 random()*1 AS "Valore" from generate_series('2023-01-01',NOW(), INTERVAL '1 hour');
data-generator  |         
data-generator  |             INSERT INTO "Values" ("Date", "Tag", "Device", "Value")
data-generator  |             SELECT
data-generator  |                 generate_series AS "Data",
data-generator  |                 'TAG_1' AS "Tag",
data-generator  |                 'DEVICE_38' AS "Device",
data-generator  |                 random()*1 AS "Valore" from generate_series('2023-01-01',NOW(), INTERVAL '1 hour');
data-generator  |         
data-generator  |             INSERT INTO "Values" ("Date", "Tag", "Device", "Value")
data-generator  |             SELECT
data-generator  |                 generate_series AS "Data",
data-generator  |                 'TAG_2' AS "Tag",
data-generator  |                 'DEVICE_38' AS "Device",
data-generator  |                 random()*1 AS "Valore" from generate_series('2023-01-01',NOW(), INTERVAL '1 hour');
data-generator  |         
data-generator  |             INSERT INTO "Values" ("Date", "Tag", "Device", "Value")
data-generator  |             SELECT
data-generator  |                 generate_series AS "Data",
data-generator  |                 'TAG_3' AS "Tag",
data-generator  |                 'DEVICE_38' AS "Device",
data-generator  |                 random()*1 AS "Valore" from generate_series('2023-01-01',NOW(), INTERVAL '1 hour');
data-generator  |         
data-generator  |             INSERT INTO "Values" ("Date", "Tag", "Device", "Value")
data-generator  |             SELECT
data-generator  |                 generate_series AS "Data",
data-generator  |                 'TAG_4' AS "Tag",
data-generator  |                 'DEVICE_38' AS "Device",
data-generator  |                 random()*1 AS "Valore" from generate_series('2023-01-01',NOW(), INTERVAL '1 hour');
data-generator  |         
data-generator  |             INSERT INTO "Values" ("Date", "Tag", "Device", "Value")
data-generator  |             SELECT
data-generator  |                 generate_series AS "Data",
data-generator  |                 'TAG_5' AS "Tag",
data-generator  |                 'DEVICE_38' AS "Device",
data-generator  |                 random()*1 AS "Valore" from generate_series('2023-01-01',NOW(), INTERVAL '1 hour');
data-generator  |         
data-generator  |             INSERT INTO "Values" ("Date", "Tag", "Device", "Value")
data-generator  |             SELECT
data-generator  |                 generate_series AS "Data",
data-generator  |                 'TAG_6' AS "Tag",
data-generator  |                 'DEVICE_38' AS "Device",
data-generator  |                 random()*1 AS "Valore" from generate_series('2023-01-01',NOW(), INTERVAL '1 hour');
data-generator  |         
data-generator  |             INSERT INTO "Values" ("Date", "Tag", "Device", "Value")
data-generator  |             SELECT
data-generator  |                 generate_series AS "Data",
data-generator  |                 'TAG_7' AS "Tag",
data-generator  |                 'DEVICE_38' AS "Device",
data-generator  |                 random()*1 AS "Valore" from generate_series('2023-01-01',NOW(), INTERVAL '1 hour');
data-generator  |         
data-generator  |             INSERT INTO "Values" ("Date", "Tag", "Device", "Value")
data-generator  |             SELECT
data-generator  |                 generate_series AS "Data",
data-generator  |                 'TAG_8' AS "Tag",
data-generator  |                 'DEVICE_38' AS "Device",
data-generator  |                 random()*1 AS "Valore" from generate_series('2023-01-01',NOW(), INTERVAL '1 hour');
data-generator  |         
data-generator  |             INSERT INTO "Values" ("Date", "Tag", "Device", "Value")
data-generator  |             SELECT
data-generator  |                 generate_series AS "Data",
data-generator  |                 'TAG_9' AS "Tag",
data-generator  |                 'DEVICE_38' AS "Device",
data-generator  |                 random()*1 AS "Valore" from generate_series('2023-01-01',NOW(), INTERVAL '1 hour');
data-generator  |         
data-generator  | 		DEVICE_39
data-generator  | 			TAG_0
data-generator  | 			TAG_1
data-generator  | 			TAG_2
data-generator  | 			TAG_3
data-generator  | 			TAG_4
data-generator  | 			TAG_5
data-generator  | 			TAG_6
data-generator  | 			TAG_7
data-generator  | 			TAG_8
data-generator  | 			TAG_9
data-generator  | 
data-generator  |             INSERT INTO "Values" ("Date", "Tag", "Device", "Value")
data-generator  |             SELECT
data-generator  |                 generate_series AS "Data",
data-generator  |                 'TAG_0' AS "Tag",
data-generator  |                 'DEVICE_39' AS "Device",
data-generator  |                 random()*1 AS "Valore" from generate_series('2023-01-01',NOW(), INTERVAL '1 hour');
data-generator  |         
data-generator  |             INSERT INTO "Values" ("Date", "Tag", "Device", "Value")
data-generator  |             SELECT
data-generator  |                 generate_series AS "Data",
data-generator  |                 'TAG_1' AS "Tag",
data-generator  |                 'DEVICE_39' AS "Device",
data-generator  |                 random()*1 AS "Valore" from generate_series('2023-01-01',NOW(), INTERVAL '1 hour');
data-generator  |         
data-generator  |             INSERT INTO "Values" ("Date", "Tag", "Device", "Value")
data-generator  |             SELECT
data-generator  |                 generate_series AS "Data",
data-generator  |                 'TAG_2' AS "Tag",
data-generator  |                 'DEVICE_39' AS "Device",
data-generator  |                 random()*1 AS "Valore" from generate_series('2023-01-01',NOW(), INTERVAL '1 hour');
data-generator  |         
data-generator  |             INSERT INTO "Values" ("Date", "Tag", "Device", "Value")
data-generator  |             SELECT
data-generator  |                 generate_series AS "Data",
data-generator  |                 'TAG_3' AS "Tag",
data-generator  |                 'DEVICE_39' AS "Device",
data-generator  |                 random()*1 AS "Valore" from generate_series('2023-01-01',NOW(), INTERVAL '1 hour');
data-generator  |         
data-generator  |             INSERT INTO "Values" ("Date", "Tag", "Device", "Value")
data-generator  |             SELECT
data-generator  |                 generate_series AS "Data",
data-generator  |                 'TAG_4' AS "Tag",
data-generator  |                 'DEVICE_39' AS "Device",
data-generator  |                 random()*1 AS "Valore" from generate_series('2023-01-01',NOW(), INTERVAL '1 hour');
data-generator  |         
data-generator  |             INSERT INTO "Values" ("Date", "Tag", "Device", "Value")
data-generator  |             SELECT
data-generator  |                 generate_series AS "Data",
data-generator  |                 'TAG_5' AS "Tag",
data-generator  |                 'DEVICE_39' AS "Device",
data-generator  |                 random()*1 AS "Valore" from generate_series('2023-01-01',NOW(), INTERVAL '1 hour');
data-generator  |         
data-generator  |             INSERT INTO "Values" ("Date", "Tag", "Device", "Value")
data-generator  |             SELECT
data-generator  |                 generate_series AS "Data",
data-generator  |                 'TAG_6' AS "Tag",
data-generator  |                 'DEVICE_39' AS "Device",
data-generator  |                 random()*1 AS "Valore" from generate_series('2023-01-01',NOW(), INTERVAL '1 hour');
data-generator  |         
data-generator  |             INSERT INTO "Values" ("Date", "Tag", "Device", "Value")
data-generator  |             SELECT
data-generator  |                 generate_series AS "Data",
data-generator  |                 'TAG_7' AS "Tag",
data-generator  |                 'DEVICE_39' AS "Device",
data-generator  |                 random()*1 AS "Valore" from generate_series('2023-01-01',NOW(), INTERVAL '1 hour');
data-generator  |         
data-generator  |             INSERT INTO "Values" ("Date", "Tag", "Device", "Value")
data-generator  |             SELECT
data-generator  |                 generate_series AS "Data",
data-generator  |                 'TAG_8' AS "Tag",
data-generator  |                 'DEVICE_39' AS "Device",
data-generator  |                 random()*1 AS "Valore" from generate_series('2023-01-01',NOW(), INTERVAL '1 hour');
data-generator  |         
data-generator  |             INSERT INTO "Values" ("Date", "Tag", "Device", "Value")
data-generator  |             SELECT
data-generator  |                 generate_series AS "Data",
data-generator  |                 'TAG_9' AS "Tag",
data-generator  |                 'DEVICE_39' AS "Device",
data-generator  |                 random()*1 AS "Valore" from generate_series('2023-01-01',NOW(), INTERVAL '1 hour');
data-generator  |         
data-generator  | 		DEVICE_40
data-generator  | 			TAG_0
data-generator  | 			TAG_1
data-generator  | 			TAG_2
data-generator  | 			TAG_3
data-generator  | 			TAG_4
data-generator  | 			TAG_5
data-generator  | 			TAG_6
data-generator  | 			TAG_7
data-generator  | 			TAG_8
data-generator  | 			TAG_9
data-generator  | 
data-generator  |             INSERT INTO "Values" ("Date", "Tag", "Device", "Value")
data-generator  |             SELECT
data-generator  |                 generate_series AS "Data",
data-generator  |                 'TAG_0' AS "Tag",
data-generator  |                 'DEVICE_40' AS "Device",
data-generator  |                 random()*1 AS "Valore" from generate_series('2023-01-01',NOW(), INTERVAL '1 hour');
data-generator  |         
data-generator  |             INSERT INTO "Values" ("Date", "Tag", "Device", "Value")
data-generator  |             SELECT
data-generator  |                 generate_series AS "Data",
data-generator  |                 'TAG_1' AS "Tag",
data-generator  |                 'DEVICE_40' AS "Device",
data-generator  |                 random()*1 AS "Valore" from generate_series('2023-01-01',NOW(), INTERVAL '1 hour');
data-generator  |         
data-generator  |             INSERT INTO "Values" ("Date", "Tag", "Device", "Value")
data-generator  |             SELECT
data-generator  |                 generate_series AS "Data",
data-generator  |                 'TAG_2' AS "Tag",
data-generator  |                 'DEVICE_40' AS "Device",
data-generator  |                 random()*1 AS "Valore" from generate_series('2023-01-01',NOW(), INTERVAL '1 hour');
data-generator  |         
data-generator  |             INSERT INTO "Values" ("Date", "Tag", "Device", "Value")
data-generator  |             SELECT
data-generator  |                 generate_series AS "Data",
data-generator  |                 'TAG_3' AS "Tag",
data-generator  |                 'DEVICE_40' AS "Device",
data-generator  |                 random()*1 AS "Valore" from generate_series('2023-01-01',NOW(), INTERVAL '1 hour');
data-generator  |         
data-generator  |             INSERT INTO "Values" ("Date", "Tag", "Device", "Value")
data-generator  |             SELECT
data-generator  |                 generate_series AS "Data",
data-generator  |                 'TAG_4' AS "Tag",
data-generator  |                 'DEVICE_40' AS "Device",
data-generator  |                 random()*1 AS "Valore" from generate_series('2023-01-01',NOW(), INTERVAL '1 hour');
data-generator  |         
data-generator  |             INSERT INTO "Values" ("Date", "Tag", "Device", "Value")
data-generator  |             SELECT
data-generator  |                 generate_series AS "Data",
data-generator  |                 'TAG_5' AS "Tag",
data-generator  |                 'DEVICE_40' AS "Device",
data-generator  |                 random()*1 AS "Valore" from generate_series('2023-01-01',NOW(), INTERVAL '1 hour');
data-generator  |         
data-generator  |             INSERT INTO "Values" ("Date", "Tag", "Device", "Value")
data-generator  |             SELECT
data-generator  |                 generate_series AS "Data",
data-generator  |                 'TAG_6' AS "Tag",
data-generator  |                 'DEVICE_40' AS "Device",
data-generator  |                 random()*1 AS "Valore" from generate_series('2023-01-01',NOW(), INTERVAL '1 hour');
data-generator  |         
data-generator  |             INSERT INTO "Values" ("Date", "Tag", "Device", "Value")
data-generator  |             SELECT
data-generator  |                 generate_series AS "Data",
data-generator  |                 'TAG_7' AS "Tag",
data-generator  |                 'DEVICE_40' AS "Device",
data-generator  |                 random()*1 AS "Valore" from generate_series('2023-01-01',NOW(), INTERVAL '1 hour');
data-generator  |         
data-generator  |             INSERT INTO "Values" ("Date", "Tag", "Device", "Value")
data-generator  |             SELECT
data-generator  |                 generate_series AS "Data",
data-generator  |                 'TAG_8' AS "Tag",
data-generator  |                 'DEVICE_40' AS "Device",
data-generator  |                 random()*1 AS "Valore" from generate_series('2023-01-01',NOW(), INTERVAL '1 hour');
data-generator  |         
data-generator  |             INSERT INTO "Values" ("Date", "Tag", "Device", "Value")
data-generator  |             SELECT
data-generator  |                 generate_series AS "Data",
data-generator  |                 'TAG_9' AS "Tag",
data-generator  |                 'DEVICE_40' AS "Device",
data-generator  |                 random()*1 AS "Valore" from generate_series('2023-01-01',NOW(), INTERVAL '1 hour');
data-generator  |         
data-generator  | 		DEVICE_41
data-generator  | 			TAG_0
data-generator  | 			TAG_1
data-generator  | 			TAG_2
data-generator  | 			TAG_3
data-generator  | 			TAG_4
data-generator  | 			TAG_5
data-generator  | 			TAG_6
data-generator  | 			TAG_7
data-generator  | 			TAG_8
data-generator  | 			TAG_9
data-generator  | 
data-generator  |             INSERT INTO "Values" ("Date", "Tag", "Device", "Value")
data-generator  |             SELECT
data-generator  |                 generate_series AS "Data",
data-generator  |                 'TAG_0' AS "Tag",
data-generator  |                 'DEVICE_41' AS "Device",
data-generator  |                 random()*1 AS "Valore" from generate_series('2023-01-01',NOW(), INTERVAL '1 hour');
data-generator  |         
data-generator  |             INSERT INTO "Values" ("Date", "Tag", "Device", "Value")
data-generator  |             SELECT
data-generator  |                 generate_series AS "Data",
data-generator  |                 'TAG_1' AS "Tag",
data-generator  |                 'DEVICE_41' AS "Device",
data-generator  |                 random()*1 AS "Valore" from generate_series('2023-01-01',NOW(), INTERVAL '1 hour');
data-generator  |         
data-generator  |             INSERT INTO "Values" ("Date", "Tag", "Device", "Value")
data-generator  |             SELECT
data-generator  |                 generate_series AS "Data",
data-generator  |                 'TAG_2' AS "Tag",
data-generator  |                 'DEVICE_41' AS "Device",
data-generator  |                 random()*1 AS "Valore" from generate_series('2023-01-01',NOW(), INTERVAL '1 hour');
data-generator  |         
data-generator  |             INSERT INTO "Values" ("Date", "Tag", "Device", "Value")
data-generator  |             SELECT
data-generator  |                 generate_series AS "Data",
data-generator  |                 'TAG_3' AS "Tag",
data-generator  |                 'DEVICE_41' AS "Device",
data-generator  |                 random()*1 AS "Valore" from generate_series('2023-01-01',NOW(), INTERVAL '1 hour');
data-generator  |         
data-generator  |             INSERT INTO "Values" ("Date", "Tag", "Device", "Value")
data-generator  |             SELECT
data-generator  |                 generate_series AS "Data",
data-generator  |                 'TAG_4' AS "Tag",
data-generator  |                 'DEVICE_41' AS "Device",
data-generator  |                 random()*1 AS "Valore" from generate_series('2023-01-01',NOW(), INTERVAL '1 hour');
data-generator  |         
data-generator  |             INSERT INTO "Values" ("Date", "Tag", "Device", "Value")
data-generator  |             SELECT
data-generator  |                 generate_series AS "Data",
data-generator  |                 'TAG_5' AS "Tag",
data-generator  |                 'DEVICE_41' AS "Device",
data-generator  |                 random()*1 AS "Valore" from generate_series('2023-01-01',NOW(), INTERVAL '1 hour');
data-generator  |         
data-generator  |             INSERT INTO "Values" ("Date", "Tag", "Device", "Value")
data-generator  |             SELECT
data-generator  |                 generate_series AS "Data",
data-generator  |                 'TAG_6' AS "Tag",
data-generator  |                 'DEVICE_41' AS "Device",
data-generator  |                 random()*1 AS "Valore" from generate_series('2023-01-01',NOW(), INTERVAL '1 hour');
data-generator  |         
data-generator  |             INSERT INTO "Values" ("Date", "Tag", "Device", "Value")
data-generator  |             SELECT
data-generator  |                 generate_series AS "Data",
data-generator  |                 'TAG_7' AS "Tag",
data-generator  |                 'DEVICE_41' AS "Device",
data-generator  |                 random()*1 AS "Valore" from generate_series('2023-01-01',NOW(), INTERVAL '1 hour');
data-generator  |         
data-generator  |             INSERT INTO "Values" ("Date", "Tag", "Device", "Value")
data-generator  |             SELECT
data-generator  |                 generate_series AS "Data",
data-generator  |                 'TAG_8' AS "Tag",
data-generator  |                 'DEVICE_41' AS "Device",
data-generator  |                 random()*1 AS "Valore" from generate_series('2023-01-01',NOW(), INTERVAL '1 hour');
data-generator  |         
data-generator  |             INSERT INTO "Values" ("Date", "Tag", "Device", "Value")
data-generator  |             SELECT
data-generator  |                 generate_series AS "Data",
data-generator  |                 'TAG_9' AS "Tag",
data-generator  |                 'DEVICE_41' AS "Device",
data-generator  |                 random()*1 AS "Valore" from generate_series('2023-01-01',NOW(), INTERVAL '1 hour');
data-generator  |         
data-generator  | 		DEVICE_42
data-generator  | 			TAG_0
data-generator  | 			TAG_1
data-generator  | 			TAG_2
data-generator  | 			TAG_3
data-generator  | 			TAG_4
data-generator  | 			TAG_5
data-generator  | 			TAG_6
data-generator  | 			TAG_7
data-generator  | 			TAG_8
data-generator  | 			TAG_9
data-generator  | 
data-generator  |             INSERT INTO "Values" ("Date", "Tag", "Device", "Value")
data-generator  |             SELECT
data-generator  |                 generate_series AS "Data",
data-generator  |                 'TAG_0' AS "Tag",
data-generator  |                 'DEVICE_42' AS "Device",
data-generator  |                 random()*1 AS "Valore" from generate_series('2023-01-01',NOW(), INTERVAL '1 hour');
data-generator  |         
data-generator  |             INSERT INTO "Values" ("Date", "Tag", "Device", "Value")
data-generator  |             SELECT
data-generator  |                 generate_series AS "Data",
data-generator  |                 'TAG_1' AS "Tag",
data-generator  |                 'DEVICE_42' AS "Device",
data-generator  |                 random()*1 AS "Valore" from generate_series('2023-01-01',NOW(), INTERVAL '1 hour');
data-generator  |         
data-generator  |             INSERT INTO "Values" ("Date", "Tag", "Device", "Value")
data-generator  |             SELECT
data-generator  |                 generate_series AS "Data",
data-generator  |                 'TAG_2' AS "Tag",
data-generator  |                 'DEVICE_42' AS "Device",
data-generator  |                 random()*1 AS "Valore" from generate_series('2023-01-01',NOW(), INTERVAL '1 hour');
data-generator  |         
data-generator  |             INSERT INTO "Values" ("Date", "Tag", "Device", "Value")
data-generator  |             SELECT
data-generator  |                 generate_series AS "Data",
data-generator  |                 'TAG_3' AS "Tag",
data-generator  |                 'DEVICE_42' AS "Device",
data-generator  |                 random()*1 AS "Valore" from generate_series('2023-01-01',NOW(), INTERVAL '1 hour');
data-generator  |         
data-generator  |             INSERT INTO "Values" ("Date", "Tag", "Device", "Value")
data-generator  |             SELECT
data-generator  |                 generate_series AS "Data",
data-generator  |                 'TAG_4' AS "Tag",
data-generator  |                 'DEVICE_42' AS "Device",
data-generator  |                 random()*1 AS "Valore" from generate_series('2023-01-01',NOW(), INTERVAL '1 hour');
data-generator  |         
data-generator  |             INSERT INTO "Values" ("Date", "Tag", "Device", "Value")
data-generator  |             SELECT
data-generator  |                 generate_series AS "Data",
data-generator  |                 'TAG_5' AS "Tag",
data-generator  |                 'DEVICE_42' AS "Device",
data-generator  |                 random()*1 AS "Valore" from generate_series('2023-01-01',NOW(), INTERVAL '1 hour');
data-generator  |         
data-generator  |             INSERT INTO "Values" ("Date", "Tag", "Device", "Value")
data-generator  |             SELECT
data-generator  |                 generate_series AS "Data",
data-generator  |                 'TAG_6' AS "Tag",
data-generator  |                 'DEVICE_42' AS "Device",
data-generator  |                 random()*1 AS "Valore" from generate_series('2023-01-01',NOW(), INTERVAL '1 hour');
data-generator  |         
data-generator  |             INSERT INTO "Values" ("Date", "Tag", "Device", "Value")
data-generator  |             SELECT
data-generator  |                 generate_series AS "Data",
data-generator  |                 'TAG_7' AS "Tag",
data-generator  |                 'DEVICE_42' AS "Device",
data-generator  |                 random()*1 AS "Valore" from generate_series('2023-01-01',NOW(), INTERVAL '1 hour');
data-generator  |         
data-generator  |             INSERT INTO "Values" ("Date", "Tag", "Device", "Value")
data-generator  |             SELECT
data-generator  |                 generate_series AS "Data",
data-generator  |                 'TAG_8' AS "Tag",
data-generator  |                 'DEVICE_42' AS "Device",
data-generator  |                 random()*1 AS "Valore" from generate_series('2023-01-01',NOW(), INTERVAL '1 hour');
data-generator  |         
data-generator  |             INSERT INTO "Values" ("Date", "Tag", "Device", "Value")
data-generator  |             SELECT
data-generator  |                 generate_series AS "Data",
data-generator  |                 'TAG_9' AS "Tag",
data-generator  |                 'DEVICE_42' AS "Device",
data-generator  |                 random()*1 AS "Valore" from generate_series('2023-01-01',NOW(), INTERVAL '1 hour');
data-generator  |         
data-generator  | 		DEVICE_43
data-generator  | 			TAG_0
data-generator  | 			TAG_1
data-generator  | 			TAG_2
data-generator  | 			TAG_3
data-generator  | 			TAG_4
data-generator  | 			TAG_5
data-generator  | 			TAG_6
data-generator  | 			TAG_7
data-generator  | 			TAG_8
data-generator  | 			TAG_9
data-generator  | 
data-generator  |             INSERT INTO "Values" ("Date", "Tag", "Device", "Value")
data-generator  |             SELECT
data-generator  |                 generate_series AS "Data",
data-generator  |                 'TAG_0' AS "Tag",
data-generator  |                 'DEVICE_43' AS "Device",
data-generator  |                 random()*1 AS "Valore" from generate_series('2023-01-01',NOW(), INTERVAL '1 hour');
data-generator  |         
data-generator  |             INSERT INTO "Values" ("Date", "Tag", "Device", "Value")
data-generator  |             SELECT
data-generator  |                 generate_series AS "Data",
data-generator  |                 'TAG_1' AS "Tag",
data-generator  |                 'DEVICE_43' AS "Device",
data-generator  |                 random()*1 AS "Valore" from generate_series('2023-01-01',NOW(), INTERVAL '1 hour');
data-generator  |         
data-generator  |             INSERT INTO "Values" ("Date", "Tag", "Device", "Value")
data-generator  |             SELECT
data-generator  |                 generate_series AS "Data",
data-generator  |                 'TAG_2' AS "Tag",
data-generator  |                 'DEVICE_43' AS "Device",
data-generator  |                 random()*1 AS "Valore" from generate_series('2023-01-01',NOW(), INTERVAL '1 hour');
data-generator  |         
data-generator  |             INSERT INTO "Values" ("Date", "Tag", "Device", "Value")
data-generator  |             SELECT
data-generator  |                 generate_series AS "Data",
data-generator  |                 'TAG_3' AS "Tag",
data-generator  |                 'DEVICE_43' AS "Device",
data-generator  |                 random()*1 AS "Valore" from generate_series('2023-01-01',NOW(), INTERVAL '1 hour');
data-generator  |         
data-generator  |             INSERT INTO "Values" ("Date", "Tag", "Device", "Value")
data-generator  |             SELECT
data-generator  |                 generate_series AS "Data",
data-generator  |                 'TAG_4' AS "Tag",
data-generator  |                 'DEVICE_43' AS "Device",
data-generator  |                 random()*1 AS "Valore" from generate_series('2023-01-01',NOW(), INTERVAL '1 hour');
data-generator  |         
data-generator  |             INSERT INTO "Values" ("Date", "Tag", "Device", "Value")
data-generator  |             SELECT
data-generator  |                 generate_series AS "Data",
data-generator  |                 'TAG_5' AS "Tag",
data-generator  |                 'DEVICE_43' AS "Device",
data-generator  |                 random()*1 AS "Valore" from generate_series('2023-01-01',NOW(), INTERVAL '1 hour');
data-generator  |         
data-generator  |             INSERT INTO "Values" ("Date", "Tag", "Device", "Value")
data-generator  |             SELECT
data-generator  |                 generate_series AS "Data",
data-generator  |                 'TAG_6' AS "Tag",
data-generator  |                 'DEVICE_43' AS "Device",
data-generator  |                 random()*1 AS "Valore" from generate_series('2023-01-01',NOW(), INTERVAL '1 hour');
data-generator  |         
data-generator  |             INSERT INTO "Values" ("Date", "Tag", "Device", "Value")
data-generator  |             SELECT
data-generator  |                 generate_series AS "Data",
data-generator  |                 'TAG_7' AS "Tag",
data-generator  |                 'DEVICE_43' AS "Device",
data-generator  |                 random()*1 AS "Valore" from generate_series('2023-01-01',NOW(), INTERVAL '1 hour');
data-generator  |         
data-generator  |             INSERT INTO "Values" ("Date", "Tag", "Device", "Value")
data-generator  |             SELECT
data-generator  |                 generate_series AS "Data",
data-generator  |                 'TAG_8' AS "Tag",
data-generator  |                 'DEVICE_43' AS "Device",
data-generator  |                 random()*1 AS "Valore" from generate_series('2023-01-01',NOW(), INTERVAL '1 hour');
data-generator  |         
data-generator  |             INSERT INTO "Values" ("Date", "Tag", "Device", "Value")
data-generator  |             SELECT
data-generator  |                 generate_series AS "Data",
data-generator  |                 'TAG_9' AS "Tag",
data-generator  |                 'DEVICE_43' AS "Device",
data-generator  |                 random()*1 AS "Valore" from generate_series('2023-01-01',NOW(), INTERVAL '1 hour');
data-generator  |         
data-generator  | 		DEVICE_44
data-generator  | 			TAG_0
data-generator  | 			TAG_1
data-generator  | 			TAG_2
data-generator  | 			TAG_3
data-generator  | 			TAG_4
data-generator  | 			TAG_5
data-generator  | 			TAG_6
data-generator  | 			TAG_7
data-generator  | 			TAG_8
data-generator  | 			TAG_9
data-generator  | 
data-generator  |             INSERT INTO "Values" ("Date", "Tag", "Device", "Value")
data-generator  |             SELECT
data-generator  |                 generate_series AS "Data",
data-generator  |                 'TAG_0' AS "Tag",
data-generator  |                 'DEVICE_44' AS "Device",
data-generator  |                 random()*1 AS "Valore" from generate_series('2023-01-01',NOW(), INTERVAL '1 hour');
data-generator  |         
data-generator  |             INSERT INTO "Values" ("Date", "Tag", "Device", "Value")
data-generator  |             SELECT
data-generator  |                 generate_series AS "Data",
data-generator  |                 'TAG_1' AS "Tag",
data-generator  |                 'DEVICE_44' AS "Device",
data-generator  |                 random()*1 AS "Valore" from generate_series('2023-01-01',NOW(), INTERVAL '1 hour');
data-generator  |         
data-generator  |             INSERT INTO "Values" ("Date", "Tag", "Device", "Value")
data-generator  |             SELECT
data-generator  |                 generate_series AS "Data",
data-generator  |                 'TAG_2' AS "Tag",
data-generator  |                 'DEVICE_44' AS "Device",
data-generator  |                 random()*1 AS "Valore" from generate_series('2023-01-01',NOW(), INTERVAL '1 hour');
data-generator  |         
data-generator  |             INSERT INTO "Values" ("Date", "Tag", "Device", "Value")
data-generator  |             SELECT
data-generator  |                 generate_series AS "Data",
data-generator  |                 'TAG_3' AS "Tag",
data-generator  |                 'DEVICE_44' AS "Device",
data-generator  |                 random()*1 AS "Valore" from generate_series('2023-01-01',NOW(), INTERVAL '1 hour');
data-generator  |         
data-generator  |             INSERT INTO "Values" ("Date", "Tag", "Device", "Value")
data-generator  |             SELECT
data-generator  |                 generate_series AS "Data",
data-generator  |                 'TAG_4' AS "Tag",
data-generator  |                 'DEVICE_44' AS "Device",
data-generator  |                 random()*1 AS "Valore" from generate_series('2023-01-01',NOW(), INTERVAL '1 hour');
data-generator  |         
data-generator  |             INSERT INTO "Values" ("Date", "Tag", "Device", "Value")
data-generator  |             SELECT
data-generator  |                 generate_series AS "Data",
data-generator  |                 'TAG_5' AS "Tag",
data-generator  |                 'DEVICE_44' AS "Device",
data-generator  |                 random()*1 AS "Valore" from generate_series('2023-01-01',NOW(), INTERVAL '1 hour');
data-generator  |         
data-generator  |             INSERT INTO "Values" ("Date", "Tag", "Device", "Value")
data-generator  |             SELECT
data-generator  |                 generate_series AS "Data",
data-generator  |                 'TAG_6' AS "Tag",
data-generator  |                 'DEVICE_44' AS "Device",
data-generator  |                 random()*1 AS "Valore" from generate_series('2023-01-01',NOW(), INTERVAL '1 hour');
data-generator  |         
data-generator  |             INSERT INTO "Values" ("Date", "Tag", "Device", "Value")
data-generator  |             SELECT
data-generator  |                 generate_series AS "Data",
data-generator  |                 'TAG_7' AS "Tag",
data-generator  |                 'DEVICE_44' AS "Device",
data-generator  |                 random()*1 AS "Valore" from generate_series('2023-01-01',NOW(), INTERVAL '1 hour');
data-generator  |         
data-generator  |             INSERT INTO "Values" ("Date", "Tag", "Device", "Value")
data-generator  |             SELECT
data-generator  |                 generate_series AS "Data",
data-generator  |                 'TAG_8' AS "Tag",
data-generator  |                 'DEVICE_44' AS "Device",
data-generator  |                 random()*1 AS "Valore" from generate_series('2023-01-01',NOW(), INTERVAL '1 hour');
data-generator  |         
data-generator  |             INSERT INTO "Values" ("Date", "Tag", "Device", "Value")
data-generator  |             SELECT
data-generator  |                 generate_series AS "Data",
data-generator  |                 'TAG_9' AS "Tag",
data-generator  |                 'DEVICE_44' AS "Device",
data-generator  |                 random()*1 AS "Valore" from generate_series('2023-01-01',NOW(), INTERVAL '1 hour');
data-generator  |         
data-generator  | 		DEVICE_45
data-generator  | 			TAG_0
data-generator  | 			TAG_1
data-generator  | 			TAG_2
data-generator  | 			TAG_3
data-generator  | 			TAG_4
data-generator  | 			TAG_5
data-generator  | 			TAG_6
data-generator  | 			TAG_7
data-generator  | 			TAG_8
data-generator  | 			TAG_9
data-generator  | 
data-generator  |             INSERT INTO "Values" ("Date", "Tag", "Device", "Value")
data-generator  |             SELECT
data-generator  |                 generate_series AS "Data",
data-generator  |                 'TAG_0' AS "Tag",
data-generator  |                 'DEVICE_45' AS "Device",
data-generator  |                 random()*1 AS "Valore" from generate_series('2023-01-01',NOW(), INTERVAL '1 hour');
data-generator  |         
data-generator  |             INSERT INTO "Values" ("Date", "Tag", "Device", "Value")
data-generator  |             SELECT
data-generator  |                 generate_series AS "Data",
data-generator  |                 'TAG_1' AS "Tag",
data-generator  |                 'DEVICE_45' AS "Device",
data-generator  |                 random()*1 AS "Valore" from generate_series('2023-01-01',NOW(), INTERVAL '1 hour');
data-generator  |         
data-generator  |             INSERT INTO "Values" ("Date", "Tag", "Device", "Value")
data-generator  |             SELECT
data-generator  |                 generate_series AS "Data",
data-generator  |                 'TAG_2' AS "Tag",
data-generator  |                 'DEVICE_45' AS "Device",
data-generator  |                 random()*1 AS "Valore" from generate_series('2023-01-01',NOW(), INTERVAL '1 hour');
data-generator  |         
data-generator  |             INSERT INTO "Values" ("Date", "Tag", "Device", "Value")
data-generator  |             SELECT
data-generator  |                 generate_series AS "Data",
data-generator  |                 'TAG_3' AS "Tag",
data-generator  |                 'DEVICE_45' AS "Device",
data-generator  |                 random()*1 AS "Valore" from generate_series('2023-01-01',NOW(), INTERVAL '1 hour');
data-generator  |         
data-generator  |             INSERT INTO "Values" ("Date", "Tag", "Device", "Value")
data-generator  |             SELECT
data-generator  |                 generate_series AS "Data",
data-generator  |                 'TAG_4' AS "Tag",
data-generator  |                 'DEVICE_45' AS "Device",
data-generator  |                 random()*1 AS "Valore" from generate_series('2023-01-01',NOW(), INTERVAL '1 hour');
data-generator  |         
data-generator  |             INSERT INTO "Values" ("Date", "Tag", "Device", "Value")
data-generator  |             SELECT
data-generator  |                 generate_series AS "Data",
data-generator  |                 'TAG_5' AS "Tag",
data-generator  |                 'DEVICE_45' AS "Device",
data-generator  |                 random()*1 AS "Valore" from generate_series('2023-01-01',NOW(), INTERVAL '1 hour');
data-generator  |         
data-generator  |             INSERT INTO "Values" ("Date", "Tag", "Device", "Value")
data-generator  |             SELECT
data-generator  |                 generate_series AS "Data",
data-generator  |                 'TAG_6' AS "Tag",
data-generator  |                 'DEVICE_45' AS "Device",
data-generator  |                 random()*1 AS "Valore" from generate_series('2023-01-01',NOW(), INTERVAL '1 hour');
data-generator  |         
data-generator  |             INSERT INTO "Values" ("Date", "Tag", "Device", "Value")
data-generator  |             SELECT
data-generator  |                 generate_series AS "Data",
data-generator  |                 'TAG_7' AS "Tag",
data-generator  |                 'DEVICE_45' AS "Device",
data-generator  |                 random()*1 AS "Valore" from generate_series('2023-01-01',NOW(), INTERVAL '1 hour');
data-generator  |         
data-generator  |             INSERT INTO "Values" ("Date", "Tag", "Device", "Value")
data-generator  |             SELECT
data-generator  |                 generate_series AS "Data",
data-generator  |                 'TAG_8' AS "Tag",
data-generator  |                 'DEVICE_45' AS "Device",
data-generator  |                 random()*1 AS "Valore" from generate_series('2023-01-01',NOW(), INTERVAL '1 hour');
data-generator  |         
data-generator  |             INSERT INTO "Values" ("Date", "Tag", "Device", "Value")
data-generator  |             SELECT
data-generator  |                 generate_series AS "Data",
data-generator  |                 'TAG_9' AS "Tag",
data-generator  |                 'DEVICE_45' AS "Device",
data-generator  |                 random()*1 AS "Valore" from generate_series('2023-01-01',NOW(), INTERVAL '1 hour');
data-generator  |         
data-generator  | 		DEVICE_46
data-generator  | 			TAG_0
data-generator  | 			TAG_1
data-generator  | 			TAG_2
data-generator  | 			TAG_3
data-generator  | 			TAG_4
data-generator  | 			TAG_5
data-generator  | 			TAG_6
data-generator  | 			TAG_7
data-generator  | 			TAG_8
data-generator  | 			TAG_9
data-generator  | 
data-generator  |             INSERT INTO "Values" ("Date", "Tag", "Device", "Value")
data-generator  |             SELECT
data-generator  |                 generate_series AS "Data",
data-generator  |                 'TAG_0' AS "Tag",
data-generator  |                 'DEVICE_46' AS "Device",
data-generator  |                 random()*1 AS "Valore" from generate_series('2023-01-01',NOW(), INTERVAL '1 hour');
data-generator  |         
data-generator  |             INSERT INTO "Values" ("Date", "Tag", "Device", "Value")
data-generator  |             SELECT
data-generator  |                 generate_series AS "Data",
data-generator  |                 'TAG_1' AS "Tag",
data-generator  |                 'DEVICE_46' AS "Device",
data-generator  |                 random()*1 AS "Valore" from generate_series('2023-01-01',NOW(), INTERVAL '1 hour');
data-generator  |         
data-generator  |             INSERT INTO "Values" ("Date", "Tag", "Device", "Value")
data-generator  |             SELECT
data-generator  |                 generate_series AS "Data",
data-generator  |                 'TAG_2' AS "Tag",
data-generator  |                 'DEVICE_46' AS "Device",
data-generator  |                 random()*1 AS "Valore" from generate_series('2023-01-01',NOW(), INTERVAL '1 hour');
data-generator  |         
data-generator  |             INSERT INTO "Values" ("Date", "Tag", "Device", "Value")
data-generator  |             SELECT
data-generator  |                 generate_series AS "Data",
data-generator  |                 'TAG_3' AS "Tag",
data-generator  |                 'DEVICE_46' AS "Device",
data-generator  |                 random()*1 AS "Valore" from generate_series('2023-01-01',NOW(), INTERVAL '1 hour');
data-generator  |         
data-generator  |             INSERT INTO "Values" ("Date", "Tag", "Device", "Value")
data-generator  |             SELECT
data-generator  |                 generate_series AS "Data",
data-generator  |                 'TAG_4' AS "Tag",
data-generator  |                 'DEVICE_46' AS "Device",
data-generator  |                 random()*1 AS "Valore" from generate_series('2023-01-01',NOW(), INTERVAL '1 hour');
data-generator  |         
data-generator  |             INSERT INTO "Values" ("Date", "Tag", "Device", "Value")
data-generator  |             SELECT
data-generator  |                 generate_series AS "Data",
data-generator  |                 'TAG_5' AS "Tag",
data-generator  |                 'DEVICE_46' AS "Device",
data-generator  |                 random()*1 AS "Valore" from generate_series('2023-01-01',NOW(), INTERVAL '1 hour');
data-generator  |         
data-generator  |             INSERT INTO "Values" ("Date", "Tag", "Device", "Value")
data-generator  |             SELECT
data-generator  |                 generate_series AS "Data",
data-generator  |                 'TAG_6' AS "Tag",
data-generator  |                 'DEVICE_46' AS "Device",
data-generator  |                 random()*1 AS "Valore" from generate_series('2023-01-01',NOW(), INTERVAL '1 hour');
data-generator  |         
data-generator  |             INSERT INTO "Values" ("Date", "Tag", "Device", "Value")
data-generator  |             SELECT
data-generator  |                 generate_series AS "Data",
data-generator  |                 'TAG_7' AS "Tag",
data-generator  |                 'DEVICE_46' AS "Device",
data-generator  |                 random()*1 AS "Valore" from generate_series('2023-01-01',NOW(), INTERVAL '1 hour');
data-generator  |         
data-generator  |             INSERT INTO "Values" ("Date", "Tag", "Device", "Value")
data-generator  |             SELECT
data-generator  |                 generate_series AS "Data",
data-generator  |                 'TAG_8' AS "Tag",
data-generator  |                 'DEVICE_46' AS "Device",
data-generator  |                 random()*1 AS "Valore" from generate_series('2023-01-01',NOW(), INTERVAL '1 hour');
data-generator  |         
data-generator  |             INSERT INTO "Values" ("Date", "Tag", "Device", "Value")
data-generator  |             SELECT
data-generator  |                 generate_series AS "Data",
data-generator  |                 'TAG_9' AS "Tag",
data-generator  |                 'DEVICE_46' AS "Device",
data-generator  |                 random()*1 AS "Valore" from generate_series('2023-01-01',NOW(), INTERVAL '1 hour');
data-generator  |         
data-generator  | 		DEVICE_47
data-generator  | 			TAG_0
data-generator  | 			TAG_1
data-generator  | 			TAG_2
data-generator  | 			TAG_3
data-generator  | 			TAG_4
data-generator  | 			TAG_5
data-generator  | 			TAG_6
data-generator  | 			TAG_7
data-generator  | 			TAG_8
data-generator  | 			TAG_9
data-generator  | 
data-generator  |             INSERT INTO "Values" ("Date", "Tag", "Device", "Value")
data-generator  |             SELECT
data-generator  |                 generate_series AS "Data",
data-generator  |                 'TAG_0' AS "Tag",
data-generator  |                 'DEVICE_47' AS "Device",
data-generator  |                 random()*1 AS "Valore" from generate_series('2023-01-01',NOW(), INTERVAL '1 hour');
data-generator  |         
data-generator  |             INSERT INTO "Values" ("Date", "Tag", "Device", "Value")
data-generator  |             SELECT
data-generator  |                 generate_series AS "Data",
data-generator  |                 'TAG_1' AS "Tag",
data-generator  |                 'DEVICE_47' AS "Device",
data-generator  |                 random()*1 AS "Valore" from generate_series('2023-01-01',NOW(), INTERVAL '1 hour');
data-generator  |         
data-generator  |             INSERT INTO "Values" ("Date", "Tag", "Device", "Value")
data-generator  |             SELECT
data-generator  |                 generate_series AS "Data",
data-generator  |                 'TAG_2' AS "Tag",
data-generator  |                 'DEVICE_47' AS "Device",
data-generator  |                 random()*1 AS "Valore" from generate_series('2023-01-01',NOW(), INTERVAL '1 hour');
data-generator  |         
data-generator  |             INSERT INTO "Values" ("Date", "Tag", "Device", "Value")
data-generator  |             SELECT
data-generator  |                 generate_series AS "Data",
data-generator  |                 'TAG_3' AS "Tag",
data-generator  |                 'DEVICE_47' AS "Device",
data-generator  |                 random()*1 AS "Valore" from generate_series('2023-01-01',NOW(), INTERVAL '1 hour');
data-generator  |         
data-generator  |             INSERT INTO "Values" ("Date", "Tag", "Device", "Value")
data-generator  |             SELECT
data-generator  |                 generate_series AS "Data",
data-generator  |                 'TAG_4' AS "Tag",
data-generator  |                 'DEVICE_47' AS "Device",
data-generator  |                 random()*1 AS "Valore" from generate_series('2023-01-01',NOW(), INTERVAL '1 hour');
data-generator  |         
data-generator  |             INSERT INTO "Values" ("Date", "Tag", "Device", "Value")
data-generator  |             SELECT
data-generator  |                 generate_series AS "Data",
data-generator  |                 'TAG_5' AS "Tag",
data-generator  |                 'DEVICE_47' AS "Device",
data-generator  |                 random()*1 AS "Valore" from generate_series('2023-01-01',NOW(), INTERVAL '1 hour');
data-generator  |         
data-generator  |             INSERT INTO "Values" ("Date", "Tag", "Device", "Value")
data-generator  |             SELECT
data-generator  |                 generate_series AS "Data",
data-generator  |                 'TAG_6' AS "Tag",
data-generator  |                 'DEVICE_47' AS "Device",
data-generator  |                 random()*1 AS "Valore" from generate_series('2023-01-01',NOW(), INTERVAL '1 hour');
data-generator  |         
data-generator  |             INSERT INTO "Values" ("Date", "Tag", "Device", "Value")
data-generator  |             SELECT
data-generator  |                 generate_series AS "Data",
data-generator  |                 'TAG_7' AS "Tag",
data-generator  |                 'DEVICE_47' AS "Device",
data-generator  |                 random()*1 AS "Valore" from generate_series('2023-01-01',NOW(), INTERVAL '1 hour');
data-generator  |         
data-generator  |             INSERT INTO "Values" ("Date", "Tag", "Device", "Value")
data-generator  |             SELECT
data-generator  |                 generate_series AS "Data",
data-generator  |                 'TAG_8' AS "Tag",
data-generator  |                 'DEVICE_47' AS "Device",
data-generator  |                 random()*1 AS "Valore" from generate_series('2023-01-01',NOW(), INTERVAL '1 hour');
data-generator  |         
data-generator  |             INSERT INTO "Values" ("Date", "Tag", "Device", "Value")
data-generator  |             SELECT
data-generator  |                 generate_series AS "Data",
data-generator  |                 'TAG_9' AS "Tag",
data-generator  |                 'DEVICE_47' AS "Device",
data-generator  |                 random()*1 AS "Valore" from generate_series('2023-01-01',NOW(), INTERVAL '1 hour');
data-generator  |         
data-generator  | 		DEVICE_48
data-generator  | 			TAG_0
data-generator  | 			TAG_1
data-generator  | 			TAG_2
data-generator  | 			TAG_3
data-generator  | 			TAG_4
data-generator  | 			TAG_5
data-generator  | 			TAG_6
data-generator  | 			TAG_7
data-generator  | 			TAG_8
data-generator  | 			TAG_9
data-generator  | 
data-generator  |             INSERT INTO "Values" ("Date", "Tag", "Device", "Value")
data-generator  |             SELECT
data-generator  |                 generate_series AS "Data",
data-generator  |                 'TAG_0' AS "Tag",
data-generator  |                 'DEVICE_48' AS "Device",
data-generator  |                 random()*1 AS "Valore" from generate_series('2023-01-01',NOW(), INTERVAL '1 hour');
data-generator  |         
data-generator  |             INSERT INTO "Values" ("Date", "Tag", "Device", "Value")
data-generator  |             SELECT
data-generator  |                 generate_series AS "Data",
data-generator  |                 'TAG_1' AS "Tag",
data-generator  |                 'DEVICE_48' AS "Device",
data-generator  |                 random()*1 AS "Valore" from generate_series('2023-01-01',NOW(), INTERVAL '1 hour');
data-generator  |         
data-generator  |             INSERT INTO "Values" ("Date", "Tag", "Device", "Value")
data-generator  |             SELECT
data-generator  |                 generate_series AS "Data",
data-generator  |                 'TAG_2' AS "Tag",
data-generator  |                 'DEVICE_48' AS "Device",
data-generator  |                 random()*1 AS "Valore" from generate_series('2023-01-01',NOW(), INTERVAL '1 hour');
data-generator  |         
data-generator  |             INSERT INTO "Values" ("Date", "Tag", "Device", "Value")
data-generator  |             SELECT
data-generator  |                 generate_series AS "Data",
data-generator  |                 'TAG_3' AS "Tag",
data-generator  |                 'DEVICE_48' AS "Device",
data-generator  |                 random()*1 AS "Valore" from generate_series('2023-01-01',NOW(), INTERVAL '1 hour');
data-generator  |         
data-generator  |             INSERT INTO "Values" ("Date", "Tag", "Device", "Value")
data-generator  |             SELECT
data-generator  |                 generate_series AS "Data",
data-generator  |                 'TAG_4' AS "Tag",
data-generator  |                 'DEVICE_48' AS "Device",
data-generator  |                 random()*1 AS "Valore" from generate_series('2023-01-01',NOW(), INTERVAL '1 hour');
data-generator  |         
data-generator  |             INSERT INTO "Values" ("Date", "Tag", "Device", "Value")
data-generator  |             SELECT
data-generator  |                 generate_series AS "Data",
data-generator  |                 'TAG_5' AS "Tag",
data-generator  |                 'DEVICE_48' AS "Device",
data-generator  |                 random()*1 AS "Valore" from generate_series('2023-01-01',NOW(), INTERVAL '1 hour');
data-generator  |         
data-generator  |             INSERT INTO "Values" ("Date", "Tag", "Device", "Value")
data-generator  |             SELECT
data-generator  |                 generate_series AS "Data",
data-generator  |                 'TAG_6' AS "Tag",
data-generator  |                 'DEVICE_48' AS "Device",
data-generator  |                 random()*1 AS "Valore" from generate_series('2023-01-01',NOW(), INTERVAL '1 hour');
data-generator  |         
data-generator  |             INSERT INTO "Values" ("Date", "Tag", "Device", "Value")
data-generator  |             SELECT
data-generator  |                 generate_series AS "Data",
data-generator  |                 'TAG_7' AS "Tag",
data-generator  |                 'DEVICE_48' AS "Device",
data-generator  |                 random()*1 AS "Valore" from generate_series('2023-01-01',NOW(), INTERVAL '1 hour');
data-generator  |         
data-generator  |             INSERT INTO "Values" ("Date", "Tag", "Device", "Value")
data-generator  |             SELECT
data-generator  |                 generate_series AS "Data",
data-generator  |                 'TAG_8' AS "Tag",
data-generator  |                 'DEVICE_48' AS "Device",
data-generator  |                 random()*1 AS "Valore" from generate_series('2023-01-01',NOW(), INTERVAL '1 hour');
data-generator  |         
data-generator  |             INSERT INTO "Values" ("Date", "Tag", "Device", "Value")
data-generator  |             SELECT
data-generator  |                 generate_series AS "Data",
data-generator  |                 'TAG_9' AS "Tag",
data-generator  |                 'DEVICE_48' AS "Device",
data-generator  |                 random()*1 AS "Valore" from generate_series('2023-01-01',NOW(), INTERVAL '1 hour');
data-generator  |         
data-generator  | 		DEVICE_49
data-generator  | 			TAG_0
data-generator  | 			TAG_1
data-generator  | 			TAG_2
data-generator  | 			TAG_3
data-generator  | 			TAG_4
data-generator  | 			TAG_5
data-generator  | 			TAG_6
data-generator  | 			TAG_7
data-generator  | 			TAG_8
data-generator  | 			TAG_9
data-generator  | 
data-generator  |             INSERT INTO "Values" ("Date", "Tag", "Device", "Value")
data-generator  |             SELECT
data-generator  |                 generate_series AS "Data",
data-generator  |                 'TAG_0' AS "Tag",
data-generator  |                 'DEVICE_49' AS "Device",
data-generator  |                 random()*1 AS "Valore" from generate_series('2023-01-01',NOW(), INTERVAL '1 hour');
data-generator  |         
data-generator  |             INSERT INTO "Values" ("Date", "Tag", "Device", "Value")
data-generator  |             SELECT
data-generator  |                 generate_series AS "Data",
data-generator  |                 'TAG_1' AS "Tag",
data-generator  |                 'DEVICE_49' AS "Device",
data-generator  |                 random()*1 AS "Valore" from generate_series('2023-01-01',NOW(), INTERVAL '1 hour');
data-generator  |         
data-generator  |             INSERT INTO "Values" ("Date", "Tag", "Device", "Value")
data-generator  |             SELECT
data-generator  |                 generate_series AS "Data",
data-generator  |                 'TAG_2' AS "Tag",
data-generator  |                 'DEVICE_49' AS "Device",
data-generator  |                 random()*1 AS "Valore" from generate_series('2023-01-01',NOW(), INTERVAL '1 hour');
data-generator  |         
data-generator  |             INSERT INTO "Values" ("Date", "Tag", "Device", "Value")
data-generator  |             SELECT
data-generator  |                 generate_series AS "Data",
data-generator  |                 'TAG_3' AS "Tag",
data-generator  |                 'DEVICE_49' AS "Device",
data-generator  |                 random()*1 AS "Valore" from generate_series('2023-01-01',NOW(), INTERVAL '1 hour');
data-generator  |         
data-generator  |             INSERT INTO "Values" ("Date", "Tag", "Device", "Value")
data-generator  |             SELECT
data-generator  |                 generate_series AS "Data",
data-generator  |                 'TAG_4' AS "Tag",
data-generator  |                 'DEVICE_49' AS "Device",
data-generator  |                 random()*1 AS "Valore" from generate_series('2023-01-01',NOW(), INTERVAL '1 hour');
data-generator  |         
data-generator  |             INSERT INTO "Values" ("Date", "Tag", "Device", "Value")
data-generator  |             SELECT
data-generator  |                 generate_series AS "Data",
data-generator  |                 'TAG_5' AS "Tag",
data-generator  |                 'DEVICE_49' AS "Device",
data-generator  |                 random()*1 AS "Valore" from generate_series('2023-01-01',NOW(), INTERVAL '1 hour');
data-generator  |         
data-generator  |             INSERT INTO "Values" ("Date", "Tag", "Device", "Value")
data-generator  |             SELECT
data-generator  |                 generate_series AS "Data",
data-generator  |                 'TAG_6' AS "Tag",
data-generator  |                 'DEVICE_49' AS "Device",
data-generator  |                 random()*1 AS "Valore" from generate_series('2023-01-01',NOW(), INTERVAL '1 hour');
data-generator  |         
data-generator  |             INSERT INTO "Values" ("Date", "Tag", "Device", "Value")
data-generator  |             SELECT
data-generator  |                 generate_series AS "Data",
data-generator  |                 'TAG_7' AS "Tag",
data-generator  |                 'DEVICE_49' AS "Device",
data-generator  |                 random()*1 AS "Valore" from generate_series('2023-01-01',NOW(), INTERVAL '1 hour');
data-generator  |         
data-generator  |             INSERT INTO "Values" ("Date", "Tag", "Device", "Value")
data-generator  |             SELECT
data-generator  |                 generate_series AS "Data",
data-generator  |                 'TAG_8' AS "Tag",
data-generator  |                 'DEVICE_49' AS "Device",
data-generator  |                 random()*1 AS "Valore" from generate_series('2023-01-01',NOW(), INTERVAL '1 hour');
data-generator  |         
data-generator  |             INSERT INTO "Values" ("Date", "Tag", "Device", "Value")
data-generator  |             SELECT
data-generator  |                 generate_series AS "Data",
data-generator  |                 'TAG_9' AS "Tag",
data-generator  |                 'DEVICE_49' AS "Device",
data-generator  |                 random()*1 AS "Valore" from generate_series('2023-01-01',NOW(), INTERVAL '1 hour');
data-generator  |         

[Kdata-generator exited with code 0
